START init_A GPU 7
START init_B GPU 4
START init_C GPU 5
START gop_smoke_31 GPU 6
FINISH init_A 0
FINISH init_B 0
FINISH init_C 0
START step0_A GPU 7
START step0_B GPU 4
START step0_C GPU 5
FINISH gop_smoke_31 0
START gop_smoke_32 GPU 6
FINISH step0_A 0
FINISH step0_B 0
FINISH step0_C 0
START train_A GPU 7
START train_B GPU 4
START train_C GPU 5
FINISH gop_smoke_32 0
START RD_31_ulong_original_0 GPU 7
START RD_31_ulong_original_1 GPU 4
START RD_31_ulong_original_2 GPU 5
START RD_31_ulong_original_3 GPU 6
START RD_31_ulong_original_4 GPU 6
FINISH RD_31_ulong_original_0 0
START RD_31_ulong_original_5 GPU 7
FINISH RD_31_ulong_original_1 0
START RD_31_ulong_original_6 GPU 4
FINISH RD_31_ulong_original_2 0
START RD_31_ulong_original_7 GPU 5
FINISH RD_31_ulong_original_4 0
START RD_31_ulong_native_initial_0 GPU 6
FINISH RD_31_ulong_original_3 0
START RD_31_ulong_native_initial_1 GPU 6
FINISH RD_31_ulong_original_5 0
START RD_31_ulong_native_initial_2 GPU 7
FINISH RD_31_ulong_original_6 0
START RD_31_ulong_native_initial_3 GPU 4
FINISH RD_31_ulong_original_7 0
START RD_31_ulong_native_initial_4 GPU 5
FINISH RD_31_ulong_native_initial_2 0
START RD_31_ulong_native_initial_5 GPU 7
FINISH RD_31_ulong_native_initial_3 0
START RD_31_ulong_native_initial_6 GPU 4
FINISH RD_31_ulong_native_initial_0 0
START RD_31_ulong_native_initial_7 GPU 6
FINISH RD_31_ulong_native_initial_1 0
START RD_31_uvg_holdout_original_2 GPU 6
FINISH RD_31_ulong_native_initial_4 0
START RD_31_uvg_holdout_original_3 GPU 5
FINISH RD_31_ulong_native_initial_5 0
START RD_31_uvg_holdout_native_initial_2 GPU 7
FINISH RD_31_ulong_native_initial_6 0
START RD_31_uvg_holdout_native_initial_3 GPU 4
FINISH RD_31_uvg_holdout_original_3 0
START RD_31_hevc_b_original_0 GPU 5
FINISH RD_31_uvg_holdout_native_initial_2 0
START RD_31_hevc_b_original_1 GPU 7
FINISH RD_31_uvg_holdout_native_initial_3 0
START RD_31_hevc_b_original_2 GPU 4
FINISH RD_31_ulong_native_initial_7 0
START RD_31_hevc_b_original_3 GPU 6
FINISH RD_31_uvg_holdout_original_2 0
START RD_31_hevc_b_original_4 GPU 6
FINISH RD_31_hevc_b_original_0 0
FINISH RD_31_hevc_b_original_1 0
START RD_31_hevc_b_native_initial_0 GPU 7
START RD_31_hevc_b_native_initial_1 GPU 5
FINISH RD_31_hevc_b_original_2 0
START RD_31_hevc_b_native_initial_2 GPU 4
FINISH RD_31_hevc_b_original_3 0
START RD_31_hevc_b_native_initial_3 GPU 6
FINISH RD_31_hevc_b_original_4 0
START RD_31_hevc_b_native_initial_4 GPU 6
FINISH RD_31_hevc_b_native_initial_0 0
START RD_31_uvg_validation_original_1 GPU 7
FINISH RD_31_hevc_b_native_initial_1 0
START RD_31_uvg_validation_native_initial_1 GPU 5
FINISH RD_31_hevc_b_native_initial_2 0
START RD_32_ulong_original_0 GPU 4
FINISH RD_31_uvg_validation_original_1 0
START RD_32_ulong_original_1 GPU 7
FINISH RD_32_ulong_original_0 0
START RD_32_ulong_original_2 GPU 4
FINISH RD_31_uvg_validation_native_initial_1 0
START RD_32_ulong_original_3 GPU 5
FINISH RD_31_hevc_b_native_initial_3 0
START RD_32_ulong_original_4 GPU 6
FINISH RD_31_hevc_b_native_initial_4 0
START RD_32_ulong_original_5 GPU 6
FINISH RD_32_ulong_original_1 0
START RD_32_ulong_original_6 GPU 7
FINISH RD_32_ulong_original_2 0
START RD_32_ulong_original_7 GPU 4
FINISH RD_32_ulong_original_3 0
START RD_32_ulong_native_initial_0 GPU 5
FINISH RD_32_ulong_original_4 0
START RD_32_ulong_native_initial_1 GPU 6
FINISH RD_32_ulong_original_5 0
START RD_32_ulong_native_initial_2 GPU 6
FINISH RD_32_ulong_original_6 0
START RD_32_ulong_native_initial_3 GPU 7
FINISH RD_32_ulong_original_7 0
START RD_32_ulong_native_initial_4 GPU 4
FINISH RD_32_ulong_native_initial_0 0
START RD_32_ulong_native_initial_5 GPU 5
FINISH RD_32_ulong_native_initial_3 0
START RD_32_ulong_native_initial_6 GPU 7
START RD_32_ulong_native_initial_7 GPU 7
START RD_32_uvg_holdout_original_2 GPU 5
START RD_32_uvg_holdout_original_3 GPU 4
START RD_32_uvg_holdout_native_initial_2 GPU 6
FINISH RD_32_ulong_native_initial_1 0
START RD_32_uvg_holdout_native_initial_3 GPU 6
FINISH RD_32_ulong_native_initial_2 0
START RD_32_hevc_b_original_0 GPU 6
FINISH RD_32_ulong_native_initial_4 0
START RD_32_hevc_b_original_1 GPU 4
FINISH RD_32_ulong_native_initial_6 0
FINISH RD_32_uvg_holdout_original_3 0
START RD_32_hevc_b_original_2 GPU 7
START RD_32_hevc_b_original_3 GPU 4
FINISH RD_32_ulong_native_initial_7 0
START RD_32_hevc_b_original_4 GPU 7
FINISH RD_32_ulong_native_initial_5 0
START RD_32_hevc_b_native_initial_0 GPU 5
FINISH RD_32_uvg_holdout_original_2 0
START RD_32_hevc_b_native_initial_1 GPU 5
FINISH RD_32_uvg_holdout_native_initial_2 0
FINISH RD_32_hevc_b_original_1 0
START RD_32_hevc_b_native_initial_2 GPU 4
START RD_32_hevc_b_native_initial_3 GPU 6
FINISH RD_32_hevc_b_original_0 0
START RD_32_hevc_b_native_initial_4 GPU 6
FINISH RD_32_uvg_holdout_native_initial_3 0
START RD_32_uvg_validation_original_1 GPU 6
FINISH RD_32_hevc_b_original_2 0
FINISH RD_32_hevc_b_original_3 0
START RD_32_uvg_validation_native_initial_1 GPU 7
FINISH RD_32_hevc_b_original_4 0
FINISH RD_32_hevc_b_native_initial_2 0
FINISH RD_32_hevc_b_native_initial_0 0
FINISH RD_32_hevc_b_native_initial_1 0
FINISH RD_32_uvg_validation_native_initial_1 0
FINISH RD_32_uvg_validation_original_1 0
FINISH RD_32_hevc_b_native_initial_3 0
FINISH RD_32_hevc_b_native_initial_4 0
FINISH train_A 0
START RD_-1_ulong_A_1000_0 GPU 6
START RD_-1_ulong_A_1000_1 GPU 7
START RD_-1_ulong_A_1000_2 GPU 4
START RD_-1_ulong_A_1000_3 GPU 5
START RD_-1_ulong_A_1000_4 GPU 6
START RD_-1_ulong_A_1000_5 GPU 7
START RD_-1_ulong_A_1000_6 GPU 4
START RD_-1_ulong_A_1000_7 GPU 5
START RD_-1_uvg_holdout_A_1000_2 GPU 6
START RD_-1_uvg_holdout_A_1000_3 GPU 7
FINISH RD_-1_ulong_A_1000_2 0
FINISH RD_-1_ulong_A_1000_6 0
START RD_-1_hevc_b_A_1000_0 GPU 4
START RD_-1_hevc_b_A_1000_1 GPU 4
START RD_-1_hevc_b_A_1000_2 GPU 7
START RD_-1_hevc_b_A_1000_3 GPU 4
START RD_-1_hevc_b_A_1000_4 GPU 6
FINISH RD_-1_ulong_A_1000_7 0
FINISH RD_-1_ulong_A_1000_3 0
FINISH RD_-1_ulong_A_1000_1 0
START RD_-1_uvg_validation_A_1000_1 GPU 7
FINISH RD_-1_uvg_holdout_A_1000_3 0
START RD_31_ulong_A_1000_0 GPU 7
FINISH RD_-1_ulong_A_1000_0 0
FINISH RD_-1_ulong_A_1000_4 0
FINISH RD_-1_ulong_A_1000_5 0
START RD_31_ulong_A_1000_1 GPU 7
START RD_31_ulong_A_1000_2 GPU 6
START RD_31_ulong_A_1000_3 GPU 6
FINISH RD_-1_uvg_holdout_A_1000_2 0
START RD_31_ulong_A_1000_4 GPU 6
FINISH RD_-1_hevc_b_A_1000_1 0
START RD_31_ulong_A_1000_5 GPU 4
FINISH RD_-1_hevc_b_A_1000_0 0
START RD_31_ulong_A_1000_6 GPU 4
FINISH RD_-1_hevc_b_A_1000_3 0
START RD_31_ulong_A_1000_7 GPU 4
FINISH RD_-1_hevc_b_A_1000_2 0
START RD_31_uvg_holdout_A_1000_2 GPU 7
FINISH RD_-1_hevc_b_A_1000_4 0
START RD_31_uvg_holdout_A_1000_3 GPU 6
FINISH RD_-1_uvg_validation_A_1000_1 0
START RD_31_hevc_b_A_1000_0 GPU 7
FINISH RD_31_ulong_A_1000_0 0
FINISH RD_31_ulong_A_1000_2 0
START RD_31_hevc_b_A_1000_1 GPU 7
START RD_31_hevc_b_A_1000_2 GPU 6
FINISH RD_31_ulong_A_1000_1 0
START RD_31_hevc_b_A_1000_3 GPU 7
FINISH RD_31_ulong_A_1000_3 0
START RD_31_hevc_b_A_1000_4 GPU 6
FINISH RD_31_ulong_A_1000_4 0
START RD_31_uvg_validation_A_1000_1 GPU 6
FINISH RD_31_ulong_A_1000_5 0
START RD_32_ulong_A_1000_0 GPU 4
FINISH RD_31_ulong_A_1000_6 0
START RD_32_ulong_A_1000_1 GPU 4
FINISH RD_31_ulong_A_1000_7 0
START RD_32_ulong_A_1000_2 GPU 4
FINISH RD_31_uvg_holdout_A_1000_2 0
START RD_32_ulong_A_1000_3 GPU 7
FINISH RD_31_uvg_holdout_A_1000_3 0
START RD_32_ulong_A_1000_4 GPU 6
FINISH RD_31_hevc_b_A_1000_0 0
START RD_32_ulong_A_1000_5 GPU 7
FINISH RD_31_hevc_b_A_1000_1 0
FINISH RD_31_hevc_b_A_1000_2 0
START RD_32_ulong_A_1000_6 GPU 7
START RD_32_ulong_A_1000_7 GPU 6
FINISH RD_31_hevc_b_A_1000_3 0
FINISH RD_31_hevc_b_A_1000_4 0
START RD_32_uvg_holdout_A_1000_2 GPU 7
START RD_32_uvg_holdout_A_1000_3 GPU 6
FINISH RD_31_uvg_validation_A_1000_1 0
START RD_32_hevc_b_A_1000_0 GPU 6
FINISH RD_32_ulong_A_1000_0 0
START RD_32_hevc_b_A_1000_1 GPU 4
FINISH RD_32_ulong_A_1000_1 0
START RD_32_hevc_b_A_1000_2 GPU 4
FINISH RD_32_ulong_A_1000_2 0
START RD_32_hevc_b_A_1000_3 GPU 4
FINISH RD_32_ulong_A_1000_3 0
START RD_32_hevc_b_A_1000_4 GPU 7
FINISH RD_32_ulong_A_1000_4 0
START RD_32_uvg_validation_A_1000_1 GPU 6
FINISH RD_32_ulong_A_1000_5 0
FINISH train_B 0
FINISH RD_32_ulong_A_1000_6 0
FINISH RD_32_ulong_A_1000_7 0
START RD_-1_ulong_B_1000_0 GPU 7
START RD_-1_ulong_B_1000_1 GPU 6
START RD_-1_ulong_B_1000_2 GPU 4
START RD_-1_ulong_B_1000_3 GPU 7
FINISH RD_32_uvg_holdout_A_1000_3 0
START RD_-1_ulong_B_1000_4 GPU 6
FINISH RD_32_uvg_holdout_A_1000_2 0
START RD_-1_ulong_B_1000_5 GPU 7
FINISH RD_32_hevc_b_A_1000_0 0
START RD_-1_ulong_B_1000_6 GPU 6
FINISH RD_32_hevc_b_A_1000_1 0
START RD_-1_ulong_B_1000_7 GPU 4
FINISH RD_32_hevc_b_A_1000_2 0
START RD_-1_uvg_holdout_B_1000_2 GPU 4
FINISH RD_32_hevc_b_A_1000_3 0
START RD_-1_uvg_holdout_B_1000_3 GPU 4
FINISH train_C 0
START RD_-1_ulong_C_1000_0 GPU 5
START RD_-1_ulong_C_1000_1 GPU 5
START RD_-1_ulong_C_1000_2 GPU 5
START RD_-1_ulong_C_1000_3 GPU 5
FINISH RD_32_hevc_b_A_1000_4 0
START RD_-1_ulong_C_1000_4 GPU 7
FINISH RD_32_uvg_validation_A_1000_1 0
START RD_-1_ulong_C_1000_5 GPU 6
FINISH RD_-1_ulong_B_1000_2 0
START RD_-1_ulong_C_1000_6 GPU 4
FINISH RD_-1_ulong_B_1000_1 0
FINISH RD_-1_ulong_B_1000_3 0
START RD_-1_ulong_C_1000_7 GPU 7
START RD_-1_uvg_holdout_C_1000_2 GPU 6
FINISH RD_-1_ulong_B_1000_4 0
START RD_-1_uvg_holdout_C_1000_3 GPU 6
FINISH RD_-1_ulong_B_1000_0 0
START RD_-1_hevc_b_B_1000_0 GPU 7
FINISH RD_-1_ulong_B_1000_5 0
START RD_-1_hevc_b_B_1000_1 GPU 7
FINISH RD_-1_ulong_B_1000_6 0
START RD_-1_hevc_b_B_1000_2 GPU 6
FINISH RD_-1_ulong_B_1000_7 0
START RD_-1_hevc_b_B_1000_3 GPU 4
FINISH RD_-1_uvg_holdout_B_1000_2 0
START RD_-1_hevc_b_B_1000_4 GPU 4
FINISH RD_-1_uvg_holdout_B_1000_3 0
START RD_-1_hevc_b_C_1000_0 GPU 4
FINISH RD_-1_ulong_C_1000_2 0
START RD_-1_hevc_b_C_1000_1 GPU 5
FINISH RD_-1_ulong_C_1000_0 0
FINISH RD_-1_ulong_C_1000_1 0
START RD_-1_hevc_b_C_1000_2 GPU 5
START RD_-1_hevc_b_C_1000_3 GPU 5
FINISH RD_-1_ulong_C_1000_3 0
START RD_-1_hevc_b_C_1000_4 GPU 5
FINISH RD_-1_ulong_C_1000_4 0
START RD_-1_uvg_validation_B_1000_1 GPU 7
FINISH RD_-1_ulong_C_1000_5 0
START RD_-1_uvg_validation_C_1000_1 GPU 6
FINISH RD_-1_ulong_C_1000_6 0
FINISH RD_-1_ulong_C_1000_7 0
START RD_31_ulong_B_1000_0 GPU 4
START RD_31_ulong_B_1000_1 GPU 7
FINISH RD_-1_uvg_holdout_C_1000_2 0
START RD_31_ulong_B_1000_2 GPU 6
FINISH RD_-1_hevc_b_B_1000_0 0
START RD_31_ulong_B_1000_3 GPU 7
FINISH RD_-1_uvg_holdout_C_1000_3 0
START RD_31_ulong_B_1000_4 GPU 6
FINISH RD_-1_hevc_b_B_1000_1 0
START RD_31_ulong_B_1000_5 GPU 7
FINISH RD_-1_hevc_b_B_1000_2 0
START RD_31_ulong_B_1000_6 GPU 6
FINISH RD_-1_hevc_b_B_1000_3 0
START RD_31_ulong_B_1000_7 GPU 4
FINISH RD_-1_hevc_b_B_1000_4 0
START RD_31_ulong_C_1000_0 GPU 4
FINISH RD_-1_hevc_b_C_1000_0 0
START RD_31_ulong_C_1000_1 GPU 4
FINISH RD_-1_hevc_b_C_1000_1 0
START RD_31_ulong_C_1000_2 GPU 5
FINISH RD_-1_hevc_b_C_1000_3 0
START RD_31_ulong_C_1000_3 GPU 5
FINISH RD_-1_hevc_b_C_1000_2 0
START RD_31_ulong_C_1000_4 GPU 5
FINISH RD_-1_hevc_b_C_1000_4 0
FINISH RD_-1_uvg_validation_B_1000_1 0
START RD_31_ulong_C_1000_5 GPU 5
START RD_31_ulong_C_1000_6 GPU 7
FINISH RD_-1_uvg_validation_C_1000_1 0
START RD_31_ulong_C_1000_7 GPU 6
FINISH RD_31_ulong_B_1000_1 0
START RD_31_uvg_holdout_B_1000_2 GPU 7
FINISH RD_31_ulong_B_1000_0 0
START RD_31_uvg_holdout_B_1000_3 GPU 4
FINISH RD_31_ulong_B_1000_2 0
START RD_31_uvg_holdout_C_1000_2 GPU 6
FINISH RD_31_ulong_B_1000_3 0
START RD_31_uvg_holdout_C_1000_3 GPU 7
FINISH RD_31_ulong_B_1000_4 0
FINISH RD_31_ulong_B_1000_5 0
START RD_31_hevc_b_B_1000_0 GPU 7
START RD_31_hevc_b_B_1000_1 GPU 6
FINISH RD_31_ulong_B_1000_6 0
START RD_31_hevc_b_B_1000_2 GPU 6
FINISH RD_31_ulong_B_1000_7 0
START RD_31_hevc_b_B_1000_3 GPU 4
FINISH RD_31_ulong_C_1000_0 0
START RD_31_hevc_b_B_1000_4 GPU 4
FINISH RD_31_ulong_C_1000_1 0
START RD_31_hevc_b_C_1000_0 GPU 4
FINISH RD_31_ulong_C_1000_6 0
START RD_31_hevc_b_C_1000_1 GPU 7
FINISH RD_31_ulong_C_1000_2 0
START RD_31_hevc_b_C_1000_2 GPU 5
FINISH RD_31_ulong_C_1000_7 0
FINISH RD_31_uvg_holdout_B_1000_2 0
START RD_31_hevc_b_C_1000_3 GPU 6
START RD_31_hevc_b_C_1000_4 GPU 7
FINISH RD_31_uvg_holdout_B_1000_3 0
FINISH RD_31_uvg_holdout_C_1000_2 0
START RD_31_uvg_validation_B_1000_1 GPU 6
START RD_31_uvg_validation_C_1000_1 GPU 4
FINISH RD_31_uvg_holdout_C_1000_3 0
START RD_32_ulong_B_1000_0 GPU 7
FINISH RD_31_hevc_b_B_1000_1 0
START RD_32_ulong_B_1000_1 GPU 6
FINISH RD_31_ulong_C_1000_3 0
FINISH RD_31_hevc_b_B_1000_0 0
START RD_32_ulong_B_1000_2 GPU 7
START RD_32_ulong_B_1000_3 GPU 5
FINISH RD_31_ulong_C_1000_4 0
FINISH RD_31_hevc_b_B_1000_2 0
START RD_32_ulong_B_1000_4 GPU 5
START RD_32_ulong_B_1000_5 GPU 6
FINISH RD_31_ulong_C_1000_5 0
START RD_32_ulong_B_1000_6 GPU 5
FINISH RD_31_hevc_b_B_1000_3 0
START RD_32_ulong_B_1000_7 GPU 4
FINISH RD_31_hevc_b_B_1000_4 0
START RD_32_ulong_C_1000_0 GPU 4
FINISH RD_31_hevc_b_C_1000_0 0
START RD_32_ulong_C_1000_1 GPU 4
FINISH RD_31_hevc_b_C_1000_1 0
START RD_32_ulong_C_1000_2 GPU 7
FINISH RD_31_hevc_b_C_1000_4 0
START RD_32_ulong_C_1000_3 GPU 7
FINISH RD_31_hevc_b_C_1000_3 0
START RD_32_ulong_C_1000_4 GPU 6
FINISH RD_31_uvg_validation_B_1000_1 0
START RD_32_ulong_C_1000_5 GPU 6
FINISH RD_32_ulong_B_1000_0 0
START RD_32_ulong_C_1000_6 GPU 7
FINISH RD_31_uvg_validation_C_1000_1 0
FINISH RD_32_ulong_B_1000_2 0
START RD_32_ulong_C_1000_7 GPU 7
START RD_32_uvg_holdout_B_1000_2 GPU 4
FINISH RD_32_ulong_B_1000_1 0
START RD_32_uvg_holdout_B_1000_3 GPU 6
FINISH RD_32_ulong_B_1000_5 0
START RD_32_uvg_holdout_C_1000_2 GPU 6
FINISH RD_31_hevc_b_C_1000_2 0
START RD_32_uvg_holdout_C_1000_3 GPU 5
FINISH RD_32_ulong_B_1000_3 0
START RD_32_hevc_b_B_1000_0 GPU 5
FINISH RD_32_ulong_B_1000_4 0
START RD_32_hevc_b_B_1000_1 GPU 5
FINISH RD_32_ulong_B_1000_6 0
START RD_32_hevc_b_B_1000_2 GPU 5
FINISH RD_32_ulong_B_1000_7 0
START RD_32_hevc_b_B_1000_3 GPU 4
FINISH RD_32_ulong_C_1000_0 0
START RD_32_hevc_b_B_1000_4 GPU 4
FINISH RD_32_ulong_C_1000_1 0
START RD_32_hevc_b_C_1000_0 GPU 4
FINISH RD_32_ulong_C_1000_2 0
START RD_32_hevc_b_C_1000_1 GPU 7
FINISH RD_32_ulong_C_1000_3 0
START RD_32_hevc_b_C_1000_2 GPU 7
FINISH RD_32_ulong_C_1000_4 0
START RD_32_hevc_b_C_1000_3 GPU 6
FINISH RD_32_ulong_C_1000_6 0
START RD_32_hevc_b_C_1000_4 GPU 7
FINISH RD_32_ulong_C_1000_5 0
FINISH RD_32_ulong_C_1000_7 0
START RD_32_uvg_validation_B_1000_1 GPU 7
START RD_32_uvg_validation_C_1000_1 GPU 6
FINISH RD_32_uvg_holdout_B_1000_2 0
FINISH RD_32_uvg_holdout_B_1000_3 0
FINISH RD_32_uvg_holdout_C_1000_2 0
FINISH RD_32_hevc_b_B_1000_3 0
FINISH RD_32_hevc_b_B_1000_4 0
FINISH RD_32_hevc_b_C_1000_0 0
FINISH RD_32_uvg_holdout_C_1000_3 0
FINISH RD_32_hevc_b_B_1000_0 0
FINISH RD_32_hevc_b_B_1000_1 0
FINISH RD_32_hevc_b_B_1000_2 0
FINISH RD_32_hevc_b_C_1000_3 0
FINISH RD_32_uvg_validation_C_1000_1 0
FINISH RD_32_hevc_b_C_1000_1 0
FINISH RD_32_hevc_b_C_1000_2 0
FINISH RD_32_hevc_b_C_1000_4 0
FINISH RD_32_uvg_validation_B_1000_1 0
Traceback (most recent call last):
  File "/Huang_group/zyyz/Projects/GVC-RT/experiments/gvcrt_neural_wrapper_v6_21_reference_length_loss_gop_control/run_pipeline.py", line 116, in <module>
    try:main()
        ^^^^^^
  File "/Huang_group/zyyz/Projects/GVC-RT/experiments/gvcrt_neural_wrapper_v6_21_reference_length_loss_gop_control/run_pipeline.py", line 113, in main
    assert passed(ROOT/'final_integrity.json');status('publication');cpu('publish_github.py');pub=load(ROOT/'publication_status.json');assert pub['status']=='PASS'
                                                                     ^^^^^^^^^^^^^^^^^^^^^^^^
  File "/Huang_group/zyyz/Projects/GVC-RT/experiments/gvcrt_neural_wrapper_v6_21_reference_length_loss_gop_control/run_pipeline.py", line 18, in cpu
    with (ROOT/'logs'/f'{Path(script).stem}.log').open('a') as f:subprocess.run(cmd,cwd=REPO,stdout=f,stderr=subprocess.STDOUT,check=True)
                                                                 ^^^^^^^^^^^^^^^^^^^^^^^^^^^^^^^^^^^^^^^^^^^^^^^^^^^^^^^^^^^^^^^^^^^^^^^^^
  File "/Huang_group/zyyz/home_dir/.conda/envs/gvc-rt/lib/python3.12/subprocess.py", line 571, in run
    raise CalledProcessError(retcode, process.args,
subprocess.CalledProcessError: Command '['/Huang_group/zyyz/home_dir/.conda/envs/gvc-rt/bin/python', '-B', '-u', '/Huang_group/zyyz/Projects/GVC-RT/experiments/gvcrt_neural_wrapper_v6_21_reference_length_loss_gop_control/publish_github.py']' returned non-zero exit status 1.
