cannot import cuda implementation for inference, fallback to pytorch.
/Huang_group/zyyz/home_dir/.conda/envs/gvc-rt/lib/python3.12/site-packages/torchvision/models/_utils.py:208: UserWarning: The parameter 'pretrained' is deprecated since 0.13 and may be removed in the future, please use 'weights' instead.
  warnings.warn(
/Huang_group/zyyz/home_dir/.conda/envs/gvc-rt/lib/python3.12/site-packages/torchvision/models/_utils.py:223: UserWarning: Arguments other than a weight enum or `None` for 'weights' are deprecated since 0.13 and may be removed in the future. The current behavior is equivalent to passing `weights=AlexNet_Weights.IMAGENET1K_V1`. You can also use `weights=AlexNet_Weights.DEFAULT` to get the most up-to-date weights.
  warnings.warn(msg)
/Huang_group/zyyz/home_dir/.conda/envs/gvc-rt/lib/python3.12/site-packages/torchvision/models/_utils.py:223: UserWarning: Arguments other than a weight enum or `None` for 'weights' are deprecated since 0.13 and may be removed in the future. The current behavior is equivalent to passing `weights=VGG16_Weights.IMAGENET1K_V1`. You can also use `weights=VGG16_Weights.DEFAULT` to get the most up-to-date weights.
  warnings.warn(msg)
[DMCI] Loading pretrained Encoder from /Huang_group/zyyz/Projects/GVC-RT/checkpoints/GVC-RT_I.pt...
==> [DMCI] Attempting full model load from: /Huang_group/zyyz/Projects/GVC-RT/checkpoints/GVC-RT_I.pt
    ⚠️ [WARNING] No 'ema' or 'student' key. Using default state_dict...
-------------------------------------------------------
Sub-Module                | Parameters Loaded
-------------------------------------------------------
enc (Encoder)             | 74         ✅
dec (Latent Dec)          | 120        ✅
recon (Recon Head)        | 212        ✅
entropy (Prior/Hyper)     | 190        ✅
-------------------------------------------------------
==> [DMCI] Full Load Finished.
[DMCI] Loading pretrained Encoder from /Huang_group/zyyz/Projects/GVC-RT/checkpoints/GVC-RT_I.pt...
==> [DMCI] Attempting full model load from: /Huang_group/zyyz/Projects/GVC-RT/checkpoints/GVC-RT_I.pt
    ⚠️ [WARNING] No 'ema' or 'student' key. Using default state_dict...
-------------------------------------------------------
Sub-Module                | Parameters Loaded
-------------------------------------------------------
enc (Encoder)             | 74         ✅
dec (Latent Dec)          | 120        ✅
recon (Recon Head)        | 212        ✅
entropy (Prior/Hyper)     | 190        ✅
-------------------------------------------------------
==> [DMCI] Full Load Finished.
[DMCI] Loading pretrained Encoder from /Huang_group/zyyz/Projects/GVC-RT/checkpoints/GVC-RT_I.pt...
==> [DMCI] Attempting full model load from: /Huang_group/zyyz/Projects/GVC-RT/checkpoints/GVC-RT_I.pt
    ⚠️ [WARNING] No 'ema' or 'student' key. Using default state_dict...
-------------------------------------------------------
Sub-Module                | Parameters Loaded
-------------------------------------------------------
enc (Encoder)             | 74         ✅
dec (Latent Dec)          | 120        ✅
recon (Recon Head)        | 212        ✅
entropy (Prior/Hyper)     | 190        ✅
-------------------------------------------------------
==> [DMCI] Full Load Finished.
DONE 32 ulong native_initial 6 0 seconds 51.19957113265991 peak 4994.0
[DMCI] Loading pretrained Encoder from /Huang_group/zyyz/Projects/GVC-RT/checkpoints/GVC-RT_I.pt...
==> [DMCI] Attempting full model load from: /Huang_group/zyyz/Projects/GVC-RT/checkpoints/GVC-RT_I.pt
    ⚠️ [WARNING] No 'ema' or 'student' key. Using default state_dict...
-------------------------------------------------------
Sub-Module                | Parameters Loaded
-------------------------------------------------------
enc (Encoder)             | 74         ✅
dec (Latent Dec)          | 120        ✅
recon (Recon Head)        | 212        ✅
entropy (Prior/Hyper)     | 190        ✅
-------------------------------------------------------
==> [DMCI] Full Load Finished.
[DMCI] Loading pretrained Encoder from /Huang_group/zyyz/Projects/GVC-RT/checkpoints/GVC-RT_I.pt...
==> [DMCI] Attempting full model load from: /Huang_group/zyyz/Projects/GVC-RT/checkpoints/GVC-RT_I.pt
    ⚠️ [WARNING] No 'ema' or 'student' key. Using default state_dict...
-------------------------------------------------------
Sub-Module                | Parameters Loaded
-------------------------------------------------------
enc (Encoder)             | 74         ✅
dec (Latent Dec)          | 120        ✅
recon (Recon Head)        | 212        ✅
entropy (Prior/Hyper)     | 190        ✅
-------------------------------------------------------
==> [DMCI] Full Load Finished.
[DMCI] Loading pretrained Encoder from /Huang_group/zyyz/Projects/GVC-RT/checkpoints/GVC-RT_I.pt...
==> [DMCI] Attempting full model load from: /Huang_group/zyyz/Projects/GVC-RT/checkpoints/GVC-RT_I.pt
    ⚠️ [WARNING] No 'ema' or 'student' key. Using default state_dict...
-------------------------------------------------------
Sub-Module                | Parameters Loaded
-------------------------------------------------------
enc (Encoder)             | 74         ✅
dec (Latent Dec)          | 120        ✅
recon (Recon Head)        | 212        ✅
entropy (Prior/Hyper)     | 190        ✅
-------------------------------------------------------
==> [DMCI] Full Load Finished.
DONE 32 ulong native_initial 6 1 seconds 60.391775369644165 peak 4998.0
[DMCI] Loading pretrained Encoder from /Huang_group/zyyz/Projects/GVC-RT/checkpoints/GVC-RT_I.pt...
==> [DMCI] Attempting full model load from: /Huang_group/zyyz/Projects/GVC-RT/checkpoints/GVC-RT_I.pt
    ⚠️ [WARNING] No 'ema' or 'student' key. Using default state_dict...
-------------------------------------------------------
Sub-Module                | Parameters Loaded
-------------------------------------------------------
enc (Encoder)             | 74         ✅
dec (Latent Dec)          | 120        ✅
recon (Recon Head)        | 212        ✅
entropy (Prior/Hyper)     | 190        ✅
-------------------------------------------------------
==> [DMCI] Full Load Finished.
[DMCI] Loading pretrained Encoder from /Huang_group/zyyz/Projects/GVC-RT/checkpoints/GVC-RT_I.pt...
==> [DMCI] Attempting full model load from: /Huang_group/zyyz/Projects/GVC-RT/checkpoints/GVC-RT_I.pt
    ⚠️ [WARNING] No 'ema' or 'student' key. Using default state_dict...
-------------------------------------------------------
Sub-Module                | Parameters Loaded
-------------------------------------------------------
enc (Encoder)             | 74         ✅
dec (Latent Dec)          | 120        ✅
recon (Recon Head)        | 212        ✅
entropy (Prior/Hyper)     | 190        ✅
-------------------------------------------------------
==> [DMCI] Full Load Finished.
[DMCI] Loading pretrained Encoder from /Huang_group/zyyz/Projects/GVC-RT/checkpoints/GVC-RT_I.pt...
==> [DMCI] Attempting full model load from: /Huang_group/zyyz/Projects/GVC-RT/checkpoints/GVC-RT_I.pt
    ⚠️ [WARNING] No 'ema' or 'student' key. Using default state_dict...
-------------------------------------------------------
Sub-Module                | Parameters Loaded
-------------------------------------------------------
enc (Encoder)             | 74         ✅
dec (Latent Dec)          | 120        ✅
recon (Recon Head)        | 212        ✅
entropy (Prior/Hyper)     | 190        ✅
-------------------------------------------------------
==> [DMCI] Full Load Finished.
DONE 32 ulong native_initial 6 2 seconds 62.12173771858215 peak 5056.0
[DMCI] Loading pretrained Encoder from /Huang_group/zyyz/Projects/GVC-RT/checkpoints/GVC-RT_I.pt...
==> [DMCI] Attempting full model load from: /Huang_group/zyyz/Projects/GVC-RT/checkpoints/GVC-RT_I.pt
    ⚠️ [WARNING] No 'ema' or 'student' key. Using default state_dict...
-------------------------------------------------------
Sub-Module                | Parameters Loaded
-------------------------------------------------------
enc (Encoder)             | 74         ✅
dec (Latent Dec)          | 120        ✅
recon (Recon Head)        | 212        ✅
entropy (Prior/Hyper)     | 190        ✅
-------------------------------------------------------
==> [DMCI] Full Load Finished.
[DMCI] Loading pretrained Encoder from /Huang_group/zyyz/Projects/GVC-RT/checkpoints/GVC-RT_I.pt...
==> [DMCI] Attempting full model load from: /Huang_group/zyyz/Projects/GVC-RT/checkpoints/GVC-RT_I.pt
    ⚠️ [WARNING] No 'ema' or 'student' key. Using default state_dict...
-------------------------------------------------------
Sub-Module                | Parameters Loaded
-------------------------------------------------------
enc (Encoder)             | 74         ✅
dec (Latent Dec)          | 120        ✅
recon (Recon Head)        | 212        ✅
entropy (Prior/Hyper)     | 190        ✅
-------------------------------------------------------
==> [DMCI] Full Load Finished.
[DMCI] Loading pretrained Encoder from /Huang_group/zyyz/Projects/GVC-RT/checkpoints/GVC-RT_I.pt...
==> [DMCI] Attempting full model load from: /Huang_group/zyyz/Projects/GVC-RT/checkpoints/GVC-RT_I.pt
    ⚠️ [WARNING] No 'ema' or 'student' key. Using default state_dict...
-------------------------------------------------------
Sub-Module                | Parameters Loaded
-------------------------------------------------------
enc (Encoder)             | 74         ✅
dec (Latent Dec)          | 120        ✅
recon (Recon Head)        | 212        ✅
entropy (Prior/Hyper)     | 190        ✅
-------------------------------------------------------
==> [DMCI] Full Load Finished.
DONE 32 ulong native_initial 6 3 seconds 58.82952260971069 peak 5096.0
[DMCI] Loading pretrained Encoder from /Huang_group/zyyz/Projects/GVC-RT/checkpoints/GVC-RT_I.pt...
==> [DMCI] Attempting full model load from: /Huang_group/zyyz/Projects/GVC-RT/checkpoints/GVC-RT_I.pt
    ⚠️ [WARNING] No 'ema' or 'student' key. Using default state_dict...
-------------------------------------------------------
Sub-Module                | Parameters Loaded
-------------------------------------------------------
enc (Encoder)             | 74         ✅
dec (Latent Dec)          | 120        ✅
recon (Recon Head)        | 212        ✅
entropy (Prior/Hyper)     | 190        ✅
-------------------------------------------------------
==> [DMCI] Full Load Finished.
[DMCI] Loading pretrained Encoder from /Huang_group/zyyz/Projects/GVC-RT/checkpoints/GVC-RT_I.pt...
==> [DMCI] Attempting full model load from: /Huang_group/zyyz/Projects/GVC-RT/checkpoints/GVC-RT_I.pt
    ⚠️ [WARNING] No 'ema' or 'student' key. Using default state_dict...
-------------------------------------------------------
Sub-Module                | Parameters Loaded
-------------------------------------------------------
enc (Encoder)             | 74         ✅
dec (Latent Dec)          | 120        ✅
recon (Recon Head)        | 212        ✅
entropy (Prior/Hyper)     | 190        ✅
-------------------------------------------------------
==> [DMCI] Full Load Finished.
[DMCI] Loading pretrained Encoder from /Huang_group/zyyz/Projects/GVC-RT/checkpoints/GVC-RT_I.pt...
==> [DMCI] Attempting full model load from: /Huang_group/zyyz/Projects/GVC-RT/checkpoints/GVC-RT_I.pt
    ⚠️ [WARNING] No 'ema' or 'student' key. Using default state_dict...
-------------------------------------------------------
Sub-Module                | Parameters Loaded
-------------------------------------------------------
enc (Encoder)             | 74         ✅
dec (Latent Dec)          | 120        ✅
recon (Recon Head)        | 212        ✅
entropy (Prior/Hyper)     | 190        ✅
-------------------------------------------------------
==> [DMCI] Full Load Finished.
DONE 32 ulong native_initial 6 4 seconds 63.56395101547241 peak 5096.0
[DMCI] Loading pretrained Encoder from /Huang_group/zyyz/Projects/GVC-RT/checkpoints/GVC-RT_I.pt...
==> [DMCI] Attempting full model load from: /Huang_group/zyyz/Projects/GVC-RT/checkpoints/GVC-RT_I.pt
    ⚠️ [WARNING] No 'ema' or 'student' key. Using default state_dict...
-------------------------------------------------------
Sub-Module                | Parameters Loaded
-------------------------------------------------------
enc (Encoder)             | 74         ✅
dec (Latent Dec)          | 120        ✅
recon (Recon Head)        | 212        ✅
entropy (Prior/Hyper)     | 190        ✅
-------------------------------------------------------
==> [DMCI] Full Load Finished.
[DMCI] Loading pretrained Encoder from /Huang_group/zyyz/Projects/GVC-RT/checkpoints/GVC-RT_I.pt...
==> [DMCI] Attempting full model load from: /Huang_group/zyyz/Projects/GVC-RT/checkpoints/GVC-RT_I.pt
    ⚠️ [WARNING] No 'ema' or 'student' key. Using default state_dict...
-------------------------------------------------------
Sub-Module                | Parameters Loaded
-------------------------------------------------------
enc (Encoder)             | 74         ✅
dec (Latent Dec)          | 120        ✅
recon (Recon Head)        | 212        ✅
entropy (Prior/Hyper)     | 190        ✅
-------------------------------------------------------
==> [DMCI] Full Load Finished.
[DMCI] Loading pretrained Encoder from /Huang_group/zyyz/Projects/GVC-RT/checkpoints/GVC-RT_I.pt...
==> [DMCI] Attempting full model load from: /Huang_group/zyyz/Projects/GVC-RT/checkpoints/GVC-RT_I.pt
    ⚠️ [WARNING] No 'ema' or 'student' key. Using default state_dict...
-------------------------------------------------------
Sub-Module                | Parameters Loaded
-------------------------------------------------------
enc (Encoder)             | 74         ✅
dec (Latent Dec)          | 120        ✅
recon (Recon Head)        | 212        ✅
entropy (Prior/Hyper)     | 190        ✅
-------------------------------------------------------
==> [DMCI] Full Load Finished.
DONE 32 ulong native_initial 6 5 seconds 60.39282941818237 peak 5096.0
[DMCI] Loading pretrained Encoder from /Huang_group/zyyz/Projects/GVC-RT/checkpoints/GVC-RT_I.pt...
==> [DMCI] Attempting full model load from: /Huang_group/zyyz/Projects/GVC-RT/checkpoints/GVC-RT_I.pt
    ⚠️ [WARNING] No 'ema' or 'student' key. Using default state_dict...
-------------------------------------------------------
Sub-Module                | Parameters Loaded
-------------------------------------------------------
enc (Encoder)             | 74         ✅
dec (Latent Dec)          | 120        ✅
recon (Recon Head)        | 212        ✅
entropy (Prior/Hyper)     | 190        ✅
-------------------------------------------------------
==> [DMCI] Full Load Finished.
[DMCI] Loading pretrained Encoder from /Huang_group/zyyz/Projects/GVC-RT/checkpoints/GVC-RT_I.pt...
==> [DMCI] Attempting full model load from: /Huang_group/zyyz/Projects/GVC-RT/checkpoints/GVC-RT_I.pt
    ⚠️ [WARNING] No 'ema' or 'student' key. Using default state_dict...
-------------------------------------------------------
Sub-Module                | Parameters Loaded
-------------------------------------------------------
enc (Encoder)             | 74         ✅
dec (Latent Dec)          | 120        ✅
recon (Recon Head)        | 212        ✅
entropy (Prior/Hyper)     | 190        ✅
-------------------------------------------------------
==> [DMCI] Full Load Finished.
[DMCI] Loading pretrained Encoder from /Huang_group/zyyz/Projects/GVC-RT/checkpoints/GVC-RT_I.pt...
==> [DMCI] Attempting full model load from: /Huang_group/zyyz/Projects/GVC-RT/checkpoints/GVC-RT_I.pt
    ⚠️ [WARNING] No 'ema' or 'student' key. Using default state_dict...
-------------------------------------------------------
Sub-Module                | Parameters Loaded
-------------------------------------------------------
enc (Encoder)             | 74         ✅
dec (Latent Dec)          | 120        ✅
recon (Recon Head)        | 212        ✅
entropy (Prior/Hyper)     | 190        ✅
-------------------------------------------------------
==> [DMCI] Full Load Finished.
DONE 32 ulong native_initial 6 6 seconds 61.720804929733276 peak 5096.0
[DMCI] Loading pretrained Encoder from /Huang_group/zyyz/Projects/GVC-RT/checkpoints/GVC-RT_I.pt...
==> [DMCI] Attempting full model load from: /Huang_group/zyyz/Projects/GVC-RT/checkpoints/GVC-RT_I.pt
    ⚠️ [WARNING] No 'ema' or 'student' key. Using default state_dict...
-------------------------------------------------------
Sub-Module                | Parameters Loaded
-------------------------------------------------------
enc (Encoder)             | 74         ✅
dec (Latent Dec)          | 120        ✅
recon (Recon Head)        | 212        ✅
entropy (Prior/Hyper)     | 190        ✅
-------------------------------------------------------
==> [DMCI] Full Load Finished.
[DMCI] Loading pretrained Encoder from /Huang_group/zyyz/Projects/GVC-RT/checkpoints/GVC-RT_I.pt...
==> [DMCI] Attempting full model load from: /Huang_group/zyyz/Projects/GVC-RT/checkpoints/GVC-RT_I.pt
    ⚠️ [WARNING] No 'ema' or 'student' key. Using default state_dict...
-------------------------------------------------------
Sub-Module                | Parameters Loaded
-------------------------------------------------------
enc (Encoder)             | 74         ✅
dec (Latent Dec)          | 120        ✅
recon (Recon Head)        | 212        ✅
entropy (Prior/Hyper)     | 190        ✅
-------------------------------------------------------
==> [DMCI] Full Load Finished.
[DMCI] Loading pretrained Encoder from /Huang_group/zyyz/Projects/GVC-RT/checkpoints/GVC-RT_I.pt...
==> [DMCI] Attempting full model load from: /Huang_group/zyyz/Projects/GVC-RT/checkpoints/GVC-RT_I.pt
    ⚠️ [WARNING] No 'ema' or 'student' key. Using default state_dict...
-------------------------------------------------------
Sub-Module                | Parameters Loaded
-------------------------------------------------------
enc (Encoder)             | 74         ✅
dec (Latent Dec)          | 120        ✅
recon (Recon Head)        | 212        ✅
entropy (Prior/Hyper)     | 190        ✅
-------------------------------------------------------
==> [DMCI] Full Load Finished.
DONE 32 ulong native_initial 6 7 seconds 62.78618049621582 peak 5096.0
[DMCI] Loading pretrained Encoder from /Huang_group/zyyz/Projects/GVC-RT/checkpoints/GVC-RT_I.pt...
==> [DMCI] Attempting full model load from: /Huang_group/zyyz/Projects/GVC-RT/checkpoints/GVC-RT_I.pt
    ⚠️ [WARNING] No 'ema' or 'student' key. Using default state_dict...
-------------------------------------------------------
Sub-Module                | Parameters Loaded
-------------------------------------------------------
enc (Encoder)             | 74         ✅
dec (Latent Dec)          | 120        ✅
recon (Recon Head)        | 212        ✅
entropy (Prior/Hyper)     | 190        ✅
-------------------------------------------------------
==> [DMCI] Full Load Finished.
[DMCI] Loading pretrained Encoder from /Huang_group/zyyz/Projects/GVC-RT/checkpoints/GVC-RT_I.pt...
==> [DMCI] Attempting full model load from: /Huang_group/zyyz/Projects/GVC-RT/checkpoints/GVC-RT_I.pt
    ⚠️ [WARNING] No 'ema' or 'student' key. Using default state_dict...
-------------------------------------------------------
Sub-Module                | Parameters Loaded
-------------------------------------------------------
enc (Encoder)             | 74         ✅
dec (Latent Dec)          | 120        ✅
recon (Recon Head)        | 212        ✅
entropy (Prior/Hyper)     | 190        ✅
-------------------------------------------------------
==> [DMCI] Full Load Finished.
[DMCI] Loading pretrained Encoder from /Huang_group/zyyz/Projects/GVC-RT/checkpoints/GVC-RT_I.pt...
==> [DMCI] Attempting full model load from: /Huang_group/zyyz/Projects/GVC-RT/checkpoints/GVC-RT_I.pt
    ⚠️ [WARNING] No 'ema' or 'student' key. Using default state_dict...
-------------------------------------------------------
Sub-Module                | Parameters Loaded
-------------------------------------------------------
enc (Encoder)             | 74         ✅
dec (Latent Dec)          | 120        ✅
recon (Recon Head)        | 212        ✅
entropy (Prior/Hyper)     | 190        ✅
-------------------------------------------------------
==> [DMCI] Full Load Finished.
DONE 32 ulong native_initial 6 8 seconds 60.63232374191284 peak 5096.0
[DMCI] Loading pretrained Encoder from /Huang_group/zyyz/Projects/GVC-RT/checkpoints/GVC-RT_I.pt...
==> [DMCI] Attempting full model load from: /Huang_group/zyyz/Projects/GVC-RT/checkpoints/GVC-RT_I.pt
    ⚠️ [WARNING] No 'ema' or 'student' key. Using default state_dict...
-------------------------------------------------------
Sub-Module                | Parameters Loaded
-------------------------------------------------------
enc (Encoder)             | 74         ✅
dec (Latent Dec)          | 120        ✅
recon (Recon Head)        | 212        ✅
entropy (Prior/Hyper)     | 190        ✅
-------------------------------------------------------
==> [DMCI] Full Load Finished.
[DMCI] Loading pretrained Encoder from /Huang_group/zyyz/Projects/GVC-RT/checkpoints/GVC-RT_I.pt...
==> [DMCI] Attempting full model load from: /Huang_group/zyyz/Projects/GVC-RT/checkpoints/GVC-RT_I.pt
    ⚠️ [WARNING] No 'ema' or 'student' key. Using default state_dict...
-------------------------------------------------------
Sub-Module                | Parameters Loaded
-------------------------------------------------------
enc (Encoder)             | 74         ✅
dec (Latent Dec)          | 120        ✅
recon (Recon Head)        | 212        ✅
entropy (Prior/Hyper)     | 190        ✅
-------------------------------------------------------
==> [DMCI] Full Load Finished.
[DMCI] Loading pretrained Encoder from /Huang_group/zyyz/Projects/GVC-RT/checkpoints/GVC-RT_I.pt...
==> [DMCI] Attempting full model load from: /Huang_group/zyyz/Projects/GVC-RT/checkpoints/GVC-RT_I.pt
    ⚠️ [WARNING] No 'ema' or 'student' key. Using default state_dict...
-------------------------------------------------------
Sub-Module                | Parameters Loaded
-------------------------------------------------------
enc (Encoder)             | 74         ✅
dec (Latent Dec)          | 120        ✅
recon (Recon Head)        | 212        ✅
entropy (Prior/Hyper)     | 190        ✅
-------------------------------------------------------
==> [DMCI] Full Load Finished.
DONE 32 ulong native_initial 6 9 seconds 61.9094672203064 peak 5096.0
