cannot import cuda implementation for inference, fallback to pytorch.
/Huang_group/zyyz/home_dir/.conda/envs/gvc-rt/lib/python3.12/site-packages/torchvision/models/_utils.py:208: UserWarning: The parameter 'pretrained' is deprecated since 0.13 and may be removed in the future, please use 'weights' instead.
  warnings.warn(
/Huang_group/zyyz/home_dir/.conda/envs/gvc-rt/lib/python3.12/site-packages/torchvision/models/_utils.py:223: UserWarning: Arguments other than a weight enum or `None` for 'weights' are deprecated since 0.13 and may be removed in the future. The current behavior is equivalent to passing `weights=AlexNet_Weights.IMAGENET1K_V1`. You can also use `weights=AlexNet_Weights.DEFAULT` to get the most up-to-date weights.
  warnings.warn(msg)
/Huang_group/zyyz/home_dir/.conda/envs/gvc-rt/lib/python3.12/site-packages/torchvision/models/_utils.py:223: UserWarning: Arguments other than a weight enum or `None` for 'weights' are deprecated since 0.13 and may be removed in the future. The current behavior is equivalent to passing `weights=VGG16_Weights.IMAGENET1K_V1`. You can also use `weights=VGG16_Weights.DEFAULT` to get the most up-to-date weights.
  warnings.warn(msg)
[DMCI] Loading pretrained Encoder from /Huang_group/zyyz/Projects/GVC-RT/checkpoints/GVC-RT_I.pt...
==> [DMCI] Attempting full model load from: /Huang_group/zyyz/Projects/GVC-RT/checkpoints/GVC-RT_I.pt
    ⚠️ [WARNING] No 'ema' or 'student' key. Using default state_dict...
-------------------------------------------------------
Sub-Module                | Parameters Loaded
-------------------------------------------------------
enc (Encoder)             | 74         ✅
dec (Latent Dec)          | 120        ✅
recon (Recon Head)        | 212        ✅
entropy (Prior/Hyper)     | 190        ✅
-------------------------------------------------------
==> [DMCI] Full Load Finished.
[DMCI] Loading pretrained Encoder from /Huang_group/zyyz/Projects/GVC-RT/checkpoints/GVC-RT_I.pt...
==> [DMCI] Attempting full model load from: /Huang_group/zyyz/Projects/GVC-RT/checkpoints/GVC-RT_I.pt
    ⚠️ [WARNING] No 'ema' or 'student' key. Using default state_dict...
-------------------------------------------------------
Sub-Module                | Parameters Loaded
-------------------------------------------------------
enc (Encoder)             | 74         ✅
dec (Latent Dec)          | 120        ✅
recon (Recon Head)        | 212        ✅
entropy (Prior/Hyper)     | 190        ✅
-------------------------------------------------------
==> [DMCI] Full Load Finished.
[DMCI] Loading pretrained Encoder from /Huang_group/zyyz/Projects/GVC-RT/checkpoints/GVC-RT_I.pt...
==> [DMCI] Attempting full model load from: /Huang_group/zyyz/Projects/GVC-RT/checkpoints/GVC-RT_I.pt
    ⚠️ [WARNING] No 'ema' or 'student' key. Using default state_dict...
-------------------------------------------------------
Sub-Module                | Parameters Loaded
-------------------------------------------------------
enc (Encoder)             | 74         ✅
dec (Latent Dec)          | 120        ✅
recon (Recon Head)        | 212        ✅
entropy (Prior/Hyper)     | 190        ✅
-------------------------------------------------------
==> [DMCI] Full Load Finished.
DONE 32 hevc_b B_1000 2 0 seconds 131.49189686775208 peak 4994.0
[DMCI] Loading pretrained Encoder from /Huang_group/zyyz/Projects/GVC-RT/checkpoints/GVC-RT_I.pt...
==> [DMCI] Attempting full model load from: /Huang_group/zyyz/Projects/GVC-RT/checkpoints/GVC-RT_I.pt
    ⚠️ [WARNING] No 'ema' or 'student' key. Using default state_dict...
-------------------------------------------------------
Sub-Module                | Parameters Loaded
-------------------------------------------------------
enc (Encoder)             | 74         ✅
dec (Latent Dec)          | 120        ✅
recon (Recon Head)        | 212        ✅
entropy (Prior/Hyper)     | 190        ✅
-------------------------------------------------------
==> [DMCI] Full Load Finished.
[DMCI] Loading pretrained Encoder from /Huang_group/zyyz/Projects/GVC-RT/checkpoints/GVC-RT_I.pt...
==> [DMCI] Attempting full model load from: /Huang_group/zyyz/Projects/GVC-RT/checkpoints/GVC-RT_I.pt
    ⚠️ [WARNING] No 'ema' or 'student' key. Using default state_dict...
-------------------------------------------------------
Sub-Module                | Parameters Loaded
-------------------------------------------------------
enc (Encoder)             | 74         ✅
dec (Latent Dec)          | 120        ✅
recon (Recon Head)        | 212        ✅
entropy (Prior/Hyper)     | 190        ✅
-------------------------------------------------------
==> [DMCI] Full Load Finished.
[DMCI] Loading pretrained Encoder from /Huang_group/zyyz/Projects/GVC-RT/checkpoints/GVC-RT_I.pt...
==> [DMCI] Attempting full model load from: /Huang_group/zyyz/Projects/GVC-RT/checkpoints/GVC-RT_I.pt
    ⚠️ [WARNING] No 'ema' or 'student' key. Using default state_dict...
-------------------------------------------------------
Sub-Module                | Parameters Loaded
-------------------------------------------------------
enc (Encoder)             | 74         ✅
dec (Latent Dec)          | 120        ✅
recon (Recon Head)        | 212        ✅
entropy (Prior/Hyper)     | 190        ✅
-------------------------------------------------------
==> [DMCI] Full Load Finished.
DONE 32 hevc_b B_1000 2 1 seconds 130.53710174560547 peak 4998.0
[DMCI] Loading pretrained Encoder from /Huang_group/zyyz/Projects/GVC-RT/checkpoints/GVC-RT_I.pt...
==> [DMCI] Attempting full model load from: /Huang_group/zyyz/Projects/GVC-RT/checkpoints/GVC-RT_I.pt
    ⚠️ [WARNING] No 'ema' or 'student' key. Using default state_dict...
-------------------------------------------------------
Sub-Module                | Parameters Loaded
-------------------------------------------------------
enc (Encoder)             | 74         ✅
dec (Latent Dec)          | 120        ✅
recon (Recon Head)        | 212        ✅
entropy (Prior/Hyper)     | 190        ✅
-------------------------------------------------------
==> [DMCI] Full Load Finished.
[DMCI] Loading pretrained Encoder from /Huang_group/zyyz/Projects/GVC-RT/checkpoints/GVC-RT_I.pt...
==> [DMCI] Attempting full model load from: /Huang_group/zyyz/Projects/GVC-RT/checkpoints/GVC-RT_I.pt
    ⚠️ [WARNING] No 'ema' or 'student' key. Using default state_dict...
-------------------------------------------------------
Sub-Module                | Parameters Loaded
-------------------------------------------------------
enc (Encoder)             | 74         ✅
dec (Latent Dec)          | 120        ✅
recon (Recon Head)        | 212        ✅
entropy (Prior/Hyper)     | 190        ✅
-------------------------------------------------------
==> [DMCI] Full Load Finished.
[DMCI] Loading pretrained Encoder from /Huang_group/zyyz/Projects/GVC-RT/checkpoints/GVC-RT_I.pt...
==> [DMCI] Attempting full model load from: /Huang_group/zyyz/Projects/GVC-RT/checkpoints/GVC-RT_I.pt
    ⚠️ [WARNING] No 'ema' or 'student' key. Using default state_dict...
-------------------------------------------------------
Sub-Module                | Parameters Loaded
-------------------------------------------------------
enc (Encoder)             | 74         ✅
dec (Latent Dec)          | 120        ✅
recon (Recon Head)        | 212        ✅
entropy (Prior/Hyper)     | 190        ✅
-------------------------------------------------------
==> [DMCI] Full Load Finished.
DONE 32 hevc_b B_1000 2 2 seconds 129.93413877487183 peak 5056.0
[DMCI] Loading pretrained Encoder from /Huang_group/zyyz/Projects/GVC-RT/checkpoints/GVC-RT_I.pt...
==> [DMCI] Attempting full model load from: /Huang_group/zyyz/Projects/GVC-RT/checkpoints/GVC-RT_I.pt
    ⚠️ [WARNING] No 'ema' or 'student' key. Using default state_dict...
-------------------------------------------------------
Sub-Module                | Parameters Loaded
-------------------------------------------------------
enc (Encoder)             | 74         ✅
dec (Latent Dec)          | 120        ✅
recon (Recon Head)        | 212        ✅
entropy (Prior/Hyper)     | 190        ✅
-------------------------------------------------------
==> [DMCI] Full Load Finished.
[DMCI] Loading pretrained Encoder from /Huang_group/zyyz/Projects/GVC-RT/checkpoints/GVC-RT_I.pt...
==> [DMCI] Attempting full model load from: /Huang_group/zyyz/Projects/GVC-RT/checkpoints/GVC-RT_I.pt
    ⚠️ [WARNING] No 'ema' or 'student' key. Using default state_dict...
-------------------------------------------------------
Sub-Module                | Parameters Loaded
-------------------------------------------------------
enc (Encoder)             | 74         ✅
dec (Latent Dec)          | 120        ✅
recon (Recon Head)        | 212        ✅
entropy (Prior/Hyper)     | 190        ✅
-------------------------------------------------------
==> [DMCI] Full Load Finished.
[DMCI] Loading pretrained Encoder from /Huang_group/zyyz/Projects/GVC-RT/checkpoints/GVC-RT_I.pt...
==> [DMCI] Attempting full model load from: /Huang_group/zyyz/Projects/GVC-RT/checkpoints/GVC-RT_I.pt
    ⚠️ [WARNING] No 'ema' or 'student' key. Using default state_dict...
-------------------------------------------------------
Sub-Module                | Parameters Loaded
-------------------------------------------------------
enc (Encoder)             | 74         ✅
dec (Latent Dec)          | 120        ✅
recon (Recon Head)        | 212        ✅
entropy (Prior/Hyper)     | 190        ✅
-------------------------------------------------------
==> [DMCI] Full Load Finished.
DONE 32 hevc_b B_1000 2 3 seconds 129.2383589744568 peak 5096.0
[DMCI] Loading pretrained Encoder from /Huang_group/zyyz/Projects/GVC-RT/checkpoints/GVC-RT_I.pt...
==> [DMCI] Attempting full model load from: /Huang_group/zyyz/Projects/GVC-RT/checkpoints/GVC-RT_I.pt
    ⚠️ [WARNING] No 'ema' or 'student' key. Using default state_dict...
-------------------------------------------------------
Sub-Module                | Parameters Loaded
-------------------------------------------------------
enc (Encoder)             | 74         ✅
dec (Latent Dec)          | 120        ✅
recon (Recon Head)        | 212        ✅
entropy (Prior/Hyper)     | 190        ✅
-------------------------------------------------------
==> [DMCI] Full Load Finished.
[DMCI] Loading pretrained Encoder from /Huang_group/zyyz/Projects/GVC-RT/checkpoints/GVC-RT_I.pt...
==> [DMCI] Attempting full model load from: /Huang_group/zyyz/Projects/GVC-RT/checkpoints/GVC-RT_I.pt
    ⚠️ [WARNING] No 'ema' or 'student' key. Using default state_dict...
-------------------------------------------------------
Sub-Module                | Parameters Loaded
-------------------------------------------------------
enc (Encoder)             | 74         ✅
dec (Latent Dec)          | 120        ✅
recon (Recon Head)        | 212        ✅
entropy (Prior/Hyper)     | 190        ✅
-------------------------------------------------------
==> [DMCI] Full Load Finished.
[DMCI] Loading pretrained Encoder from /Huang_group/zyyz/Projects/GVC-RT/checkpoints/GVC-RT_I.pt...
==> [DMCI] Attempting full model load from: /Huang_group/zyyz/Projects/GVC-RT/checkpoints/GVC-RT_I.pt
    ⚠️ [WARNING] No 'ema' or 'student' key. Using default state_dict...
-------------------------------------------------------
Sub-Module                | Parameters Loaded
-------------------------------------------------------
enc (Encoder)             | 74         ✅
dec (Latent Dec)          | 120        ✅
recon (Recon Head)        | 212        ✅
entropy (Prior/Hyper)     | 190        ✅
-------------------------------------------------------
==> [DMCI] Full Load Finished.
DONE 32 hevc_b B_1000 2 4 seconds 128.75340056419373 peak 5096.0
[DMCI] Loading pretrained Encoder from /Huang_group/zyyz/Projects/GVC-RT/checkpoints/GVC-RT_I.pt...
==> [DMCI] Attempting full model load from: /Huang_group/zyyz/Projects/GVC-RT/checkpoints/GVC-RT_I.pt
    ⚠️ [WARNING] No 'ema' or 'student' key. Using default state_dict...
-------------------------------------------------------
Sub-Module                | Parameters Loaded
-------------------------------------------------------
enc (Encoder)             | 74         ✅
dec (Latent Dec)          | 120        ✅
recon (Recon Head)        | 212        ✅
entropy (Prior/Hyper)     | 190        ✅
-------------------------------------------------------
==> [DMCI] Full Load Finished.
[DMCI] Loading pretrained Encoder from /Huang_group/zyyz/Projects/GVC-RT/checkpoints/GVC-RT_I.pt...
==> [DMCI] Attempting full model load from: /Huang_group/zyyz/Projects/GVC-RT/checkpoints/GVC-RT_I.pt
    ⚠️ [WARNING] No 'ema' or 'student' key. Using default state_dict...
-------------------------------------------------------
Sub-Module                | Parameters Loaded
-------------------------------------------------------
enc (Encoder)             | 74         ✅
dec (Latent Dec)          | 120        ✅
recon (Recon Head)        | 212        ✅
entropy (Prior/Hyper)     | 190        ✅
-------------------------------------------------------
==> [DMCI] Full Load Finished.
[DMCI] Loading pretrained Encoder from /Huang_group/zyyz/Projects/GVC-RT/checkpoints/GVC-RT_I.pt...
==> [DMCI] Attempting full model load from: /Huang_group/zyyz/Projects/GVC-RT/checkpoints/GVC-RT_I.pt
    ⚠️ [WARNING] No 'ema' or 'student' key. Using default state_dict...
-------------------------------------------------------
Sub-Module                | Parameters Loaded
-------------------------------------------------------
enc (Encoder)             | 74         ✅
dec (Latent Dec)          | 120        ✅
recon (Recon Head)        | 212        ✅
entropy (Prior/Hyper)     | 190        ✅
-------------------------------------------------------
==> [DMCI] Full Load Finished.
DONE 32 hevc_b B_1000 2 5 seconds 128.80529499053955 peak 5096.0
[DMCI] Loading pretrained Encoder from /Huang_group/zyyz/Projects/GVC-RT/checkpoints/GVC-RT_I.pt...
==> [DMCI] Attempting full model load from: /Huang_group/zyyz/Projects/GVC-RT/checkpoints/GVC-RT_I.pt
    ⚠️ [WARNING] No 'ema' or 'student' key. Using default state_dict...
-------------------------------------------------------
Sub-Module                | Parameters Loaded
-------------------------------------------------------
enc (Encoder)             | 74         ✅
dec (Latent Dec)          | 120        ✅
recon (Recon Head)        | 212        ✅
entropy (Prior/Hyper)     | 190        ✅
-------------------------------------------------------
==> [DMCI] Full Load Finished.
[DMCI] Loading pretrained Encoder from /Huang_group/zyyz/Projects/GVC-RT/checkpoints/GVC-RT_I.pt...
==> [DMCI] Attempting full model load from: /Huang_group/zyyz/Projects/GVC-RT/checkpoints/GVC-RT_I.pt
    ⚠️ [WARNING] No 'ema' or 'student' key. Using default state_dict...
-------------------------------------------------------
Sub-Module                | Parameters Loaded
-------------------------------------------------------
enc (Encoder)             | 74         ✅
dec (Latent Dec)          | 120        ✅
recon (Recon Head)        | 212        ✅
entropy (Prior/Hyper)     | 190        ✅
-------------------------------------------------------
==> [DMCI] Full Load Finished.
[DMCI] Loading pretrained Encoder from /Huang_group/zyyz/Projects/GVC-RT/checkpoints/GVC-RT_I.pt...
==> [DMCI] Attempting full model load from: /Huang_group/zyyz/Projects/GVC-RT/checkpoints/GVC-RT_I.pt
    ⚠️ [WARNING] No 'ema' or 'student' key. Using default state_dict...
-------------------------------------------------------
Sub-Module                | Parameters Loaded
-------------------------------------------------------
enc (Encoder)             | 74         ✅
dec (Latent Dec)          | 120        ✅
recon (Recon Head)        | 212        ✅
entropy (Prior/Hyper)     | 190        ✅
-------------------------------------------------------
==> [DMCI] Full Load Finished.
DONE 32 hevc_b B_1000 2 6 seconds 129.85330033302307 peak 5096.0
[DMCI] Loading pretrained Encoder from /Huang_group/zyyz/Projects/GVC-RT/checkpoints/GVC-RT_I.pt...
==> [DMCI] Attempting full model load from: /Huang_group/zyyz/Projects/GVC-RT/checkpoints/GVC-RT_I.pt
    ⚠️ [WARNING] No 'ema' or 'student' key. Using default state_dict...
-------------------------------------------------------
Sub-Module                | Parameters Loaded
-------------------------------------------------------
enc (Encoder)             | 74         ✅
dec (Latent Dec)          | 120        ✅
recon (Recon Head)        | 212        ✅
entropy (Prior/Hyper)     | 190        ✅
-------------------------------------------------------
==> [DMCI] Full Load Finished.
[DMCI] Loading pretrained Encoder from /Huang_group/zyyz/Projects/GVC-RT/checkpoints/GVC-RT_I.pt...
==> [DMCI] Attempting full model load from: /Huang_group/zyyz/Projects/GVC-RT/checkpoints/GVC-RT_I.pt
    ⚠️ [WARNING] No 'ema' or 'student' key. Using default state_dict...
-------------------------------------------------------
Sub-Module                | Parameters Loaded
-------------------------------------------------------
enc (Encoder)             | 74         ✅
dec (Latent Dec)          | 120        ✅
recon (Recon Head)        | 212        ✅
entropy (Prior/Hyper)     | 190        ✅
-------------------------------------------------------
==> [DMCI] Full Load Finished.
[DMCI] Loading pretrained Encoder from /Huang_group/zyyz/Projects/GVC-RT/checkpoints/GVC-RT_I.pt...
==> [DMCI] Attempting full model load from: /Huang_group/zyyz/Projects/GVC-RT/checkpoints/GVC-RT_I.pt
    ⚠️ [WARNING] No 'ema' or 'student' key. Using default state_dict...
-------------------------------------------------------
Sub-Module                | Parameters Loaded
-------------------------------------------------------
enc (Encoder)             | 74         ✅
dec (Latent Dec)          | 120        ✅
recon (Recon Head)        | 212        ✅
entropy (Prior/Hyper)     | 190        ✅
-------------------------------------------------------
==> [DMCI] Full Load Finished.
DONE 32 hevc_b B_1000 2 7 seconds 128.6142327785492 peak 5096.0
[DMCI] Loading pretrained Encoder from /Huang_group/zyyz/Projects/GVC-RT/checkpoints/GVC-RT_I.pt...
==> [DMCI] Attempting full model load from: /Huang_group/zyyz/Projects/GVC-RT/checkpoints/GVC-RT_I.pt
    ⚠️ [WARNING] No 'ema' or 'student' key. Using default state_dict...
-------------------------------------------------------
Sub-Module                | Parameters Loaded
-------------------------------------------------------
enc (Encoder)             | 74         ✅
dec (Latent Dec)          | 120        ✅
recon (Recon Head)        | 212        ✅
entropy (Prior/Hyper)     | 190        ✅
-------------------------------------------------------
==> [DMCI] Full Load Finished.
[DMCI] Loading pretrained Encoder from /Huang_group/zyyz/Projects/GVC-RT/checkpoints/GVC-RT_I.pt...
==> [DMCI] Attempting full model load from: /Huang_group/zyyz/Projects/GVC-RT/checkpoints/GVC-RT_I.pt
    ⚠️ [WARNING] No 'ema' or 'student' key. Using default state_dict...
-------------------------------------------------------
Sub-Module                | Parameters Loaded
-------------------------------------------------------
enc (Encoder)             | 74         ✅
dec (Latent Dec)          | 120        ✅
recon (Recon Head)        | 212        ✅
entropy (Prior/Hyper)     | 190        ✅
-------------------------------------------------------
==> [DMCI] Full Load Finished.
[DMCI] Loading pretrained Encoder from /Huang_group/zyyz/Projects/GVC-RT/checkpoints/GVC-RT_I.pt...
==> [DMCI] Attempting full model load from: /Huang_group/zyyz/Projects/GVC-RT/checkpoints/GVC-RT_I.pt
    ⚠️ [WARNING] No 'ema' or 'student' key. Using default state_dict...
-------------------------------------------------------
Sub-Module                | Parameters Loaded
-------------------------------------------------------
enc (Encoder)             | 74         ✅
dec (Latent Dec)          | 120        ✅
recon (Recon Head)        | 212        ✅
entropy (Prior/Hyper)     | 190        ✅
-------------------------------------------------------
==> [DMCI] Full Load Finished.
DONE 32 hevc_b B_1000 2 8 seconds 128.98478889465332 peak 5096.0
[DMCI] Loading pretrained Encoder from /Huang_group/zyyz/Projects/GVC-RT/checkpoints/GVC-RT_I.pt...
==> [DMCI] Attempting full model load from: /Huang_group/zyyz/Projects/GVC-RT/checkpoints/GVC-RT_I.pt
    ⚠️ [WARNING] No 'ema' or 'student' key. Using default state_dict...
-------------------------------------------------------
Sub-Module                | Parameters Loaded
-------------------------------------------------------
enc (Encoder)             | 74         ✅
dec (Latent Dec)          | 120        ✅
recon (Recon Head)        | 212        ✅
entropy (Prior/Hyper)     | 190        ✅
-------------------------------------------------------
==> [DMCI] Full Load Finished.
[DMCI] Loading pretrained Encoder from /Huang_group/zyyz/Projects/GVC-RT/checkpoints/GVC-RT_I.pt...
==> [DMCI] Attempting full model load from: /Huang_group/zyyz/Projects/GVC-RT/checkpoints/GVC-RT_I.pt
    ⚠️ [WARNING] No 'ema' or 'student' key. Using default state_dict...
-------------------------------------------------------
Sub-Module                | Parameters Loaded
-------------------------------------------------------
enc (Encoder)             | 74         ✅
dec (Latent Dec)          | 120        ✅
recon (Recon Head)        | 212        ✅
entropy (Prior/Hyper)     | 190        ✅
-------------------------------------------------------
==> [DMCI] Full Load Finished.
[DMCI] Loading pretrained Encoder from /Huang_group/zyyz/Projects/GVC-RT/checkpoints/GVC-RT_I.pt...
==> [DMCI] Attempting full model load from: /Huang_group/zyyz/Projects/GVC-RT/checkpoints/GVC-RT_I.pt
    ⚠️ [WARNING] No 'ema' or 'student' key. Using default state_dict...
-------------------------------------------------------
Sub-Module                | Parameters Loaded
-------------------------------------------------------
enc (Encoder)             | 74         ✅
dec (Latent Dec)          | 120        ✅
recon (Recon Head)        | 212        ✅
entropy (Prior/Hyper)     | 190        ✅
-------------------------------------------------------
==> [DMCI] Full Load Finished.
DONE 32 hevc_b B_1000 2 9 seconds 85.70686340332031 peak 5096.0
