cannot import cuda implementation for inference, fallback to pytorch.
/Huang_group/zyyz/home_dir/.conda/envs/gvc-rt/lib/python3.12/site-packages/torchvision/models/_utils.py:208: UserWarning: The parameter 'pretrained' is deprecated since 0.13 and may be removed in the future, please use 'weights' instead.
  warnings.warn(
/Huang_group/zyyz/home_dir/.conda/envs/gvc-rt/lib/python3.12/site-packages/torchvision/models/_utils.py:223: UserWarning: Arguments other than a weight enum or `None` for 'weights' are deprecated since 0.13 and may be removed in the future. The current behavior is equivalent to passing `weights=AlexNet_Weights.IMAGENET1K_V1`. You can also use `weights=AlexNet_Weights.DEFAULT` to get the most up-to-date weights.
  warnings.warn(msg)
/Huang_group/zyyz/home_dir/.conda/envs/gvc-rt/lib/python3.12/site-packages/torchvision/models/_utils.py:223: UserWarning: Arguments other than a weight enum or `None` for 'weights' are deprecated since 0.13 and may be removed in the future. The current behavior is equivalent to passing `weights=VGG16_Weights.IMAGENET1K_V1`. You can also use `weights=VGG16_Weights.DEFAULT` to get the most up-to-date weights.
  warnings.warn(msg)
[DMCI] Loading pretrained Encoder from /Huang_group/zyyz/Projects/GVC-RT/checkpoints/GVC-RT_I.pt...
==> [DMCI] Attempting full model load from: /Huang_group/zyyz/Projects/GVC-RT/checkpoints/GVC-RT_I.pt
    ⚠️ [WARNING] No 'ema' or 'student' key. Using default state_dict...
-------------------------------------------------------
Sub-Module                | Parameters Loaded
-------------------------------------------------------
enc (Encoder)             | 74         ✅
dec (Latent Dec)          | 120        ✅
recon (Recon Head)        | 212        ✅
entropy (Prior/Hyper)     | 190        ✅
-------------------------------------------------------
==> [DMCI] Full Load Finished.
[DMCI] Loading pretrained Encoder from /Huang_group/zyyz/Projects/GVC-RT/checkpoints/GVC-RT_I.pt...
==> [DMCI] Attempting full model load from: /Huang_group/zyyz/Projects/GVC-RT/checkpoints/GVC-RT_I.pt
    ⚠️ [WARNING] No 'ema' or 'student' key. Using default state_dict...
-------------------------------------------------------
Sub-Module                | Parameters Loaded
-------------------------------------------------------
enc (Encoder)             | 74         ✅
dec (Latent Dec)          | 120        ✅
recon (Recon Head)        | 212        ✅
entropy (Prior/Hyper)     | 190        ✅
-------------------------------------------------------
==> [DMCI] Full Load Finished.
[DMCI] Loading pretrained Encoder from /Huang_group/zyyz/Projects/GVC-RT/checkpoints/GVC-RT_I.pt...
==> [DMCI] Attempting full model load from: /Huang_group/zyyz/Projects/GVC-RT/checkpoints/GVC-RT_I.pt
    ⚠️ [WARNING] No 'ema' or 'student' key. Using default state_dict...
-------------------------------------------------------
Sub-Module                | Parameters Loaded
-------------------------------------------------------
enc (Encoder)             | 74         ✅
dec (Latent Dec)          | 120        ✅
recon (Recon Head)        | 212        ✅
entropy (Prior/Hyper)     | 190        ✅
-------------------------------------------------------
==> [DMCI] Full Load Finished.
DONE 31 ulong native_initial 6 0 seconds 44.22706842422485 peak 5088.0
[DMCI] Loading pretrained Encoder from /Huang_group/zyyz/Projects/GVC-RT/checkpoints/GVC-RT_I.pt...
==> [DMCI] Attempting full model load from: /Huang_group/zyyz/Projects/GVC-RT/checkpoints/GVC-RT_I.pt
    ⚠️ [WARNING] No 'ema' or 'student' key. Using default state_dict...
-------------------------------------------------------
Sub-Module                | Parameters Loaded
-------------------------------------------------------
enc (Encoder)             | 74         ✅
dec (Latent Dec)          | 120        ✅
recon (Recon Head)        | 212        ✅
entropy (Prior/Hyper)     | 190        ✅
-------------------------------------------------------
==> [DMCI] Full Load Finished.
[DMCI] Loading pretrained Encoder from /Huang_group/zyyz/Projects/GVC-RT/checkpoints/GVC-RT_I.pt...
==> [DMCI] Attempting full model load from: /Huang_group/zyyz/Projects/GVC-RT/checkpoints/GVC-RT_I.pt
    ⚠️ [WARNING] No 'ema' or 'student' key. Using default state_dict...
-------------------------------------------------------
Sub-Module                | Parameters Loaded
-------------------------------------------------------
enc (Encoder)             | 74         ✅
dec (Latent Dec)          | 120        ✅
recon (Recon Head)        | 212        ✅
entropy (Prior/Hyper)     | 190        ✅
-------------------------------------------------------
==> [DMCI] Full Load Finished.
[DMCI] Loading pretrained Encoder from /Huang_group/zyyz/Projects/GVC-RT/checkpoints/GVC-RT_I.pt...
==> [DMCI] Attempting full model load from: /Huang_group/zyyz/Projects/GVC-RT/checkpoints/GVC-RT_I.pt
    ⚠️ [WARNING] No 'ema' or 'student' key. Using default state_dict...
-------------------------------------------------------
Sub-Module                | Parameters Loaded
-------------------------------------------------------
enc (Encoder)             | 74         ✅
dec (Latent Dec)          | 120        ✅
recon (Recon Head)        | 212        ✅
entropy (Prior/Hyper)     | 190        ✅
-------------------------------------------------------
==> [DMCI] Full Load Finished.
DONE 31 ulong native_initial 6 1 seconds 43.804535150527954 peak 5088.0
[DMCI] Loading pretrained Encoder from /Huang_group/zyyz/Projects/GVC-RT/checkpoints/GVC-RT_I.pt...
==> [DMCI] Attempting full model load from: /Huang_group/zyyz/Projects/GVC-RT/checkpoints/GVC-RT_I.pt
    ⚠️ [WARNING] No 'ema' or 'student' key. Using default state_dict...
-------------------------------------------------------
Sub-Module                | Parameters Loaded
-------------------------------------------------------
enc (Encoder)             | 74         ✅
dec (Latent Dec)          | 120        ✅
recon (Recon Head)        | 212        ✅
entropy (Prior/Hyper)     | 190        ✅
-------------------------------------------------------
==> [DMCI] Full Load Finished.
[DMCI] Loading pretrained Encoder from /Huang_group/zyyz/Projects/GVC-RT/checkpoints/GVC-RT_I.pt...
==> [DMCI] Attempting full model load from: /Huang_group/zyyz/Projects/GVC-RT/checkpoints/GVC-RT_I.pt
    ⚠️ [WARNING] No 'ema' or 'student' key. Using default state_dict...
-------------------------------------------------------
Sub-Module                | Parameters Loaded
-------------------------------------------------------
enc (Encoder)             | 74         ✅
dec (Latent Dec)          | 120        ✅
recon (Recon Head)        | 212        ✅
entropy (Prior/Hyper)     | 190        ✅
-------------------------------------------------------
==> [DMCI] Full Load Finished.
[DMCI] Loading pretrained Encoder from /Huang_group/zyyz/Projects/GVC-RT/checkpoints/GVC-RT_I.pt...
==> [DMCI] Attempting full model load from: /Huang_group/zyyz/Projects/GVC-RT/checkpoints/GVC-RT_I.pt
    ⚠️ [WARNING] No 'ema' or 'student' key. Using default state_dict...
-------------------------------------------------------
Sub-Module                | Parameters Loaded
-------------------------------------------------------
enc (Encoder)             | 74         ✅
dec (Latent Dec)          | 120        ✅
recon (Recon Head)        | 212        ✅
entropy (Prior/Hyper)     | 190        ✅
-------------------------------------------------------
==> [DMCI] Full Load Finished.
DONE 31 ulong native_initial 6 2 seconds 43.995524406433105 peak 5088.0
[DMCI] Loading pretrained Encoder from /Huang_group/zyyz/Projects/GVC-RT/checkpoints/GVC-RT_I.pt...
==> [DMCI] Attempting full model load from: /Huang_group/zyyz/Projects/GVC-RT/checkpoints/GVC-RT_I.pt
    ⚠️ [WARNING] No 'ema' or 'student' key. Using default state_dict...
-------------------------------------------------------
Sub-Module                | Parameters Loaded
-------------------------------------------------------
enc (Encoder)             | 74         ✅
dec (Latent Dec)          | 120        ✅
recon (Recon Head)        | 212        ✅
entropy (Prior/Hyper)     | 190        ✅
-------------------------------------------------------
==> [DMCI] Full Load Finished.
[DMCI] Loading pretrained Encoder from /Huang_group/zyyz/Projects/GVC-RT/checkpoints/GVC-RT_I.pt...
==> [DMCI] Attempting full model load from: /Huang_group/zyyz/Projects/GVC-RT/checkpoints/GVC-RT_I.pt
    ⚠️ [WARNING] No 'ema' or 'student' key. Using default state_dict...
-------------------------------------------------------
Sub-Module                | Parameters Loaded
-------------------------------------------------------
enc (Encoder)             | 74         ✅
dec (Latent Dec)          | 120        ✅
recon (Recon Head)        | 212        ✅
entropy (Prior/Hyper)     | 190        ✅
-------------------------------------------------------
==> [DMCI] Full Load Finished.
[DMCI] Loading pretrained Encoder from /Huang_group/zyyz/Projects/GVC-RT/checkpoints/GVC-RT_I.pt...
==> [DMCI] Attempting full model load from: /Huang_group/zyyz/Projects/GVC-RT/checkpoints/GVC-RT_I.pt
    ⚠️ [WARNING] No 'ema' or 'student' key. Using default state_dict...
-------------------------------------------------------
Sub-Module                | Parameters Loaded
-------------------------------------------------------
enc (Encoder)             | 74         ✅
dec (Latent Dec)          | 120        ✅
recon (Recon Head)        | 212        ✅
entropy (Prior/Hyper)     | 190        ✅
-------------------------------------------------------
==> [DMCI] Full Load Finished.
DONE 31 ulong native_initial 6 3 seconds 43.93913245201111 peak 5088.0
[DMCI] Loading pretrained Encoder from /Huang_group/zyyz/Projects/GVC-RT/checkpoints/GVC-RT_I.pt...
==> [DMCI] Attempting full model load from: /Huang_group/zyyz/Projects/GVC-RT/checkpoints/GVC-RT_I.pt
    ⚠️ [WARNING] No 'ema' or 'student' key. Using default state_dict...
-------------------------------------------------------
Sub-Module                | Parameters Loaded
-------------------------------------------------------
enc (Encoder)             | 74         ✅
dec (Latent Dec)          | 120        ✅
recon (Recon Head)        | 212        ✅
entropy (Prior/Hyper)     | 190        ✅
-------------------------------------------------------
==> [DMCI] Full Load Finished.
[DMCI] Loading pretrained Encoder from /Huang_group/zyyz/Projects/GVC-RT/checkpoints/GVC-RT_I.pt...
==> [DMCI] Attempting full model load from: /Huang_group/zyyz/Projects/GVC-RT/checkpoints/GVC-RT_I.pt
    ⚠️ [WARNING] No 'ema' or 'student' key. Using default state_dict...
-------------------------------------------------------
Sub-Module                | Parameters Loaded
-------------------------------------------------------
enc (Encoder)             | 74         ✅
dec (Latent Dec)          | 120        ✅
recon (Recon Head)        | 212        ✅
entropy (Prior/Hyper)     | 190        ✅
-------------------------------------------------------
==> [DMCI] Full Load Finished.
[DMCI] Loading pretrained Encoder from /Huang_group/zyyz/Projects/GVC-RT/checkpoints/GVC-RT_I.pt...
==> [DMCI] Attempting full model load from: /Huang_group/zyyz/Projects/GVC-RT/checkpoints/GVC-RT_I.pt
    ⚠️ [WARNING] No 'ema' or 'student' key. Using default state_dict...
-------------------------------------------------------
Sub-Module                | Parameters Loaded
-------------------------------------------------------
enc (Encoder)             | 74         ✅
dec (Latent Dec)          | 120        ✅
recon (Recon Head)        | 212        ✅
entropy (Prior/Hyper)     | 190        ✅
-------------------------------------------------------
==> [DMCI] Full Load Finished.
DONE 31 ulong native_initial 6 4 seconds 44.966410636901855 peak 5088.0
[DMCI] Loading pretrained Encoder from /Huang_group/zyyz/Projects/GVC-RT/checkpoints/GVC-RT_I.pt...
==> [DMCI] Attempting full model load from: /Huang_group/zyyz/Projects/GVC-RT/checkpoints/GVC-RT_I.pt
    ⚠️ [WARNING] No 'ema' or 'student' key. Using default state_dict...
-------------------------------------------------------
Sub-Module                | Parameters Loaded
-------------------------------------------------------
enc (Encoder)             | 74         ✅
dec (Latent Dec)          | 120        ✅
recon (Recon Head)        | 212        ✅
entropy (Prior/Hyper)     | 190        ✅
-------------------------------------------------------
==> [DMCI] Full Load Finished.
[DMCI] Loading pretrained Encoder from /Huang_group/zyyz/Projects/GVC-RT/checkpoints/GVC-RT_I.pt...
==> [DMCI] Attempting full model load from: /Huang_group/zyyz/Projects/GVC-RT/checkpoints/GVC-RT_I.pt
    ⚠️ [WARNING] No 'ema' or 'student' key. Using default state_dict...
-------------------------------------------------------
Sub-Module                | Parameters Loaded
-------------------------------------------------------
enc (Encoder)             | 74         ✅
dec (Latent Dec)          | 120        ✅
recon (Recon Head)        | 212        ✅
entropy (Prior/Hyper)     | 190        ✅
-------------------------------------------------------
==> [DMCI] Full Load Finished.
[DMCI] Loading pretrained Encoder from /Huang_group/zyyz/Projects/GVC-RT/checkpoints/GVC-RT_I.pt...
==> [DMCI] Attempting full model load from: /Huang_group/zyyz/Projects/GVC-RT/checkpoints/GVC-RT_I.pt
    ⚠️ [WARNING] No 'ema' or 'student' key. Using default state_dict...
-------------------------------------------------------
Sub-Module                | Parameters Loaded
-------------------------------------------------------
enc (Encoder)             | 74         ✅
dec (Latent Dec)          | 120        ✅
recon (Recon Head)        | 212        ✅
entropy (Prior/Hyper)     | 190        ✅
-------------------------------------------------------
==> [DMCI] Full Load Finished.
DONE 31 ulong native_initial 6 5 seconds 43.60271906852722 peak 5092.0
[DMCI] Loading pretrained Encoder from /Huang_group/zyyz/Projects/GVC-RT/checkpoints/GVC-RT_I.pt...
==> [DMCI] Attempting full model load from: /Huang_group/zyyz/Projects/GVC-RT/checkpoints/GVC-RT_I.pt
    ⚠️ [WARNING] No 'ema' or 'student' key. Using default state_dict...
-------------------------------------------------------
Sub-Module                | Parameters Loaded
-------------------------------------------------------
enc (Encoder)             | 74         ✅
dec (Latent Dec)          | 120        ✅
recon (Recon Head)        | 212        ✅
entropy (Prior/Hyper)     | 190        ✅
-------------------------------------------------------
==> [DMCI] Full Load Finished.
[DMCI] Loading pretrained Encoder from /Huang_group/zyyz/Projects/GVC-RT/checkpoints/GVC-RT_I.pt...
==> [DMCI] Attempting full model load from: /Huang_group/zyyz/Projects/GVC-RT/checkpoints/GVC-RT_I.pt
    ⚠️ [WARNING] No 'ema' or 'student' key. Using default state_dict...
-------------------------------------------------------
Sub-Module                | Parameters Loaded
-------------------------------------------------------
enc (Encoder)             | 74         ✅
dec (Latent Dec)          | 120        ✅
recon (Recon Head)        | 212        ✅
entropy (Prior/Hyper)     | 190        ✅
-------------------------------------------------------
==> [DMCI] Full Load Finished.
[DMCI] Loading pretrained Encoder from /Huang_group/zyyz/Projects/GVC-RT/checkpoints/GVC-RT_I.pt...
==> [DMCI] Attempting full model load from: /Huang_group/zyyz/Projects/GVC-RT/checkpoints/GVC-RT_I.pt
    ⚠️ [WARNING] No 'ema' or 'student' key. Using default state_dict...
-------------------------------------------------------
Sub-Module                | Parameters Loaded
-------------------------------------------------------
enc (Encoder)             | 74         ✅
dec (Latent Dec)          | 120        ✅
recon (Recon Head)        | 212        ✅
entropy (Prior/Hyper)     | 190        ✅
-------------------------------------------------------
==> [DMCI] Full Load Finished.
DONE 31 ulong native_initial 6 6 seconds 45.33133625984192 peak 5092.0
[DMCI] Loading pretrained Encoder from /Huang_group/zyyz/Projects/GVC-RT/checkpoints/GVC-RT_I.pt...
==> [DMCI] Attempting full model load from: /Huang_group/zyyz/Projects/GVC-RT/checkpoints/GVC-RT_I.pt
    ⚠️ [WARNING] No 'ema' or 'student' key. Using default state_dict...
-------------------------------------------------------
Sub-Module                | Parameters Loaded
-------------------------------------------------------
enc (Encoder)             | 74         ✅
dec (Latent Dec)          | 120        ✅
recon (Recon Head)        | 212        ✅
entropy (Prior/Hyper)     | 190        ✅
-------------------------------------------------------
==> [DMCI] Full Load Finished.
[DMCI] Loading pretrained Encoder from /Huang_group/zyyz/Projects/GVC-RT/checkpoints/GVC-RT_I.pt...
==> [DMCI] Attempting full model load from: /Huang_group/zyyz/Projects/GVC-RT/checkpoints/GVC-RT_I.pt
    ⚠️ [WARNING] No 'ema' or 'student' key. Using default state_dict...
-------------------------------------------------------
Sub-Module                | Parameters Loaded
-------------------------------------------------------
enc (Encoder)             | 74         ✅
dec (Latent Dec)          | 120        ✅
recon (Recon Head)        | 212        ✅
entropy (Prior/Hyper)     | 190        ✅
-------------------------------------------------------
==> [DMCI] Full Load Finished.
[DMCI] Loading pretrained Encoder from /Huang_group/zyyz/Projects/GVC-RT/checkpoints/GVC-RT_I.pt...
==> [DMCI] Attempting full model load from: /Huang_group/zyyz/Projects/GVC-RT/checkpoints/GVC-RT_I.pt
    ⚠️ [WARNING] No 'ema' or 'student' key. Using default state_dict...
-------------------------------------------------------
Sub-Module                | Parameters Loaded
-------------------------------------------------------
enc (Encoder)             | 74         ✅
dec (Latent Dec)          | 120        ✅
recon (Recon Head)        | 212        ✅
entropy (Prior/Hyper)     | 190        ✅
-------------------------------------------------------
==> [DMCI] Full Load Finished.
DONE 31 ulong native_initial 6 7 seconds 45.329299211502075 peak 5092.0
[DMCI] Loading pretrained Encoder from /Huang_group/zyyz/Projects/GVC-RT/checkpoints/GVC-RT_I.pt...
==> [DMCI] Attempting full model load from: /Huang_group/zyyz/Projects/GVC-RT/checkpoints/GVC-RT_I.pt
    ⚠️ [WARNING] No 'ema' or 'student' key. Using default state_dict...
-------------------------------------------------------
Sub-Module                | Parameters Loaded
-------------------------------------------------------
enc (Encoder)             | 74         ✅
dec (Latent Dec)          | 120        ✅
recon (Recon Head)        | 212        ✅
entropy (Prior/Hyper)     | 190        ✅
-------------------------------------------------------
==> [DMCI] Full Load Finished.
[DMCI] Loading pretrained Encoder from /Huang_group/zyyz/Projects/GVC-RT/checkpoints/GVC-RT_I.pt...
==> [DMCI] Attempting full model load from: /Huang_group/zyyz/Projects/GVC-RT/checkpoints/GVC-RT_I.pt
    ⚠️ [WARNING] No 'ema' or 'student' key. Using default state_dict...
-------------------------------------------------------
Sub-Module                | Parameters Loaded
-------------------------------------------------------
enc (Encoder)             | 74         ✅
dec (Latent Dec)          | 120        ✅
recon (Recon Head)        | 212        ✅
entropy (Prior/Hyper)     | 190        ✅
-------------------------------------------------------
==> [DMCI] Full Load Finished.
[DMCI] Loading pretrained Encoder from /Huang_group/zyyz/Projects/GVC-RT/checkpoints/GVC-RT_I.pt...
==> [DMCI] Attempting full model load from: /Huang_group/zyyz/Projects/GVC-RT/checkpoints/GVC-RT_I.pt
    ⚠️ [WARNING] No 'ema' or 'student' key. Using default state_dict...
-------------------------------------------------------
Sub-Module                | Parameters Loaded
-------------------------------------------------------
enc (Encoder)             | 74         ✅
dec (Latent Dec)          | 120        ✅
recon (Recon Head)        | 212        ✅
entropy (Prior/Hyper)     | 190        ✅
-------------------------------------------------------
==> [DMCI] Full Load Finished.
DONE 31 ulong native_initial 6 8 seconds 44.41897201538086 peak 5092.0
[DMCI] Loading pretrained Encoder from /Huang_group/zyyz/Projects/GVC-RT/checkpoints/GVC-RT_I.pt...
==> [DMCI] Attempting full model load from: /Huang_group/zyyz/Projects/GVC-RT/checkpoints/GVC-RT_I.pt
    ⚠️ [WARNING] No 'ema' or 'student' key. Using default state_dict...
-------------------------------------------------------
Sub-Module                | Parameters Loaded
-------------------------------------------------------
enc (Encoder)             | 74         ✅
dec (Latent Dec)          | 120        ✅
recon (Recon Head)        | 212        ✅
entropy (Prior/Hyper)     | 190        ✅
-------------------------------------------------------
==> [DMCI] Full Load Finished.
[DMCI] Loading pretrained Encoder from /Huang_group/zyyz/Projects/GVC-RT/checkpoints/GVC-RT_I.pt...
==> [DMCI] Attempting full model load from: /Huang_group/zyyz/Projects/GVC-RT/checkpoints/GVC-RT_I.pt
    ⚠️ [WARNING] No 'ema' or 'student' key. Using default state_dict...
-------------------------------------------------------
Sub-Module                | Parameters Loaded
-------------------------------------------------------
enc (Encoder)             | 74         ✅
dec (Latent Dec)          | 120        ✅
recon (Recon Head)        | 212        ✅
entropy (Prior/Hyper)     | 190        ✅
-------------------------------------------------------
==> [DMCI] Full Load Finished.
[DMCI] Loading pretrained Encoder from /Huang_group/zyyz/Projects/GVC-RT/checkpoints/GVC-RT_I.pt...
==> [DMCI] Attempting full model load from: /Huang_group/zyyz/Projects/GVC-RT/checkpoints/GVC-RT_I.pt
    ⚠️ [WARNING] No 'ema' or 'student' key. Using default state_dict...
-------------------------------------------------------
Sub-Module                | Parameters Loaded
-------------------------------------------------------
enc (Encoder)             | 74         ✅
dec (Latent Dec)          | 120        ✅
recon (Recon Head)        | 212        ✅
entropy (Prior/Hyper)     | 190        ✅
-------------------------------------------------------
==> [DMCI] Full Load Finished.
DONE 31 ulong native_initial 6 9 seconds 42.921677350997925 peak 5092.0
