cannot import cuda implementation for inference, fallback to pytorch.
/Huang_group/zyyz/home_dir/.conda/envs/gvc-rt/lib/python3.12/site-packages/torchvision/models/_utils.py:208: UserWarning: The parameter 'pretrained' is deprecated since 0.13 and may be removed in the future, please use 'weights' instead.
  warnings.warn(
/Huang_group/zyyz/home_dir/.conda/envs/gvc-rt/lib/python3.12/site-packages/torchvision/models/_utils.py:223: UserWarning: Arguments other than a weight enum or `None` for 'weights' are deprecated since 0.13 and may be removed in the future. The current behavior is equivalent to passing `weights=AlexNet_Weights.IMAGENET1K_V1`. You can also use `weights=AlexNet_Weights.DEFAULT` to get the most up-to-date weights.
  warnings.warn(msg)
/Huang_group/zyyz/home_dir/.conda/envs/gvc-rt/lib/python3.12/site-packages/torchvision/models/_utils.py:223: UserWarning: Arguments other than a weight enum or `None` for 'weights' are deprecated since 0.13 and may be removed in the future. The current behavior is equivalent to passing `weights=VGG16_Weights.IMAGENET1K_V1`. You can also use `weights=VGG16_Weights.DEFAULT` to get the most up-to-date weights.
  warnings.warn(msg)
[DMCI] Loading pretrained Encoder from /Huang_group/zyyz/Projects/GVC-RT/checkpoints/GVC-RT_I.pt...
==> [DMCI] Attempting full model load from: /Huang_group/zyyz/Projects/GVC-RT/checkpoints/GVC-RT_I.pt
    ⚠️ [WARNING] No 'ema' or 'student' key. Using default state_dict...
-------------------------------------------------------
Sub-Module                | Parameters Loaded
-------------------------------------------------------
enc (Encoder)             | 74         ✅
dec (Latent Dec)          | 120        ✅
recon (Recon Head)        | 212        ✅
entropy (Prior/Hyper)     | 190        ✅
-------------------------------------------------------
==> [DMCI] Full Load Finished.
[DMCI] Loading pretrained Encoder from /Huang_group/zyyz/Projects/GVC-RT/checkpoints/GVC-RT_I.pt...
==> [DMCI] Attempting full model load from: /Huang_group/zyyz/Projects/GVC-RT/checkpoints/GVC-RT_I.pt
    ⚠️ [WARNING] No 'ema' or 'student' key. Using default state_dict...
-------------------------------------------------------
Sub-Module                | Parameters Loaded
-------------------------------------------------------
enc (Encoder)             | 74         ✅
dec (Latent Dec)          | 120        ✅
recon (Recon Head)        | 212        ✅
entropy (Prior/Hyper)     | 190        ✅
-------------------------------------------------------
==> [DMCI] Full Load Finished.
[DMCI] Loading pretrained Encoder from /Huang_group/zyyz/Projects/GVC-RT/checkpoints/GVC-RT_I.pt...
==> [DMCI] Attempting full model load from: /Huang_group/zyyz/Projects/GVC-RT/checkpoints/GVC-RT_I.pt
    ⚠️ [WARNING] No 'ema' or 'student' key. Using default state_dict...
-------------------------------------------------------
Sub-Module                | Parameters Loaded
-------------------------------------------------------
enc (Encoder)             | 74         ✅
dec (Latent Dec)          | 120        ✅
recon (Recon Head)        | 212        ✅
entropy (Prior/Hyper)     | 190        ✅
-------------------------------------------------------
==> [DMCI] Full Load Finished.
DONE 32 hevc_b native_initial 1 0 seconds 77.44385623931885 peak 4994.0
[DMCI] Loading pretrained Encoder from /Huang_group/zyyz/Projects/GVC-RT/checkpoints/GVC-RT_I.pt...
==> [DMCI] Attempting full model load from: /Huang_group/zyyz/Projects/GVC-RT/checkpoints/GVC-RT_I.pt
    ⚠️ [WARNING] No 'ema' or 'student' key. Using default state_dict...
-------------------------------------------------------
Sub-Module                | Parameters Loaded
-------------------------------------------------------
enc (Encoder)             | 74         ✅
dec (Latent Dec)          | 120        ✅
recon (Recon Head)        | 212        ✅
entropy (Prior/Hyper)     | 190        ✅
-------------------------------------------------------
==> [DMCI] Full Load Finished.
[DMCI] Loading pretrained Encoder from /Huang_group/zyyz/Projects/GVC-RT/checkpoints/GVC-RT_I.pt...
==> [DMCI] Attempting full model load from: /Huang_group/zyyz/Projects/GVC-RT/checkpoints/GVC-RT_I.pt
    ⚠️ [WARNING] No 'ema' or 'student' key. Using default state_dict...
-------------------------------------------------------
Sub-Module                | Parameters Loaded
-------------------------------------------------------
enc (Encoder)             | 74         ✅
dec (Latent Dec)          | 120        ✅
recon (Recon Head)        | 212        ✅
entropy (Prior/Hyper)     | 190        ✅
-------------------------------------------------------
==> [DMCI] Full Load Finished.
[DMCI] Loading pretrained Encoder from /Huang_group/zyyz/Projects/GVC-RT/checkpoints/GVC-RT_I.pt...
==> [DMCI] Attempting full model load from: /Huang_group/zyyz/Projects/GVC-RT/checkpoints/GVC-RT_I.pt
    ⚠️ [WARNING] No 'ema' or 'student' key. Using default state_dict...
-------------------------------------------------------
Sub-Module                | Parameters Loaded
-------------------------------------------------------
enc (Encoder)             | 74         ✅
dec (Latent Dec)          | 120        ✅
recon (Recon Head)        | 212        ✅
entropy (Prior/Hyper)     | 190        ✅
-------------------------------------------------------
==> [DMCI] Full Load Finished.
DONE 32 hevc_b native_initial 1 1 seconds 80.54870581626892 peak 4998.0
[DMCI] Loading pretrained Encoder from /Huang_group/zyyz/Projects/GVC-RT/checkpoints/GVC-RT_I.pt...
==> [DMCI] Attempting full model load from: /Huang_group/zyyz/Projects/GVC-RT/checkpoints/GVC-RT_I.pt
    ⚠️ [WARNING] No 'ema' or 'student' key. Using default state_dict...
-------------------------------------------------------
Sub-Module                | Parameters Loaded
-------------------------------------------------------
enc (Encoder)             | 74         ✅
dec (Latent Dec)          | 120        ✅
recon (Recon Head)        | 212        ✅
entropy (Prior/Hyper)     | 190        ✅
-------------------------------------------------------
==> [DMCI] Full Load Finished.
[DMCI] Loading pretrained Encoder from /Huang_group/zyyz/Projects/GVC-RT/checkpoints/GVC-RT_I.pt...
==> [DMCI] Attempting full model load from: /Huang_group/zyyz/Projects/GVC-RT/checkpoints/GVC-RT_I.pt
    ⚠️ [WARNING] No 'ema' or 'student' key. Using default state_dict...
-------------------------------------------------------
Sub-Module                | Parameters Loaded
-------------------------------------------------------
enc (Encoder)             | 74         ✅
dec (Latent Dec)          | 120        ✅
recon (Recon Head)        | 212        ✅
entropy (Prior/Hyper)     | 190        ✅
-------------------------------------------------------
==> [DMCI] Full Load Finished.
[DMCI] Loading pretrained Encoder from /Huang_group/zyyz/Projects/GVC-RT/checkpoints/GVC-RT_I.pt...
==> [DMCI] Attempting full model load from: /Huang_group/zyyz/Projects/GVC-RT/checkpoints/GVC-RT_I.pt
    ⚠️ [WARNING] No 'ema' or 'student' key. Using default state_dict...
-------------------------------------------------------
Sub-Module                | Parameters Loaded
-------------------------------------------------------
enc (Encoder)             | 74         ✅
dec (Latent Dec)          | 120        ✅
recon (Recon Head)        | 212        ✅
entropy (Prior/Hyper)     | 190        ✅
-------------------------------------------------------
==> [DMCI] Full Load Finished.
DONE 32 hevc_b native_initial 1 2 seconds 76.27840209007263 peak 5056.0
[DMCI] Loading pretrained Encoder from /Huang_group/zyyz/Projects/GVC-RT/checkpoints/GVC-RT_I.pt...
==> [DMCI] Attempting full model load from: /Huang_group/zyyz/Projects/GVC-RT/checkpoints/GVC-RT_I.pt
    ⚠️ [WARNING] No 'ema' or 'student' key. Using default state_dict...
-------------------------------------------------------
Sub-Module                | Parameters Loaded
-------------------------------------------------------
enc (Encoder)             | 74         ✅
dec (Latent Dec)          | 120        ✅
recon (Recon Head)        | 212        ✅
entropy (Prior/Hyper)     | 190        ✅
-------------------------------------------------------
==> [DMCI] Full Load Finished.
[DMCI] Loading pretrained Encoder from /Huang_group/zyyz/Projects/GVC-RT/checkpoints/GVC-RT_I.pt...
==> [DMCI] Attempting full model load from: /Huang_group/zyyz/Projects/GVC-RT/checkpoints/GVC-RT_I.pt
    ⚠️ [WARNING] No 'ema' or 'student' key. Using default state_dict...
-------------------------------------------------------
Sub-Module                | Parameters Loaded
-------------------------------------------------------
enc (Encoder)             | 74         ✅
dec (Latent Dec)          | 120        ✅
recon (Recon Head)        | 212        ✅
entropy (Prior/Hyper)     | 190        ✅
-------------------------------------------------------
==> [DMCI] Full Load Finished.
[DMCI] Loading pretrained Encoder from /Huang_group/zyyz/Projects/GVC-RT/checkpoints/GVC-RT_I.pt...
==> [DMCI] Attempting full model load from: /Huang_group/zyyz/Projects/GVC-RT/checkpoints/GVC-RT_I.pt
    ⚠️ [WARNING] No 'ema' or 'student' key. Using default state_dict...
-------------------------------------------------------
Sub-Module                | Parameters Loaded
-------------------------------------------------------
enc (Encoder)             | 74         ✅
dec (Latent Dec)          | 120        ✅
recon (Recon Head)        | 212        ✅
entropy (Prior/Hyper)     | 190        ✅
-------------------------------------------------------
==> [DMCI] Full Load Finished.
DONE 32 hevc_b native_initial 1 3 seconds 76.40468621253967 peak 5096.0
[DMCI] Loading pretrained Encoder from /Huang_group/zyyz/Projects/GVC-RT/checkpoints/GVC-RT_I.pt...
==> [DMCI] Attempting full model load from: /Huang_group/zyyz/Projects/GVC-RT/checkpoints/GVC-RT_I.pt
    ⚠️ [WARNING] No 'ema' or 'student' key. Using default state_dict...
-------------------------------------------------------
Sub-Module                | Parameters Loaded
-------------------------------------------------------
enc (Encoder)             | 74         ✅
dec (Latent Dec)          | 120        ✅
recon (Recon Head)        | 212        ✅
entropy (Prior/Hyper)     | 190        ✅
-------------------------------------------------------
==> [DMCI] Full Load Finished.
[DMCI] Loading pretrained Encoder from /Huang_group/zyyz/Projects/GVC-RT/checkpoints/GVC-RT_I.pt...
==> [DMCI] Attempting full model load from: /Huang_group/zyyz/Projects/GVC-RT/checkpoints/GVC-RT_I.pt
    ⚠️ [WARNING] No 'ema' or 'student' key. Using default state_dict...
-------------------------------------------------------
Sub-Module                | Parameters Loaded
-------------------------------------------------------
enc (Encoder)             | 74         ✅
dec (Latent Dec)          | 120        ✅
recon (Recon Head)        | 212        ✅
entropy (Prior/Hyper)     | 190        ✅
-------------------------------------------------------
==> [DMCI] Full Load Finished.
[DMCI] Loading pretrained Encoder from /Huang_group/zyyz/Projects/GVC-RT/checkpoints/GVC-RT_I.pt...
==> [DMCI] Attempting full model load from: /Huang_group/zyyz/Projects/GVC-RT/checkpoints/GVC-RT_I.pt
    ⚠️ [WARNING] No 'ema' or 'student' key. Using default state_dict...
-------------------------------------------------------
Sub-Module                | Parameters Loaded
-------------------------------------------------------
enc (Encoder)             | 74         ✅
dec (Latent Dec)          | 120        ✅
recon (Recon Head)        | 212        ✅
entropy (Prior/Hyper)     | 190        ✅
-------------------------------------------------------
==> [DMCI] Full Load Finished.
DONE 32 hevc_b native_initial 1 4 seconds 79.50273823738098 peak 5096.0
[DMCI] Loading pretrained Encoder from /Huang_group/zyyz/Projects/GVC-RT/checkpoints/GVC-RT_I.pt...
==> [DMCI] Attempting full model load from: /Huang_group/zyyz/Projects/GVC-RT/checkpoints/GVC-RT_I.pt
    ⚠️ [WARNING] No 'ema' or 'student' key. Using default state_dict...
-------------------------------------------------------
Sub-Module                | Parameters Loaded
-------------------------------------------------------
enc (Encoder)             | 74         ✅
dec (Latent Dec)          | 120        ✅
recon (Recon Head)        | 212        ✅
entropy (Prior/Hyper)     | 190        ✅
-------------------------------------------------------
==> [DMCI] Full Load Finished.
[DMCI] Loading pretrained Encoder from /Huang_group/zyyz/Projects/GVC-RT/checkpoints/GVC-RT_I.pt...
==> [DMCI] Attempting full model load from: /Huang_group/zyyz/Projects/GVC-RT/checkpoints/GVC-RT_I.pt
    ⚠️ [WARNING] No 'ema' or 'student' key. Using default state_dict...
-------------------------------------------------------
Sub-Module                | Parameters Loaded
-------------------------------------------------------
enc (Encoder)             | 74         ✅
dec (Latent Dec)          | 120        ✅
recon (Recon Head)        | 212        ✅
entropy (Prior/Hyper)     | 190        ✅
-------------------------------------------------------
==> [DMCI] Full Load Finished.
[DMCI] Loading pretrained Encoder from /Huang_group/zyyz/Projects/GVC-RT/checkpoints/GVC-RT_I.pt...
==> [DMCI] Attempting full model load from: /Huang_group/zyyz/Projects/GVC-RT/checkpoints/GVC-RT_I.pt
    ⚠️ [WARNING] No 'ema' or 'student' key. Using default state_dict...
-------------------------------------------------------
Sub-Module                | Parameters Loaded
-------------------------------------------------------
enc (Encoder)             | 74         ✅
dec (Latent Dec)          | 120        ✅
recon (Recon Head)        | 212        ✅
entropy (Prior/Hyper)     | 190        ✅
-------------------------------------------------------
==> [DMCI] Full Load Finished.
DONE 32 hevc_b native_initial 1 5 seconds 76.82813453674316 peak 5096.0
[DMCI] Loading pretrained Encoder from /Huang_group/zyyz/Projects/GVC-RT/checkpoints/GVC-RT_I.pt...
==> [DMCI] Attempting full model load from: /Huang_group/zyyz/Projects/GVC-RT/checkpoints/GVC-RT_I.pt
    ⚠️ [WARNING] No 'ema' or 'student' key. Using default state_dict...
-------------------------------------------------------
Sub-Module                | Parameters Loaded
-------------------------------------------------------
enc (Encoder)             | 74         ✅
dec (Latent Dec)          | 120        ✅
recon (Recon Head)        | 212        ✅
entropy (Prior/Hyper)     | 190        ✅
-------------------------------------------------------
==> [DMCI] Full Load Finished.
[DMCI] Loading pretrained Encoder from /Huang_group/zyyz/Projects/GVC-RT/checkpoints/GVC-RT_I.pt...
==> [DMCI] Attempting full model load from: /Huang_group/zyyz/Projects/GVC-RT/checkpoints/GVC-RT_I.pt
    ⚠️ [WARNING] No 'ema' or 'student' key. Using default state_dict...
-------------------------------------------------------
Sub-Module                | Parameters Loaded
-------------------------------------------------------
enc (Encoder)             | 74         ✅
dec (Latent Dec)          | 120        ✅
recon (Recon Head)        | 212        ✅
entropy (Prior/Hyper)     | 190        ✅
-------------------------------------------------------
==> [DMCI] Full Load Finished.
[DMCI] Loading pretrained Encoder from /Huang_group/zyyz/Projects/GVC-RT/checkpoints/GVC-RT_I.pt...
==> [DMCI] Attempting full model load from: /Huang_group/zyyz/Projects/GVC-RT/checkpoints/GVC-RT_I.pt
    ⚠️ [WARNING] No 'ema' or 'student' key. Using default state_dict...
-------------------------------------------------------
Sub-Module                | Parameters Loaded
-------------------------------------------------------
enc (Encoder)             | 74         ✅
dec (Latent Dec)          | 120        ✅
recon (Recon Head)        | 212        ✅
entropy (Prior/Hyper)     | 190        ✅
-------------------------------------------------------
==> [DMCI] Full Load Finished.
DONE 32 hevc_b native_initial 1 6 seconds 77.48467755317688 peak 5096.0
[DMCI] Loading pretrained Encoder from /Huang_group/zyyz/Projects/GVC-RT/checkpoints/GVC-RT_I.pt...
==> [DMCI] Attempting full model load from: /Huang_group/zyyz/Projects/GVC-RT/checkpoints/GVC-RT_I.pt
    ⚠️ [WARNING] No 'ema' or 'student' key. Using default state_dict...
-------------------------------------------------------
Sub-Module                | Parameters Loaded
-------------------------------------------------------
enc (Encoder)             | 74         ✅
dec (Latent Dec)          | 120        ✅
recon (Recon Head)        | 212        ✅
entropy (Prior/Hyper)     | 190        ✅
-------------------------------------------------------
==> [DMCI] Full Load Finished.
[DMCI] Loading pretrained Encoder from /Huang_group/zyyz/Projects/GVC-RT/checkpoints/GVC-RT_I.pt...
==> [DMCI] Attempting full model load from: /Huang_group/zyyz/Projects/GVC-RT/checkpoints/GVC-RT_I.pt
    ⚠️ [WARNING] No 'ema' or 'student' key. Using default state_dict...
-------------------------------------------------------
Sub-Module                | Parameters Loaded
-------------------------------------------------------
enc (Encoder)             | 74         ✅
dec (Latent Dec)          | 120        ✅
recon (Recon Head)        | 212        ✅
entropy (Prior/Hyper)     | 190        ✅
-------------------------------------------------------
==> [DMCI] Full Load Finished.
[DMCI] Loading pretrained Encoder from /Huang_group/zyyz/Projects/GVC-RT/checkpoints/GVC-RT_I.pt...
==> [DMCI] Attempting full model load from: /Huang_group/zyyz/Projects/GVC-RT/checkpoints/GVC-RT_I.pt
    ⚠️ [WARNING] No 'ema' or 'student' key. Using default state_dict...
-------------------------------------------------------
Sub-Module                | Parameters Loaded
-------------------------------------------------------
enc (Encoder)             | 74         ✅
dec (Latent Dec)          | 120        ✅
recon (Recon Head)        | 212        ✅
entropy (Prior/Hyper)     | 190        ✅
-------------------------------------------------------
==> [DMCI] Full Load Finished.
DONE 32 hevc_b native_initial 1 7 seconds 80.77380037307739 peak 5096.0
[DMCI] Loading pretrained Encoder from /Huang_group/zyyz/Projects/GVC-RT/checkpoints/GVC-RT_I.pt...
==> [DMCI] Attempting full model load from: /Huang_group/zyyz/Projects/GVC-RT/checkpoints/GVC-RT_I.pt
    ⚠️ [WARNING] No 'ema' or 'student' key. Using default state_dict...
-------------------------------------------------------
Sub-Module                | Parameters Loaded
-------------------------------------------------------
enc (Encoder)             | 74         ✅
dec (Latent Dec)          | 120        ✅
recon (Recon Head)        | 212        ✅
entropy (Prior/Hyper)     | 190        ✅
-------------------------------------------------------
==> [DMCI] Full Load Finished.
[DMCI] Loading pretrained Encoder from /Huang_group/zyyz/Projects/GVC-RT/checkpoints/GVC-RT_I.pt...
==> [DMCI] Attempting full model load from: /Huang_group/zyyz/Projects/GVC-RT/checkpoints/GVC-RT_I.pt
    ⚠️ [WARNING] No 'ema' or 'student' key. Using default state_dict...
-------------------------------------------------------
Sub-Module                | Parameters Loaded
-------------------------------------------------------
enc (Encoder)             | 74         ✅
dec (Latent Dec)          | 120        ✅
recon (Recon Head)        | 212        ✅
entropy (Prior/Hyper)     | 190        ✅
-------------------------------------------------------
==> [DMCI] Full Load Finished.
[DMCI] Loading pretrained Encoder from /Huang_group/zyyz/Projects/GVC-RT/checkpoints/GVC-RT_I.pt...
==> [DMCI] Attempting full model load from: /Huang_group/zyyz/Projects/GVC-RT/checkpoints/GVC-RT_I.pt
    ⚠️ [WARNING] No 'ema' or 'student' key. Using default state_dict...
-------------------------------------------------------
Sub-Module                | Parameters Loaded
-------------------------------------------------------
enc (Encoder)             | 74         ✅
dec (Latent Dec)          | 120        ✅
recon (Recon Head)        | 212        ✅
entropy (Prior/Hyper)     | 190        ✅
-------------------------------------------------------
==> [DMCI] Full Load Finished.
DONE 32 hevc_b native_initial 1 8 seconds 78.58029198646545 peak 5096.0
[DMCI] Loading pretrained Encoder from /Huang_group/zyyz/Projects/GVC-RT/checkpoints/GVC-RT_I.pt...
==> [DMCI] Attempting full model load from: /Huang_group/zyyz/Projects/GVC-RT/checkpoints/GVC-RT_I.pt
    ⚠️ [WARNING] No 'ema' or 'student' key. Using default state_dict...
-------------------------------------------------------
Sub-Module                | Parameters Loaded
-------------------------------------------------------
enc (Encoder)             | 74         ✅
dec (Latent Dec)          | 120        ✅
recon (Recon Head)        | 212        ✅
entropy (Prior/Hyper)     | 190        ✅
-------------------------------------------------------
==> [DMCI] Full Load Finished.
[DMCI] Loading pretrained Encoder from /Huang_group/zyyz/Projects/GVC-RT/checkpoints/GVC-RT_I.pt...
==> [DMCI] Attempting full model load from: /Huang_group/zyyz/Projects/GVC-RT/checkpoints/GVC-RT_I.pt
    ⚠️ [WARNING] No 'ema' or 'student' key. Using default state_dict...
-------------------------------------------------------
Sub-Module                | Parameters Loaded
-------------------------------------------------------
enc (Encoder)             | 74         ✅
dec (Latent Dec)          | 120        ✅
recon (Recon Head)        | 212        ✅
entropy (Prior/Hyper)     | 190        ✅
-------------------------------------------------------
==> [DMCI] Full Load Finished.
[DMCI] Loading pretrained Encoder from /Huang_group/zyyz/Projects/GVC-RT/checkpoints/GVC-RT_I.pt...
==> [DMCI] Attempting full model load from: /Huang_group/zyyz/Projects/GVC-RT/checkpoints/GVC-RT_I.pt
    ⚠️ [WARNING] No 'ema' or 'student' key. Using default state_dict...
-------------------------------------------------------
Sub-Module                | Parameters Loaded
-------------------------------------------------------
enc (Encoder)             | 74         ✅
dec (Latent Dec)          | 120        ✅
recon (Recon Head)        | 212        ✅
entropy (Prior/Hyper)     | 190        ✅
-------------------------------------------------------
==> [DMCI] Full Load Finished.
DONE 32 hevc_b native_initial 1 9 seconds 61.31083631515503 peak 5096.0
