cannot import cuda implementation for inference, fallback to pytorch.
[DMCI] Loading pretrained Encoder from /Huang_group/zyyz/Projects/GVC-RT/checkpoints/GVC-RT_I.pt...
==> [DMCI] Attempting full model load from: /Huang_group/zyyz/Projects/GVC-RT/checkpoints/GVC-RT_I.pt
    ⚠️ [WARNING] No 'ema' or 'student' key. Using default state_dict...
-------------------------------------------------------
Sub-Module                | Parameters Loaded
-------------------------------------------------------
enc (Encoder)             | 74         ✅
dec (Latent Dec)          | 120        ✅
recon (Recon Head)        | 212        ✅
entropy (Prior/Hyper)     | 190        ✅
-------------------------------------------------------
==> [DMCI] Full Load Finished.
/Huang_group/zyyz/home_dir/.conda/envs/gvc-rt/lib/python3.12/site-packages/torchvision/models/_utils.py:208: UserWarning: The parameter 'pretrained' is deprecated since 0.13 and may be removed in the future, please use 'weights' instead.
  warnings.warn(
/Huang_group/zyyz/home_dir/.conda/envs/gvc-rt/lib/python3.12/site-packages/torchvision/models/_utils.py:223: UserWarning: Arguments other than a weight enum or `None` for 'weights' are deprecated since 0.13 and may be removed in the future. The current behavior is equivalent to passing `weights=AlexNet_Weights.IMAGENET1K_V1`. You can also use `weights=AlexNet_Weights.DEFAULT` to get the most up-to-date weights.
  warnings.warn(msg)
/Huang_group/zyyz/home_dir/.conda/envs/gvc-rt/lib/python3.12/site-packages/torchvision/models/_utils.py:223: UserWarning: Arguments other than a weight enum or `None` for 'weights' are deprecated since 0.13 and may be removed in the future. The current behavior is equivalent to passing `weights=VGG16_Weights.IMAGENET1K_V1`. You can also use `weights=VGG16_Weights.DEFAULT` to get the most up-to-date weights.
  warnings.warn(msg)
TRAIN C 1 /1000
TRAIN C 10 /1000
TRAIN C 20 /1000
TRAIN C 30 /1000
TRAIN C 40 /1000
TRAIN C 50 /1000
TRAIN C 60 /1000
TRAIN C 70 /1000
TRAIN C 80 /1000
TRAIN C 90 /1000
TRAIN C 100 /1000
TRAIN C 110 /1000
TRAIN C 120 /1000
TRAIN C 130 /1000
TRAIN C 140 /1000
TRAIN C 150 /1000
TRAIN C 160 /1000
TRAIN C 170 /1000
TRAIN C 180 /1000
TRAIN C 190 /1000
TRAIN C 200 /1000
TRAIN C 210 /1000
TRAIN C 220 /1000
TRAIN C 230 /1000
TRAIN C 240 /1000
TRAIN C 250 /1000
TRAIN C 260 /1000
TRAIN C 270 /1000
TRAIN C 280 /1000
TRAIN C 290 /1000
TRAIN C 300 /1000
TRAIN C 310 /1000
TRAIN C 320 /1000
TRAIN C 330 /1000
TRAIN C 340 /1000
TRAIN C 350 /1000
TRAIN C 360 /1000
TRAIN C 370 /1000
TRAIN C 380 /1000
TRAIN C 390 /1000
TRAIN C 400 /1000
TRAIN C 410 /1000
TRAIN C 420 /1000
TRAIN C 430 /1000
TRAIN C 440 /1000
TRAIN C 450 /1000
TRAIN C 460 /1000
TRAIN C 470 /1000
TRAIN C 480 /1000
TRAIN C 490 /1000
TRAIN C 500 /1000
TRAIN C 510 /1000
TRAIN C 520 /1000
TRAIN C 530 /1000
TRAIN C 540 /1000
TRAIN C 550 /1000
TRAIN C 560 /1000
TRAIN C 570 /1000
TRAIN C 580 /1000
TRAIN C 590 /1000
TRAIN C 600 /1000
TRAIN C 610 /1000
TRAIN C 620 /1000
TRAIN C 630 /1000
TRAIN C 640 /1000
TRAIN C 650 /1000
TRAIN C 660 /1000
TRAIN C 670 /1000
TRAIN C 680 /1000
TRAIN C 690 /1000
TRAIN C 700 /1000
TRAIN C 710 /1000
TRAIN C 720 /1000
TRAIN C 730 /1000
TRAIN C 740 /1000
TRAIN C 750 /1000
TRAIN C 760 /1000
TRAIN C 770 /1000
TRAIN C 780 /1000
TRAIN C 790 /1000
TRAIN C 800 /1000
TRAIN C 810 /1000
TRAIN C 820 /1000
TRAIN C 830 /1000
TRAIN C 840 /1000
TRAIN C 850 /1000
TRAIN C 860 /1000
TRAIN C 870 /1000
TRAIN C 880 /1000
TRAIN C 890 /1000
TRAIN C 900 /1000
TRAIN C 910 /1000
TRAIN C 920 /1000
TRAIN C 930 /1000
TRAIN C 940 /1000
TRAIN C 950 /1000
TRAIN C 960 /1000
TRAIN C 970 /1000
TRAIN C 980 /1000
TRAIN C 990 /1000
TRAIN C 1000 /1000
TRAINING PASS C
