cannot import cuda implementation for inference, fallback to pytorch.
[DMCI] Loading pretrained Encoder from /Huang_group/zyyz/Projects/GVC-RT/checkpoints/GVC-RT_I.pt...
==> [DMCI] Attempting full model load from: /Huang_group/zyyz/Projects/GVC-RT/checkpoints/GVC-RT_I.pt
    ⚠️ [WARNING] No 'ema' or 'student' key. Using default state_dict...
-------------------------------------------------------
Sub-Module                | Parameters Loaded
-------------------------------------------------------
enc (Encoder)             | 74         ✅
dec (Latent Dec)          | 120        ✅
recon (Recon Head)        | 212        ✅
entropy (Prior/Hyper)     | 190        ✅
-------------------------------------------------------
==> [DMCI] Full Load Finished.
/Huang_group/zyyz/home_dir/.conda/envs/gvc-rt/lib/python3.12/site-packages/torchvision/models/_utils.py:208: UserWarning: The parameter 'pretrained' is deprecated since 0.13 and may be removed in the future, please use 'weights' instead.
  warnings.warn(
/Huang_group/zyyz/home_dir/.conda/envs/gvc-rt/lib/python3.12/site-packages/torchvision/models/_utils.py:223: UserWarning: Arguments other than a weight enum or `None` for 'weights' are deprecated since 0.13 and may be removed in the future. The current behavior is equivalent to passing `weights=AlexNet_Weights.IMAGENET1K_V1`. You can also use `weights=AlexNet_Weights.DEFAULT` to get the most up-to-date weights.
  warnings.warn(msg)
/Huang_group/zyyz/home_dir/.conda/envs/gvc-rt/lib/python3.12/site-packages/torchvision/models/_utils.py:223: UserWarning: Arguments other than a weight enum or `None` for 'weights' are deprecated since 0.13 and may be removed in the future. The current behavior is equivalent to passing `weights=VGG16_Weights.IMAGENET1K_V1`. You can also use `weights=VGG16_Weights.DEFAULT` to get the most up-to-date weights.
  warnings.warn(msg)
TRAIN B 1 /1000
TRAIN B 10 /1000
TRAIN B 20 /1000
TRAIN B 30 /1000
TRAIN B 40 /1000
TRAIN B 50 /1000
TRAIN B 60 /1000
TRAIN B 70 /1000
TRAIN B 80 /1000
TRAIN B 90 /1000
TRAIN B 100 /1000
TRAIN B 110 /1000
TRAIN B 120 /1000
TRAIN B 130 /1000
TRAIN B 140 /1000
TRAIN B 150 /1000
TRAIN B 160 /1000
TRAIN B 170 /1000
TRAIN B 180 /1000
TRAIN B 190 /1000
TRAIN B 200 /1000
TRAIN B 210 /1000
TRAIN B 220 /1000
TRAIN B 230 /1000
TRAIN B 240 /1000
TRAIN B 250 /1000
TRAIN B 260 /1000
TRAIN B 270 /1000
TRAIN B 280 /1000
TRAIN B 290 /1000
TRAIN B 300 /1000
TRAIN B 310 /1000
TRAIN B 320 /1000
TRAIN B 330 /1000
TRAIN B 340 /1000
TRAIN B 350 /1000
TRAIN B 360 /1000
TRAIN B 370 /1000
TRAIN B 380 /1000
TRAIN B 390 /1000
TRAIN B 400 /1000
TRAIN B 410 /1000
TRAIN B 420 /1000
TRAIN B 430 /1000
TRAIN B 440 /1000
TRAIN B 450 /1000
TRAIN B 460 /1000
TRAIN B 470 /1000
TRAIN B 480 /1000
TRAIN B 490 /1000
TRAIN B 500 /1000
TRAIN B 510 /1000
TRAIN B 520 /1000
TRAIN B 530 /1000
TRAIN B 540 /1000
TRAIN B 550 /1000
TRAIN B 560 /1000
TRAIN B 570 /1000
TRAIN B 580 /1000
TRAIN B 590 /1000
TRAIN B 600 /1000
TRAIN B 610 /1000
TRAIN B 620 /1000
TRAIN B 630 /1000
TRAIN B 640 /1000
TRAIN B 650 /1000
TRAIN B 660 /1000
TRAIN B 670 /1000
TRAIN B 680 /1000
TRAIN B 690 /1000
TRAIN B 700 /1000
TRAIN B 710 /1000
TRAIN B 720 /1000
TRAIN B 730 /1000
TRAIN B 740 /1000
TRAIN B 750 /1000
TRAIN B 760 /1000
TRAIN B 770 /1000
TRAIN B 780 /1000
TRAIN B 790 /1000
TRAIN B 800 /1000
TRAIN B 810 /1000
TRAIN B 820 /1000
TRAIN B 830 /1000
TRAIN B 840 /1000
TRAIN B 850 /1000
TRAIN B 860 /1000
TRAIN B 870 /1000
TRAIN B 880 /1000
TRAIN B 890 /1000
TRAIN B 900 /1000
TRAIN B 910 /1000
TRAIN B 920 /1000
TRAIN B 930 /1000
TRAIN B 940 /1000
TRAIN B 950 /1000
TRAIN B 960 /1000
TRAIN B 970 /1000
TRAIN B 980 /1000
TRAIN B 990 /1000
TRAIN B 1000 /1000
TRAINING PASS B
