cannot import cuda implementation for inference, fallback to pytorch.
[DMCI] Loading pretrained Encoder from /Huang_group/zyyz/Projects/GVC-RT/checkpoints/GVC-RT_I.pt...
==> [DMCI] Attempting full model load from: /Huang_group/zyyz/Projects/GVC-RT/checkpoints/GVC-RT_I.pt
    ⚠️ [WARNING] No 'ema' or 'student' key. Using default state_dict...
-------------------------------------------------------
Sub-Module                | Parameters Loaded
-------------------------------------------------------
enc (Encoder)             | 74         ✅
dec (Latent Dec)          | 120        ✅
recon (Recon Head)        | 212        ✅
entropy (Prior/Hyper)     | 190        ✅
-------------------------------------------------------
==> [DMCI] Full Load Finished.
/Huang_group/zyyz/home_dir/.conda/envs/gvc-rt/lib/python3.12/site-packages/torchvision/models/_utils.py:208: UserWarning: The parameter 'pretrained' is deprecated since 0.13 and may be removed in the future, please use 'weights' instead.
  warnings.warn(
/Huang_group/zyyz/home_dir/.conda/envs/gvc-rt/lib/python3.12/site-packages/torchvision/models/_utils.py:223: UserWarning: Arguments other than a weight enum or `None` for 'weights' are deprecated since 0.13 and may be removed in the future. The current behavior is equivalent to passing `weights=AlexNet_Weights.IMAGENET1K_V1`. You can also use `weights=AlexNet_Weights.DEFAULT` to get the most up-to-date weights.
  warnings.warn(msg)
/Huang_group/zyyz/home_dir/.conda/envs/gvc-rt/lib/python3.12/site-packages/torchvision/models/_utils.py:223: UserWarning: Arguments other than a weight enum or `None` for 'weights' are deprecated since 0.13 and may be removed in the future. The current behavior is equivalent to passing `weights=VGG16_Weights.IMAGENET1K_V1`. You can also use `weights=VGG16_Weights.DEFAULT` to get the most up-to-date weights.
  warnings.warn(msg)
TRAIN A 1 /1000
TRAIN A 10 /1000
TRAIN A 20 /1000
TRAIN A 30 /1000
TRAIN A 40 /1000
TRAIN A 50 /1000
TRAIN A 60 /1000
TRAIN A 70 /1000
TRAIN A 80 /1000
TRAIN A 90 /1000
TRAIN A 100 /1000
TRAIN A 110 /1000
TRAIN A 120 /1000
TRAIN A 130 /1000
TRAIN A 140 /1000
TRAIN A 150 /1000
TRAIN A 160 /1000
TRAIN A 170 /1000
TRAIN A 180 /1000
TRAIN A 190 /1000
TRAIN A 200 /1000
TRAIN A 210 /1000
TRAIN A 220 /1000
TRAIN A 230 /1000
TRAIN A 240 /1000
TRAIN A 250 /1000
TRAIN A 260 /1000
TRAIN A 270 /1000
TRAIN A 280 /1000
TRAIN A 290 /1000
TRAIN A 300 /1000
TRAIN A 310 /1000
TRAIN A 320 /1000
TRAIN A 330 /1000
TRAIN A 340 /1000
TRAIN A 350 /1000
TRAIN A 360 /1000
TRAIN A 370 /1000
TRAIN A 380 /1000
TRAIN A 390 /1000
TRAIN A 400 /1000
TRAIN A 410 /1000
TRAIN A 420 /1000
TRAIN A 430 /1000
TRAIN A 440 /1000
TRAIN A 450 /1000
TRAIN A 460 /1000
TRAIN A 470 /1000
TRAIN A 480 /1000
TRAIN A 490 /1000
TRAIN A 500 /1000
TRAIN A 510 /1000
TRAIN A 520 /1000
TRAIN A 530 /1000
TRAIN A 540 /1000
TRAIN A 550 /1000
TRAIN A 560 /1000
TRAIN A 570 /1000
TRAIN A 580 /1000
TRAIN A 590 /1000
TRAIN A 600 /1000
TRAIN A 610 /1000
TRAIN A 620 /1000
TRAIN A 630 /1000
TRAIN A 640 /1000
TRAIN A 650 /1000
TRAIN A 660 /1000
TRAIN A 670 /1000
TRAIN A 680 /1000
TRAIN A 690 /1000
TRAIN A 700 /1000
TRAIN A 710 /1000
TRAIN A 720 /1000
TRAIN A 730 /1000
TRAIN A 740 /1000
TRAIN A 750 /1000
TRAIN A 760 /1000
TRAIN A 770 /1000
TRAIN A 780 /1000
TRAIN A 790 /1000
TRAIN A 800 /1000
TRAIN A 810 /1000
TRAIN A 820 /1000
TRAIN A 830 /1000
TRAIN A 840 /1000
TRAIN A 850 /1000
TRAIN A 860 /1000
TRAIN A 870 /1000
TRAIN A 880 /1000
TRAIN A 890 /1000
TRAIN A 900 /1000
TRAIN A 910 /1000
TRAIN A 920 /1000
TRAIN A 930 /1000
TRAIN A 940 /1000
TRAIN A 950 /1000
TRAIN A 960 /1000
TRAIN A 970 /1000
TRAIN A 980 /1000
TRAIN A 990 /1000
TRAIN A 1000 /1000
TRAINING PASS A
