REUSE 640 RECOMPUTE 0
START init GPU 5
FINISH init 0
START step0_codec GPU 5
FINISH step0_codec 0
START train GPU 5
FINISH train 1
START train GPU 5
START validation_uvg_validation_mixed_1000_1 GPU 7
START validation_ulong_normal_mixed_1000_0 GPU 4
START validation_ulong_normal_mixed_1000_1 GPU 6
START validation_ulong_normal_mixed_1000_2 GPU 7
START validation_ulong_normal_mixed_1000_3 GPU 4
START validation_ulong_normal_mixed_1000_4 GPU 6
FINISH validation_ulong_normal_mixed_1000_1 0
START validation_ulong_normal_mixed_1000_5 GPU 6
FINISH validation_ulong_normal_mixed_1000_0 0
FINISH validation_ulong_normal_mixed_1000_3 0
FINISH validation_ulong_normal_mixed_1000_4 0
START validation_ulong_normal_mixed_1000_6 GPU 4
START validation_ulong_normal_mixed_1000_7 GPU 6
START validation_ulong_normal_mixed_1000_8 GPU 4
FINISH validation_ulong_normal_mixed_1000_2 0
START validation_ulong_normal_mixed_1000_9 GPU 7
FINISH validation_ulong_normal_mixed_1000_5 0
FINISH validation_ulong_normal_mixed_1000_6 0
START validation_ulong_normal_mixed_1000_10 GPU 4
START validation_ulong_normal_mixed_1000_11 GPU 6
FINISH validation_ulong_normal_mixed_1000_7 0
FINISH validation_ulong_normal_mixed_1000_8 0
START validation_ulong_normal_mixed_1000_12 GPU 4
START validation_ulong_normal_mixed_1000_13 GPU 6
FINISH validation_ulong_normal_mixed_1000_9 0
START validation_ulong_normal_mixed_1000_14 GPU 7
FINISH validation_uvg_validation_mixed_1000_1 0
START validation_ulong_normal_mixed_1000_15 GPU 7
FINISH validation_ulong_normal_mixed_1000_10 0
FINISH validation_ulong_normal_mixed_1000_11 0
START validation_ulong_normal_mixed_1000_16 GPU 4
START validation_ulong_normal_mixed_1000_17 GPU 6
FINISH validation_ulong_normal_mixed_1000_12 0
FINISH validation_ulong_normal_mixed_1000_13 0
START validation_ulong_normal_mixed_1000_18 GPU 4
START validation_ulong_normal_mixed_1000_19 GPU 6
FINISH validation_ulong_normal_mixed_1000_14 0
START validation_ulong_normal_mixed_1000_20 GPU 7
FINISH validation_ulong_normal_mixed_1000_15 0
START validation_ulong_normal_mixed_1000_21 GPU 7
FINISH validation_ulong_normal_mixed_1000_17 0
START validation_ulong_normal_mixed_1000_22 GPU 6
FINISH validation_ulong_normal_mixed_1000_16 0
FINISH validation_ulong_normal_mixed_1000_19 0
START validation_ulong_normal_mixed_1000_23 GPU 6
START validation_ulong_normal_mixed_1000_24 GPU 4
FINISH validation_ulong_normal_mixed_1000_18 0
START validation_ulong_normal_mixed_1000_25 GPU 4
FINISH validation_ulong_normal_mixed_1000_20 0
START validation_ulong_normal_mixed_1000_26 GPU 7
FINISH validation_ulong_normal_mixed_1000_21 0
START validation_ulong_normal_mixed_1000_27 GPU 7
FINISH validation_ulong_normal_mixed_1000_22 0
START validation_ulong_normal_mixed_1000_28 GPU 6
FINISH validation_ulong_normal_mixed_1000_23 0
FINISH validation_ulong_normal_mixed_1000_24 0
START validation_ulong_normal_mixed_1000_29 GPU 6
START validation_ulong_normal_mixed_1000_30 GPU 4
FINISH validation_ulong_normal_mixed_1000_25 0
START validation_ulong_normal_mixed_1000_31 GPU 4
FINISH validation_ulong_normal_mixed_1000_26 0
START validation_ulong_hard_mixed_1000_0 GPU 7
FINISH validation_ulong_normal_mixed_1000_27 0
START validation_ulong_hard_mixed_1000_1 GPU 7
FINISH validation_ulong_normal_mixed_1000_28 0
START validation_ulong_hard_mixed_1000_2 GPU 6
FINISH validation_ulong_normal_mixed_1000_29 0
FINISH validation_ulong_normal_mixed_1000_30 0
START validation_ulong_hard_mixed_1000_3 GPU 6
START validation_ulong_hard_mixed_1000_4 GPU 4
FINISH validation_ulong_normal_mixed_1000_31 0
START validation_ulong_hard_mixed_1000_5 GPU 4
FINISH validation_ulong_hard_mixed_1000_0 0
START validation_ulong_hard_mixed_1000_6 GPU 7
FINISH validation_ulong_hard_mixed_1000_1 0
START validation_ulong_hard_mixed_1000_7 GPU 7
FINISH validation_ulong_hard_mixed_1000_2 0
START validation_ulong_hard_mixed_1000_8 GPU 6
FINISH validation_ulong_hard_mixed_1000_4 0
START validation_ulong_hard_mixed_1000_9 GPU 4
FINISH validation_ulong_hard_mixed_1000_3 0
START validation_ulong_hard_mixed_1000_10 GPU 6
FINISH validation_ulong_hard_mixed_1000_5 0
START validation_ulong_hard_mixed_1000_11 GPU 4
FINISH validation_ulong_hard_mixed_1000_6 0
START validation_ulong_hard_mixed_1000_12 GPU 7
FINISH validation_ulong_hard_mixed_1000_7 0
START validation_ulong_hard_mixed_1000_13 GPU 7
START train GPU 5
START validation_ulong_hard_mixed_1000_8 GPU 7
START validation_ulong_hard_mixed_1000_9 GPU 4
START validation_ulong_hard_mixed_1000_10 GPU 6
START validation_ulong_hard_mixed_1000_11 GPU 7
START validation_ulong_hard_mixed_1000_12 GPU 4
START validation_ulong_hard_mixed_1000_13 GPU 6
FINISH validation_ulong_hard_mixed_1000_8 0
FINISH validation_ulong_hard_mixed_1000_9 0
FINISH validation_ulong_hard_mixed_1000_10 0
FINISH validation_ulong_hard_mixed_1000_11 0
START validation_ulong_hard_mixed_1000_14 GPU 7
START validation_ulong_hard_mixed_1000_15 GPU 6
START validation_ulong_hard_mixed_1000_16 GPU 4
START validation_ulong_hard_mixed_1000_17 GPU 7
FINISH validation_ulong_hard_mixed_1000_12 0
START validation_ulong_hard_mixed_1000_18 GPU 4
FINISH validation_ulong_hard_mixed_1000_13 0
START validation_ulong_hard_mixed_1000_19 GPU 6
FINISH validation_ulong_hard_mixed_1000_14 0
START validation_ulong_hard_mixed_1000_20 GPU 7
FINISH validation_ulong_hard_mixed_1000_15 0
START validation_ulong_hard_mixed_1000_21 GPU 6
FINISH validation_ulong_hard_mixed_1000_16 0
START validation_ulong_hard_mixed_1000_22 GPU 4
FINISH validation_ulong_hard_mixed_1000_17 0
START validation_ulong_hard_mixed_1000_23 GPU 7
FINISH validation_ulong_hard_mixed_1000_18 0
START validation_ulong_hard_mixed_1000_24 GPU 4
FINISH validation_ulong_hard_mixed_1000_19 0
START validation_ulong_hard_mixed_1000_25 GPU 6
FINISH validation_ulong_hard_mixed_1000_20 0
START validation_ulong_hard_mixed_1000_26 GPU 7
FINISH validation_ulong_hard_mixed_1000_21 0
START validation_ulong_hard_mixed_1000_27 GPU 6
FINISH validation_ulong_hard_mixed_1000_22 0
START validation_ulong_hard_mixed_1000_28 GPU 4
FINISH validation_ulong_hard_mixed_1000_23 0
FINISH validation_ulong_hard_mixed_1000_24 0
START validation_ulong_hard_mixed_1000_29 GPU 4
START validation_ulong_hard_mixed_1000_30 GPU 7
FINISH validation_ulong_hard_mixed_1000_25 0
START validation_ulong_hard_mixed_1000_31 GPU 6
FINISH validation_ulong_hard_mixed_1000_26 0
FINISH validation_ulong_hard_mixed_1000_27 0
FINISH validation_ulong_hard_mixed_1000_30 0
FINISH validation_ulong_hard_mixed_1000_28 0
FINISH validation_ulong_hard_mixed_1000_29 0
FINISH validation_ulong_hard_mixed_1000_31 0
FINISH train 0
START validation_uvg_validation_mixed_5000_1 GPU 5
START validation_ulong_normal_mixed_5000_0 GPU 7
START validation_ulong_normal_mixed_5000_1 GPU 4
START validation_ulong_normal_mixed_5000_2 GPU 6
START validation_ulong_normal_mixed_5000_3 GPU 5
START validation_ulong_normal_mixed_5000_4 GPU 7
START validation_ulong_normal_mixed_5000_5 GPU 4
START validation_ulong_normal_mixed_5000_6 GPU 6
FINISH validation_ulong_normal_mixed_5000_0 0
START validation_ulong_normal_mixed_5000_7 GPU 7
FINISH validation_ulong_normal_mixed_5000_4 0
FINISH validation_ulong_normal_mixed_5000_6 0
START validation_ulong_normal_mixed_5000_8 GPU 7
START validation_ulong_normal_mixed_5000_9 GPU 6
FINISH validation_ulong_normal_mixed_5000_2 0
START validation_ulong_normal_mixed_5000_10 GPU 6
FINISH validation_ulong_normal_mixed_5000_1 0
FINISH validation_ulong_normal_mixed_5000_3 0
FINISH validation_ulong_normal_mixed_5000_5 0
START validation_ulong_normal_mixed_5000_11 GPU 4
START validation_ulong_normal_mixed_5000_12 GPU 5
START validation_ulong_normal_mixed_5000_13 GPU 4
FINISH validation_ulong_normal_mixed_5000_7 0
START validation_ulong_normal_mixed_5000_14 GPU 7
FINISH validation_ulong_normal_mixed_5000_8 0
FINISH validation_ulong_normal_mixed_5000_9 0
FINISH validation_ulong_normal_mixed_5000_10 0
START validation_ulong_normal_mixed_5000_15 GPU 6
START validation_ulong_normal_mixed_5000_16 GPU 7
START validation_ulong_normal_mixed_5000_17 GPU 6
FINISH validation_ulong_normal_mixed_5000_11 0
START validation_ulong_normal_mixed_5000_18 GPU 4
FINISH validation_ulong_normal_mixed_5000_13 0
START validation_ulong_normal_mixed_5000_19 GPU 4
FINISH validation_ulong_normal_mixed_5000_12 0
START validation_ulong_normal_mixed_5000_20 GPU 5
FINISH validation_uvg_validation_mixed_5000_1 0
START validation_ulong_normal_mixed_5000_21 GPU 5
FINISH validation_ulong_normal_mixed_5000_14 0
START validation_ulong_normal_mixed_5000_22 GPU 7
FINISH validation_ulong_normal_mixed_5000_15 0
FINISH validation_ulong_normal_mixed_5000_16 0
START validation_ulong_normal_mixed_5000_23 GPU 7
START validation_ulong_normal_mixed_5000_24 GPU 6
FINISH validation_ulong_normal_mixed_5000_17 0
START validation_ulong_normal_mixed_5000_25 GPU 6
FINISH validation_ulong_normal_mixed_5000_18 0
START validation_ulong_normal_mixed_5000_26 GPU 4
FINISH validation_ulong_normal_mixed_5000_19 0
START validation_ulong_normal_mixed_5000_27 GPU 4
FINISH validation_ulong_normal_mixed_5000_20 0
START validation_ulong_normal_mixed_5000_28 GPU 5
FINISH validation_ulong_normal_mixed_5000_21 0
START validation_ulong_normal_mixed_5000_29 GPU 5
FINISH validation_ulong_normal_mixed_5000_24 0
START validation_ulong_normal_mixed_5000_30 GPU 6
FINISH validation_ulong_normal_mixed_5000_22 0
START validation_ulong_normal_mixed_5000_31 GPU 7
FINISH validation_ulong_normal_mixed_5000_23 0
START validation_ulong_hard_mixed_5000_0 GPU 7
FINISH validation_ulong_normal_mixed_5000_25 0
FINISH validation_ulong_normal_mixed_5000_27 0
START validation_ulong_hard_mixed_5000_1 GPU 4
START validation_ulong_hard_mixed_5000_2 GPU 6
FINISH validation_ulong_normal_mixed_5000_26 0
START validation_ulong_hard_mixed_5000_3 GPU 4
FINISH validation_ulong_normal_mixed_5000_28 0
START validation_ulong_hard_mixed_5000_4 GPU 5
FINISH validation_ulong_normal_mixed_5000_29 0
START validation_ulong_hard_mixed_5000_5 GPU 5
FINISH validation_ulong_normal_mixed_5000_31 0
START validation_ulong_hard_mixed_5000_6 GPU 7
FINISH validation_ulong_normal_mixed_5000_30 0
START validation_ulong_hard_mixed_5000_7 GPU 6
FINISH validation_ulong_hard_mixed_5000_0 0
START validation_ulong_hard_mixed_5000_8 GPU 7
FINISH validation_ulong_hard_mixed_5000_1 0
FINISH validation_ulong_hard_mixed_5000_2 0
START validation_ulong_hard_mixed_5000_9 GPU 4
START validation_ulong_hard_mixed_5000_10 GPU 6
FINISH validation_ulong_hard_mixed_5000_3 0
START validation_ulong_hard_mixed_5000_11 GPU 4
FINISH validation_ulong_hard_mixed_5000_4 0
START validation_ulong_hard_mixed_5000_12 GPU 5
FINISH validation_ulong_hard_mixed_5000_5 0
START validation_ulong_hard_mixed_5000_13 GPU 5
FINISH validation_ulong_hard_mixed_5000_7 0
START validation_ulong_hard_mixed_5000_14 GPU 6
FINISH validation_ulong_hard_mixed_5000_6 0
START validation_ulong_hard_mixed_5000_15 GPU 7
FINISH validation_ulong_hard_mixed_5000_8 0
START validation_ulong_hard_mixed_5000_16 GPU 7
FINISH validation_ulong_hard_mixed_5000_10 0
START validation_ulong_hard_mixed_5000_17 GPU 6
FINISH validation_ulong_hard_mixed_5000_9 0
START validation_ulong_hard_mixed_5000_18 GPU 4
FINISH validation_ulong_hard_mixed_5000_11 0
START validation_ulong_hard_mixed_5000_19 GPU 4
FINISH validation_ulong_hard_mixed_5000_12 0
START validation_ulong_hard_mixed_5000_20 GPU 5
FINISH validation_ulong_hard_mixed_5000_13 0
START validation_ulong_hard_mixed_5000_21 GPU 5
FINISH validation_ulong_hard_mixed_5000_14 0
START validation_ulong_hard_mixed_5000_22 GPU 6
FINISH validation_ulong_hard_mixed_5000_15 0
START validation_ulong_hard_mixed_5000_23 GPU 7
FINISH validation_ulong_hard_mixed_5000_16 0
FINISH validation_ulong_hard_mixed_5000_17 0
START validation_ulong_hard_mixed_5000_24 GPU 7
START validation_ulong_hard_mixed_5000_25 GPU 6
FINISH validation_ulong_hard_mixed_5000_18 0
START validation_ulong_hard_mixed_5000_26 GPU 4
FINISH validation_ulong_hard_mixed_5000_19 0
START validation_ulong_hard_mixed_5000_27 GPU 4
FINISH validation_ulong_hard_mixed_5000_20 0
START validation_ulong_hard_mixed_5000_28 GPU 5
FINISH validation_ulong_hard_mixed_5000_21 0
START validation_ulong_hard_mixed_5000_29 GPU 5
FINISH validation_ulong_hard_mixed_5000_23 0
START validation_ulong_hard_mixed_5000_30 GPU 7
FINISH validation_ulong_hard_mixed_5000_22 0
START validation_ulong_hard_mixed_5000_31 GPU 6
FINISH validation_ulong_hard_mixed_5000_24 0
START final_ulong_mixed_1000_0 GPU 7
FINISH validation_ulong_hard_mixed_5000_26 0
START final_ulong_mixed_1000_1 GPU 4
FINISH validation_ulong_hard_mixed_5000_25 0
START final_ulong_mixed_1000_2 GPU 6
FINISH validation_ulong_hard_mixed_5000_27 0
START final_ulong_mixed_1000_3 GPU 4
FINISH validation_ulong_hard_mixed_5000_28 0
START final_ulong_mixed_1000_4 GPU 5
FINISH validation_ulong_hard_mixed_5000_29 0
START final_ulong_mixed_1000_5 GPU 5
FINISH validation_ulong_hard_mixed_5000_30 0
START final_ulong_mixed_1000_6 GPU 7
FINISH validation_ulong_hard_mixed_5000_31 0
START final_ulong_mixed_1000_7 GPU 6
FINISH final_ulong_mixed_1000_2 0
START final_uvg_holdout_mixed_1000_2 GPU 6
FINISH final_ulong_mixed_1000_0 0
START final_uvg_holdout_mixed_1000_3 GPU 7
FINISH final_ulong_mixed_1000_1 0
START final_hevc_b_mixed_1000_0 GPU 4
FINISH final_ulong_mixed_1000_3 0
START final_hevc_b_mixed_1000_1 GPU 4
FINISH final_ulong_mixed_1000_4 0
FINISH final_ulong_mixed_1000_5 0
START final_hevc_b_mixed_1000_2 GPU 5
START final_hevc_b_mixed_1000_3 GPU 5
FINISH final_ulong_mixed_1000_6 0
START final_hevc_b_mixed_1000_4 GPU 7
FINISH final_ulong_mixed_1000_7 0
START final_ulong_mixed_5000_0 GPU 6
FINISH final_uvg_holdout_mixed_1000_2 0
START final_ulong_mixed_5000_1 GPU 6
FINISH final_uvg_holdout_mixed_1000_3 0
START final_ulong_mixed_5000_2 GPU 7
FINISH final_hevc_b_mixed_1000_0 0
START final_ulong_mixed_5000_3 GPU 4
FINISH final_hevc_b_mixed_1000_1 0
START final_ulong_mixed_5000_4 GPU 4
FINISH final_hevc_b_mixed_1000_4 0
START final_ulong_mixed_5000_5 GPU 7
FINISH final_ulong_mixed_5000_0 0
START final_ulong_mixed_5000_6 GPU 6
FINISH final_hevc_b_mixed_1000_2 0
FINISH final_hevc_b_mixed_1000_3 0
START final_ulong_mixed_5000_7 GPU 5
START final_uvg_holdout_mixed_5000_2 GPU 5
FINISH final_ulong_mixed_5000_2 0
START final_uvg_holdout_mixed_5000_3 GPU 7
FINISH final_ulong_mixed_5000_1 0
START final_hevc_b_mixed_5000_0 GPU 6
FINISH final_ulong_mixed_5000_3 0
START final_hevc_b_mixed_5000_1 GPU 4
FINISH final_ulong_mixed_5000_4 0
START final_hevc_b_mixed_5000_2 GPU 4
FINISH final_ulong_mixed_5000_5 0
START final_hevc_b_mixed_5000_3 GPU 7
FINISH final_ulong_mixed_5000_6 0
START final_hevc_b_mixed_5000_4 GPU 6
FINISH final_ulong_mixed_5000_7 0
FINISH final_uvg_holdout_mixed_5000_2 0
FINISH final_uvg_holdout_mixed_5000_3 0
FINISH final_hevc_b_mixed_5000_0 0
FINISH final_hevc_b_mixed_5000_1 0
FINISH final_hevc_b_mixed_5000_2 0
FINISH final_hevc_b_mixed_5000_3 0
FINISH final_hevc_b_mixed_5000_4 0
EXPERIMENT PASS
