START train_F_scale_ste GPU 4 PID 1618083
START train_J_scale_ste GPU 6 PID 1618086
FINISH train_F_scale_ste returncode 0
START smoke_FSTE1500 GPU 4 PID 1621032
START heldout_FSTE1500 GPU 7 PID 1621033
FINISH train_J_scale_ste returncode 0
START smoke_JSTE1500 GPU 6 PID 1621666
START heldout_JSTE1500 GPU 5 PID 1621667
FINISH smoke_FSTE1500 returncode 0
START eval_uvg_FSTE1500_0 GPU 4 PID 1623046
START eval_uvg_FSTE1500_1 GPU 7 PID 1623047
START eval_uvg_FSTE1500_2 GPU 5 PID 1623052
START eval_uvg_FSTE1500_3 GPU 4 PID 1623053
START eval_uvg_FSTE1500_4 GPU 6 PID 1623054
START eval_uvg_FSTE1500_5 GPU 7 PID 1623055
START eval_uvg_FSTE1500_6 GPU 5 PID 1623060
FINISH smoke_JSTE1500 returncode 0
START eval_ulong_FSTE1500_0 GPU 6 PID 1623971
START eval_ulong_FSTE1500_1 GPU 4 PID 1628111
FINISH eval_uvg_FSTE1500_0 returncode 0
FINISH eval_uvg_FSTE1500_1 returncode 0
START eval_ulong_FSTE1500_2 GPU 7 PID 1633358
FINISH eval_uvg_FSTE1500_4 returncode 0
FINISH eval_uvg_FSTE1500_5 returncode 0
START eval_ulong_FSTE1500_3 GPU 6 PID 1633489
START eval_ulong_FSTE1500_4 GPU 7 PID 1633490
FINISH eval_uvg_FSTE1500_2 returncode 0
FINISH eval_uvg_FSTE1500_6 returncode 0
START eval_ulong_FSTE1500_5 GPU 5 PID 1633661
START eval_ulong_FSTE1500_6 GPU 5 PID 1633662
FINISH eval_ulong_FSTE1500_0 returncode 0
START eval_ulong_FSTE1500_7 GPU 6 PID 1634221
START fid_uvg_FSTE1500 GPU None PID 1634482
FINISH eval_uvg_FSTE1500_3 returncode 0
START eval_virat720_FSTE1500_0 GPU 4 PID 1634627
FINISH fid_uvg_FSTE1500 returncode 0
START eval_virat720_FSTE1500_1 GPU 6 PID 1636722
FINISH eval_ulong_FSTE1500_1 returncode 0
START eval_virat720_FSTE1500_2 GPU 4 PID 1638706
FINISH eval_virat720_FSTE1500_0 returncode 0
START eval_virat720_FSTE1500_3 GPU 4 PID 1642775
FINISH eval_ulong_FSTE1500_2 returncode 0
START eval_virat720_FSTE1500_4 GPU 7 PID 1643354
FINISH eval_ulong_FSTE1500_4 returncode 0
START eval_virat720_FSTE1500_5 GPU 7 PID 1643493
FINISH eval_ulong_FSTE1500_5 returncode 0
FINISH eval_ulong_FSTE1500_6 returncode 0
START eval_virat720_FSTE1500_6 GPU 5 PID 1643881
START eval_virat720_FSTE1500_7 GPU 5 PID 1643882
FINISH eval_ulong_FSTE1500_3 returncode 0
START fid_ulong_FSTE1500 GPU None PID 1645628
FINISH eval_ulong_FSTE1500_7 returncode 0
START eval_virat480_FSTE1500_0 GPU 6 PID 1645756
FINISH fid_ulong_FSTE1500 returncode 0
FINISH eval_virat720_FSTE1500_2 returncode 0
START eval_virat480_FSTE1500_1 GPU 4 PID 1646725
FINISH eval_virat720_FSTE1500_1 returncode 0
START eval_virat480_FSTE1500_2 GPU 6 PID 1647978
FINISH eval_virat720_FSTE1500_6 returncode 0
FINISH eval_virat720_FSTE1500_7 returncode 0
START eval_virat480_FSTE1500_3 GPU 5 PID 1648941
START eval_virat480_FSTE1500_4 GPU 5 PID 1648942
FINISH eval_virat720_FSTE1500_5 returncode 0
START eval_virat480_FSTE1500_5 GPU 7 PID 1649289
FINISH eval_virat720_FSTE1500_3 returncode 0
START fid_virat720_FSTE1500 GPU None PID 1651382
START eval_virat480_FSTE1500_6 GPU 4 PID 1651390
FINISH eval_virat720_FSTE1500_4 returncode 0
START eval_virat480_FSTE1500_7 GPU 7 PID 1651569
FINISH fid_virat720_FSTE1500 returncode 0
FINISH eval_virat480_FSTE1500_0 returncode 0
START eval_uvg_JSTE1500_0 GPU 6 PID 1652751
FINISH eval_virat480_FSTE1500_5 returncode 0
START eval_uvg_JSTE1500_1 GPU 7 PID 1653764
FINISH eval_virat480_FSTE1500_1 returncode 0
START eval_uvg_JSTE1500_2 GPU 4 PID 1653938
FINISH eval_virat480_FSTE1500_2 returncode 0
START eval_uvg_JSTE1500_3 GPU 6 PID 1654586
FINISH eval_virat480_FSTE1500_6 returncode 0
START eval_uvg_JSTE1500_4 GPU 4 PID 1655784
FINISH eval_virat480_FSTE1500_3 returncode 0
FINISH eval_virat480_FSTE1500_7 returncode 0
START eval_uvg_JSTE1500_5 GPU 7 PID 1655993
START eval_uvg_JSTE1500_6 GPU 5 PID 1655994
FINISH eval_virat480_FSTE1500_4 returncode 0
START fid_virat480_FSTE1500 GPU None PID 1656176
START eval_ulong_JSTE1500_0 GPU 5 PID 1656187
FINISH fid_virat480_FSTE1500 returncode 0
FINISH heldout_FSTE1500 returncode 0
START eval_ulong_JSTE1500_1 GPU 7 PID 1661195
FINISH eval_uvg_JSTE1500_0 returncode 0
START eval_ulong_JSTE1500_2 GPU 6 PID 1661455
START eval_ulong_JSTE1500_3 GPU 4 PID 1663428
FINISH eval_uvg_JSTE1500_2 returncode 0
FINISH eval_uvg_JSTE1500_1 returncode 0
FINISH eval_uvg_JSTE1500_3 returncode 0
START eval_ulong_JSTE1500_4 GPU 6 PID 1666121
FINISH eval_uvg_JSTE1500_6 returncode 0
START eval_ulong_JSTE1500_5 GPU 5 PID 1666984
FINISH eval_uvg_JSTE1500_4 returncode 0
START eval_ulong_JSTE1500_6 GPU 4 PID 1667422
FINISH eval_uvg_JSTE1500_5 returncode 0
START fid_uvg_JSTE1500 GPU None PID 1667666
START eval_ulong_JSTE1500_7 GPU 7 PID 1667678
FINISH fid_uvg_JSTE1500 returncode 0
START eval_virat720_JSTE1500_0 GPU 4 PID 1668341
FINISH eval_ulong_JSTE1500_0 returncode 0
START eval_virat720_JSTE1500_1 GPU 5 PID 1668481
START eval_virat720_JSTE1500_2 GPU 6 PID 1670949
FINISH eval_ulong_JSTE1500_2 returncode 0
FINISH eval_ulong_JSTE1500_1 returncode 0
START eval_virat720_JSTE1500_3 GPU 7 PID 1673474
FINISH eval_ulong_JSTE1500_3 returncode 0
FINISH eval_ulong_JSTE1500_4 returncode 0
START eval_virat720_JSTE1500_4 GPU 6 PID 1677396
START eval_virat720_JSTE1500_5 GPU 6 PID 1677397
FINISH heldout_JSTE1500 returncode 0
FINISH eval_ulong_JSTE1500_5 returncode 0
START eval_virat720_JSTE1500_6 GPU 5 PID 1677945
FINISH eval_ulong_JSTE1500_7 returncode 0
START eval_virat720_JSTE1500_7 GPU 7 PID 1678228
FINISH eval_virat720_JSTE1500_1 returncode 0
START eval_virat480_JSTE1500_0 GPU 5 PID 1679425
FINISH eval_ulong_JSTE1500_6 returncode 0
START fid_ulong_JSTE1500 GPU None PID 1680030
START eval_virat480_JSTE1500_1 GPU 4 PID 1680038
START eval_virat480_JSTE1500_2 GPU 7 PID 1680368
FINISH fid_ulong_JSTE1500 returncode 0
FINISH eval_virat720_JSTE1500_0 returncode 0
START eval_virat480_JSTE1500_3 GPU 4 PID 1680780
FINISH eval_virat720_JSTE1500_2 returncode 0
FINISH eval_virat720_JSTE1500_3 returncode 0
FINISH eval_virat720_JSTE1500_6 returncode 0
START eval_virat480_JSTE1500_4 GPU 5 PID 1683362
FINISH eval_virat720_JSTE1500_7 returncode 0
START eval_virat480_JSTE1500_5 GPU 7 PID 1684767
FINISH eval_virat720_JSTE1500_5 returncode 0
START eval_virat480_JSTE1500_6 GPU 6 PID 1684885
FINISH eval_virat480_JSTE1500_0 returncode 0
START eval_virat480_JSTE1500_7 GPU 5 PID 1686815
START fid_virat720_JSTE1500 GPU None PID 1686920
FINISH eval_virat720_JSTE1500_4 returncode 0
FINISH eval_virat480_JSTE1500_1 returncode 0
FINISH fid_virat720_JSTE1500 returncode 0
FINISH eval_virat480_JSTE1500_3 returncode 0
FINISH eval_virat480_JSTE1500_2 returncode 0
FINISH eval_virat480_JSTE1500_5 returncode 0
FINISH eval_virat480_JSTE1500_6 returncode 0
FINISH eval_virat480_JSTE1500_4 returncode 0
START fid_virat480_JSTE1500 GPU None PID 1690473
FINISH eval_virat480_JSTE1500_7 returncode 0
FINISH fid_virat480_JSTE1500 returncode 0
EXPERIMENT PASS
