cannot import cuda implementation for inference, fallback to pytorch.
[DMCI] Loading pretrained Encoder from /Huang_group/zyyz/Projects/GVC-RT/checkpoints/GVC-RT_I.pt...
==> [DMCI] Attempting full model load from: /Huang_group/zyyz/Projects/GVC-RT/checkpoints/GVC-RT_I.pt
    ⚠️ [WARNING] No 'ema' or 'student' key. Using default state_dict...
-------------------------------------------------------
Sub-Module                | Parameters Loaded
-------------------------------------------------------
enc (Encoder)             | 74         ✅
dec (Latent Dec)          | 120        ✅
recon (Recon Head)        | 212        ✅
entropy (Prior/Hyper)     | 190        ✅
-------------------------------------------------------
==> [DMCI] Full Load Finished.
/Huang_group/zyyz/home_dir/.conda/envs/gvc-rt/lib/python3.12/site-packages/torchvision/models/_utils.py:208: UserWarning: The parameter 'pretrained' is deprecated since 0.13 and may be removed in the future, please use 'weights' instead.
  warnings.warn(
/Huang_group/zyyz/home_dir/.conda/envs/gvc-rt/lib/python3.12/site-packages/torchvision/models/_utils.py:223: UserWarning: Arguments other than a weight enum or `None` for 'weights' are deprecated since 0.13 and may be removed in the future. The current behavior is equivalent to passing `weights=AlexNet_Weights.IMAGENET1K_V1`. You can also use `weights=AlexNet_Weights.DEFAULT` to get the most up-to-date weights.
  warnings.warn(msg)
/Huang_group/zyyz/home_dir/.conda/envs/gvc-rt/lib/python3.12/site-packages/torchvision/models/_utils.py:223: UserWarning: Arguments other than a weight enum or `None` for 'weights' are deprecated since 0.13 and may be removed in the future. The current behavior is equivalent to passing `weights=VGG16_Weights.IMAGENET1K_V1`. You can also use `weights=VGG16_Weights.DEFAULT` to get the most up-to-date weights.
  warnings.warn(msg)
TRAIN F_scale_ste 1001
TRAIN F_scale_ste 1005
TRAIN F_scale_ste 1010
TRAIN F_scale_ste 1015
TRAIN F_scale_ste 1020
TRAIN F_scale_ste 1025
TRAIN F_scale_ste 1030
TRAIN F_scale_ste 1035
TRAIN F_scale_ste 1040
TRAIN F_scale_ste 1045
TRAIN F_scale_ste 1050
TRAIN F_scale_ste 1055
TRAIN F_scale_ste 1060
TRAIN F_scale_ste 1065
TRAIN F_scale_ste 1070
TRAIN F_scale_ste 1075
TRAIN F_scale_ste 1080
TRAIN F_scale_ste 1085
TRAIN F_scale_ste 1090
TRAIN F_scale_ste 1095
TRAIN F_scale_ste 1100
TRAIN F_scale_ste 1105
TRAIN F_scale_ste 1110
TRAIN F_scale_ste 1115
TRAIN F_scale_ste 1120
TRAIN F_scale_ste 1125
TRAIN F_scale_ste 1130
TRAIN F_scale_ste 1135
TRAIN F_scale_ste 1140
TRAIN F_scale_ste 1145
TRAIN F_scale_ste 1150
TRAIN F_scale_ste 1155
TRAIN F_scale_ste 1160
TRAIN F_scale_ste 1165
TRAIN F_scale_ste 1170
TRAIN F_scale_ste 1175
TRAIN F_scale_ste 1180
TRAIN F_scale_ste 1185
TRAIN F_scale_ste 1190
TRAIN F_scale_ste 1195
TRAIN F_scale_ste 1200
TRAIN F_scale_ste 1205
TRAIN F_scale_ste 1210
TRAIN F_scale_ste 1215
TRAIN F_scale_ste 1220
TRAIN F_scale_ste 1225
TRAIN F_scale_ste 1230
TRAIN F_scale_ste 1235
TRAIN F_scale_ste 1240
TRAIN F_scale_ste 1245
TRAIN F_scale_ste 1250
TRAIN F_scale_ste 1255
TRAIN F_scale_ste 1260
TRAIN F_scale_ste 1265
TRAIN F_scale_ste 1270
TRAIN F_scale_ste 1275
TRAIN F_scale_ste 1280
TRAIN F_scale_ste 1285
TRAIN F_scale_ste 1290
TRAIN F_scale_ste 1295
TRAIN F_scale_ste 1300
TRAIN F_scale_ste 1305
TRAIN F_scale_ste 1310
TRAIN F_scale_ste 1315
TRAIN F_scale_ste 1320
TRAIN F_scale_ste 1325
TRAIN F_scale_ste 1330
TRAIN F_scale_ste 1335
TRAIN F_scale_ste 1340
TRAIN F_scale_ste 1345
TRAIN F_scale_ste 1350
TRAIN F_scale_ste 1355
TRAIN F_scale_ste 1360
TRAIN F_scale_ste 1365
TRAIN F_scale_ste 1370
TRAIN F_scale_ste 1375
TRAIN F_scale_ste 1380
TRAIN F_scale_ste 1385
TRAIN F_scale_ste 1390
TRAIN F_scale_ste 1395
TRAIN F_scale_ste 1400
TRAIN F_scale_ste 1405
TRAIN F_scale_ste 1410
TRAIN F_scale_ste 1415
TRAIN F_scale_ste 1420
TRAIN F_scale_ste 1425
TRAIN F_scale_ste 1430
TRAIN F_scale_ste 1435
TRAIN F_scale_ste 1440
TRAIN F_scale_ste 1445
TRAIN F_scale_ste 1450
TRAIN F_scale_ste 1455
TRAIN F_scale_ste 1460
TRAIN F_scale_ste 1465
TRAIN F_scale_ste 1470
TRAIN F_scale_ste 1475
TRAIN F_scale_ste 1480
TRAIN F_scale_ste 1485
TRAIN F_scale_ste 1490
TRAIN F_scale_ste 1495
TRAIN F_scale_ste 1500
