cannot import cuda implementation for inference, fallback to pytorch.
[DMCI] Loading pretrained Encoder from /Huang_group/zyyz/Projects/GVC-RT/checkpoints/GVC-RT_I.pt...
==> [DMCI] Attempting full model load from: /Huang_group/zyyz/Projects/GVC-RT/checkpoints/GVC-RT_I.pt
    ⚠️ [WARNING] No 'ema' or 'student' key. Using default state_dict...
-------------------------------------------------------
Sub-Module                | Parameters Loaded
-------------------------------------------------------
enc (Encoder)             | 74         ✅
dec (Latent Dec)          | 120        ✅
recon (Recon Head)        | 212        ✅
entropy (Prior/Hyper)     | 190        ✅
-------------------------------------------------------
==> [DMCI] Full Load Finished.
/Huang_group/zyyz/home_dir/.conda/envs/gvc-rt/lib/python3.12/site-packages/torchvision/models/_utils.py:208: UserWarning: The parameter 'pretrained' is deprecated since 0.13 and may be removed in the future, please use 'weights' instead.
  warnings.warn(
/Huang_group/zyyz/home_dir/.conda/envs/gvc-rt/lib/python3.12/site-packages/torchvision/models/_utils.py:223: UserWarning: Arguments other than a weight enum or `None` for 'weights' are deprecated since 0.13 and may be removed in the future. The current behavior is equivalent to passing `weights=AlexNet_Weights.IMAGENET1K_V1`. You can also use `weights=AlexNet_Weights.DEFAULT` to get the most up-to-date weights.
  warnings.warn(msg)
/Huang_group/zyyz/home_dir/.conda/envs/gvc-rt/lib/python3.12/site-packages/torchvision/models/_utils.py:223: UserWarning: Arguments other than a weight enum or `None` for 'weights' are deprecated since 0.13 and may be removed in the future. The current behavior is equivalent to passing `weights=VGG16_Weights.IMAGENET1K_V1`. You can also use `weights=VGG16_Weights.DEFAULT` to get the most up-to-date weights.
  warnings.warn(msg)
TRAIN J_scale_ste 1001
TRAIN J_scale_ste 1005
TRAIN J_scale_ste 1010
TRAIN J_scale_ste 1015
TRAIN J_scale_ste 1020
TRAIN J_scale_ste 1025
TRAIN J_scale_ste 1030
TRAIN J_scale_ste 1035
TRAIN J_scale_ste 1040
TRAIN J_scale_ste 1045
TRAIN J_scale_ste 1050
TRAIN J_scale_ste 1055
TRAIN J_scale_ste 1060
TRAIN J_scale_ste 1065
TRAIN J_scale_ste 1070
TRAIN J_scale_ste 1075
TRAIN J_scale_ste 1080
TRAIN J_scale_ste 1085
TRAIN J_scale_ste 1090
TRAIN J_scale_ste 1095
TRAIN J_scale_ste 1100
TRAIN J_scale_ste 1105
TRAIN J_scale_ste 1110
TRAIN J_scale_ste 1115
TRAIN J_scale_ste 1120
TRAIN J_scale_ste 1125
TRAIN J_scale_ste 1130
TRAIN J_scale_ste 1135
TRAIN J_scale_ste 1140
TRAIN J_scale_ste 1145
TRAIN J_scale_ste 1150
TRAIN J_scale_ste 1155
TRAIN J_scale_ste 1160
TRAIN J_scale_ste 1165
TRAIN J_scale_ste 1170
TRAIN J_scale_ste 1175
TRAIN J_scale_ste 1180
TRAIN J_scale_ste 1185
TRAIN J_scale_ste 1190
TRAIN J_scale_ste 1195
TRAIN J_scale_ste 1200
TRAIN J_scale_ste 1205
TRAIN J_scale_ste 1210
TRAIN J_scale_ste 1215
TRAIN J_scale_ste 1220
TRAIN J_scale_ste 1225
TRAIN J_scale_ste 1230
TRAIN J_scale_ste 1235
TRAIN J_scale_ste 1240
TRAIN J_scale_ste 1245
TRAIN J_scale_ste 1250
TRAIN J_scale_ste 1255
TRAIN J_scale_ste 1260
TRAIN J_scale_ste 1265
TRAIN J_scale_ste 1270
TRAIN J_scale_ste 1275
TRAIN J_scale_ste 1280
TRAIN J_scale_ste 1285
TRAIN J_scale_ste 1290
TRAIN J_scale_ste 1295
TRAIN J_scale_ste 1300
TRAIN J_scale_ste 1305
TRAIN J_scale_ste 1310
TRAIN J_scale_ste 1315
TRAIN J_scale_ste 1320
TRAIN J_scale_ste 1325
TRAIN J_scale_ste 1330
TRAIN J_scale_ste 1335
TRAIN J_scale_ste 1340
TRAIN J_scale_ste 1345
TRAIN J_scale_ste 1350
TRAIN J_scale_ste 1355
TRAIN J_scale_ste 1360
TRAIN J_scale_ste 1365
TRAIN J_scale_ste 1370
TRAIN J_scale_ste 1375
TRAIN J_scale_ste 1380
TRAIN J_scale_ste 1385
TRAIN J_scale_ste 1390
TRAIN J_scale_ste 1395
TRAIN J_scale_ste 1400
TRAIN J_scale_ste 1405
TRAIN J_scale_ste 1410
TRAIN J_scale_ste 1415
TRAIN J_scale_ste 1420
TRAIN J_scale_ste 1425
TRAIN J_scale_ste 1430
TRAIN J_scale_ste 1435
TRAIN J_scale_ste 1440
TRAIN J_scale_ste 1445
TRAIN J_scale_ste 1450
TRAIN J_scale_ste 1455
TRAIN J_scale_ste 1460
TRAIN J_scale_ste 1465
TRAIN J_scale_ste 1470
TRAIN J_scale_ste 1475
TRAIN J_scale_ste 1480
TRAIN J_scale_ste 1485
TRAIN J_scale_ste 1490
TRAIN J_scale_ste 1495
TRAIN J_scale_ste 1500
