VALIDATION MANIFEST normal 32
VALIDATION MANIFEST hard 32
RGB PASS Beauty
RGB PASS ReadySteadyGo
RGB PASS ShakeNDry
RGB PASS YachtRide
RGB PASS fee5d9ad-e77d-44cd-b576-d588d7a0ce9d
RGB PASS 0834e99f-94bc-4568-a7c2-f7022dade8e1
RGB PASS 98881c99-ebda-4469-bbe4-0ee789ff217d
RGB PASS 3ed03b37-46cd-442c-a790-29fd5ed72122
RGB PASS ce6f8354-ba57-487f-9f25-1b1271db4511
RGB PASS 259bf3b4-4af4-4e1a-af3e-4b7df23dc061
RGB PASS c46605a6-f6f6-4053-849d-455de2e6edb9
RGB PASS f0f6a0ec-d531-4a1b-9d18-d7541bd0132d
RGB PASS HoneyBee
RGB PASS Jockey
RGB PASS BasketballDrive
RGB PASS BQTerrace
RGB PASS Cactus
RGB PASS Kimono1
RGB PASS ParkScene
RGB PASS Bosphorus
PREFLIGHT PASS
