REUSED 140 MISSING 0
START init GPU 5 PID 2358394
FINISH init 0
START step0_codec GPU 5 PID 2358649
FINISH step0_codec 0
STEP0 CODEC EQUALITY PASS
START train GPU 5 PID 2360100
START validation_0 GPU 7 PID 2360101
START fit_0_0 GPU 6 PID 2360102
START fit_0_4 GPU 4 PID 2360103
FINISH fit_0_0 0
START fit_0_5 GPU 6 PID 2362309
FINISH fit_0_4 0
START fit_0_6 GPU 4 PID 2363483
FINISH fit_0_5 1
START validation_250 GPU 6 PID 2364452
FINISH validation_250 1
START validation_250 GPU 6 PID 2364552
FINISH validation_250 1
START validation_250 GPU 6 PID 2364688
Traceback (most recent call last):
  File "/Huang_group/zyyz/Projects/GVC-RT/experiments/gvcrt_neural_wrapper_v6_14_uvg_target_domain_finetune/run_pipeline.py", line 113, in <module>
    try:main()
        ^^^^^^
  File "/Huang_group/zyyz/Projects/GVC-RT/experiments/gvcrt_neural_wrapper_v6_14_uvg_target_domain_finetune/run_pipeline.py", line 80, in main
    assert attempts.get(key,0)<3,f'{key} failed repeatedly; inspect {w["log"]}'
           ^^^^^^^^^^^^^^^^^^^^^
AssertionError: validation_250 failed repeatedly; inspect /Huang_group/zyyz/Projects/GVC-RT/experiments/gvcrt_neural_wrapper_v6_14_uvg_target_domain_finetune/logs/validation_250.log
START validation_250 GPU 5 PID 2431531
START validation_500 GPU 7 PID 2431532
START validation_1000 GPU 4 PID 2431533
START fit_1000_0 GPU 6 PID 2431534
FINISH fit_1000_0 0
START fit_1000_4 GPU 6 PID 2433305
FINISH fit_1000_4 0
START fit_1000_5 GPU 6 PID 2435084
FINISH validation_1000 0
START fit_1000_6 GPU 4 PID 2436707
FINISH fit_1000_5 0
START validation_2000 GPU 6 PID 2436788
FINISH validation_250 0
FINISH validation_500 0
START validation_3000 GPU 5 PID 2436876
START fit_3000_0 GPU 7 PID 2436877
FINISH fit_1000_6 0
START fit_3000_4 GPU 4 PID 2438478
FINISH fit_3000_0 0
START fit_3000_5 GPU 7 PID 2438656
FINISH fit_3000_4 0
START fit_3000_6 GPU 4 PID 2440211
FINISH fit_3000_5 0
START validation_5000 GPU 7 PID 2440385
FINISH validation_2000 0
START fit_5000_0 GPU 6 PID 2441848
FINISH fit_3000_6 0
START fit_5000_4 GPU 4 PID 2441931
FINISH validation_3000 0
START fit_5000_5 GPU 5 PID 2442130
FINISH fit_5000_0 0
START fit_5000_6 GPU 6 PID 2443592
FINISH fit_5000_4 0
FINISH fit_5000_5 0
FINISH fit_5000_6 0
FINISH validation_5000 0
VALIDATION SELECTION FROZEN
START final_uvg_adapt_5000_0 GPU 5 PID 2445236
START final_uvg_adapt_5000_2 GPU 7 PID 2445237
START final_uvg_adapt_5000_3 GPU 4 PID 2445238
START final_uvg_adapt_5000_4 GPU 6 PID 2445239
FINISH final_uvg_adapt_5000_4 0
START final_uvg_adapt_5000_5 GPU 6 PID 2449077
FINISH final_uvg_adapt_5000_0 0
START final_uvg_adapt_5000_6 GPU 5 PID 2449180
FINISH final_uvg_adapt_5000_2 0
START final_uvg_adapt_1000_0 GPU 7 PID 2450624
FINISH final_uvg_adapt_5000_3 0
START final_uvg_adapt_1000_2 GPU 4 PID 2451244
FINISH final_uvg_adapt_5000_5 0
START final_uvg_adapt_1000_3 GPU 6 PID 2453311
FINISH final_uvg_adapt_5000_6 0
START final_uvg_adapt_1000_4 GPU 5 PID 2453692
FINISH final_uvg_adapt_1000_0 0
START final_uvg_adapt_1000_5 GPU 7 PID 2454940
FINISH final_uvg_adapt_1000_2 0
START final_uvg_adapt_1000_6 GPU 4 PID 2456764
FINISH final_uvg_adapt_1000_4 0
FINISH final_uvg_adapt_1000_3 0
FINISH final_uvg_adapt_1000_5 0
FINISH final_uvg_adapt_1000_6 0
EXPERIMENT PASS
