START fid_uvg_original GPU None PID 258609
START fid_ulong_original GPU None PID 258610
START fid_virat720_original GPU None PID 258611
START fid_virat480_original GPU None PID 258613
START train_J_joint_core GPU 6 PID 258623
FINISH fid_uvg_original returncode 0
FINISH fid_ulong_original returncode 0
FINISH fid_virat720_original returncode 0
FINISH fid_virat480_original returncode 0
START smoke_J1500 GPU 4 PID 261253
START heldout_J1500 GPU 5 PID 261254
FINISH smoke_J1500 returncode 1
START smoke_J1500 GPU 6 PID 261703
FINISH smoke_J1500 returncode 1
START smoke_J1500 GPU 5 PID 262127
FINISH smoke_J1500 returncode 1
START smoke_J1500 GPU 7 PID 262642
Traceback (most recent call last):
  File "/Huang_group/zyyz/Projects/GVC-RT/experiments/gvcrt_neural_wrapper_v6_11_joint_compression_adaptation/run_pipeline.py", line 45, in <module>
    try:main()
        ^^^^^^
  File "/Huang_group/zyyz/Projects/GVC-RT/experiments/gvcrt_neural_wrapper_v6_11_joint_compression_adaptation/run_pipeline.py", line 42, in main
    run()
  File "/Huang_group/zyyz/Projects/GVC-RT/experiments/gvcrt_neural_wrapper_v6_11_joint_compression_adaptation/parallel_scheduler.py", line 119, in run
    assert attempts.get(key,1)<4,f'{key} failed four attempts'
           ^^^^^^^^^^^^^^^^^^^^^
AssertionError: smoke_J1500 failed four attempts
START smoke_J1500 GPU 6 PID 271439
START smoke_J2000 GPU 4 PID 271440
START heldout_J1500 GPU 5 PID 271441
START heldout_J2000 GPU 6 PID 271442
FINISH smoke_J2000 returncode 0
START eval_uvg_J1500_0 GPU 4 PID 273382
START eval_uvg_J1500_1 GPU 4 PID 273383
START eval_uvg_J1500_2 GPU 5 PID 273384
START eval_uvg_J1500_3 GPU 7 PID 273385
START eval_uvg_J1500_4 GPU 6 PID 273386
START eval_uvg_J1500_5 GPU 4 PID 273387
START eval_uvg_J1500_6 GPU 5 PID 273388
FINISH smoke_J1500 returncode 0
START eval_ulong_J1500_0 GPU 6 PID 273568
START eval_ulong_J1500_1 GPU 7 PID 273569
FINISH eval_uvg_J1500_3 returncode 0
START eval_ulong_J1500_2 GPU 7 PID 284618
FINISH eval_ulong_J1500_1 returncode 0
START eval_ulong_J1500_3 GPU 7 PID 284917
FINISH eval_uvg_J1500_4 returncode 0
START eval_ulong_J1500_4 GPU 6 PID 285280
FINISH eval_ulong_J1500_0 returncode 0
START eval_ulong_J1500_5 GPU 6 PID 285605
FINISH eval_uvg_J1500_0 returncode 0
START eval_ulong_J1500_6 GPU 4 PID 285926
FINISH eval_uvg_J1500_1 returncode 0
START eval_ulong_J1500_7 GPU 4 PID 287542
FINISH eval_uvg_J1500_2 returncode 0
FINISH eval_uvg_J1500_6 returncode 0
START eval_virat720_J1500_0 GPU 5 PID 287667
START eval_virat720_J1500_1 GPU 5 PID 287668
FINISH eval_uvg_J1500_5 returncode 0
START fid_uvg_J1500 GPU None PID 288227
START eval_virat720_J1500_2 GPU 4 PID 288235
FINISH fid_uvg_J1500 returncode 0
FINISH eval_ulong_J1500_2 returncode 0
START eval_virat720_J1500_3 GPU 7 PID 294845
FINISH eval_ulong_J1500_3 returncode 0
START eval_virat720_J1500_4 GPU 7 PID 295332
FINISH heldout_J1500 returncode 0
FINISH eval_ulong_J1500_4 returncode 0
START eval_virat720_J1500_5 GPU 6 PID 295609
FINISH eval_ulong_J1500_5 returncode 0
START eval_virat720_J1500_6 GPU 6 PID 296317
FINISH eval_virat720_J1500_0 returncode 0
FINISH eval_virat720_J1500_1 returncode 0
START eval_virat720_J1500_7 GPU 5 PID 299560
START eval_virat480_J1500_0 GPU 5 PID 299561
FINISH eval_ulong_J1500_6 returncode 0
START eval_virat480_J1500_1 GPU 4 PID 299884
FINISH eval_virat720_J1500_5 returncode 0
START eval_virat480_J1500_2 GPU 6 PID 300623
FINISH eval_virat720_J1500_2 returncode 0
START eval_virat480_J1500_3 GPU 4 PID 300808
FINISH eval_virat720_J1500_6 returncode 0
START fid_ulong_J1500 GPU None PID 301124
START eval_virat480_J1500_4 GPU 6 PID 301132
FINISH eval_ulong_J1500_7 returncode 0
START eval_virat480_J1500_5 GPU 4 PID 301339
FINISH fid_ulong_J1500 returncode 0
FINISH eval_virat720_J1500_3 returncode 0
START eval_virat480_J1500_6 GPU 7 PID 304190
FINISH eval_virat720_J1500_4 returncode 0
START eval_virat480_J1500_7 GPU 7 PID 304784
FINISH eval_virat720_J1500_7 returncode 0
START fid_virat720_J1500 GPU None PID 306206
START eval_uvg_J2000_0 GPU 5 PID 306214
FINISH eval_virat480_J1500_5 returncode 0
FINISH fid_virat720_J1500 returncode 0
START eval_uvg_J2000_1 GPU 4 PID 307291
FINISH eval_virat480_J1500_2 returncode 0
START eval_uvg_J2000_2 GPU 6 PID 308029
FINISH eval_virat480_J1500_0 returncode 0
FINISH eval_virat480_J1500_1 returncode 0
START eval_uvg_J2000_3 GPU 5 PID 308432
START eval_uvg_J2000_4 GPU 4 PID 308433
FINISH eval_virat480_J1500_4 returncode 0
FINISH eval_virat480_J1500_6 returncode 0
START eval_uvg_J2000_5 GPU 6 PID 308597
START eval_uvg_J2000_6 GPU 7 PID 308598
FINISH eval_virat480_J1500_3 returncode 0
FINISH eval_virat480_J1500_7 returncode 0
START fid_virat480_J1500 GPU None PID 308976
START eval_ulong_J2000_0 GPU 4 PID 308984
START eval_ulong_J2000_1 GPU 7 PID 308993
FINISH fid_virat480_J1500 returncode 0
FINISH heldout_J2000 returncode 0
START eval_ulong_J2000_2 GPU 6 PID 312607
FINISH eval_uvg_J2000_0 returncode 0
START eval_ulong_J2000_3 GPU 5 PID 317611
START eval_ulong_J2000_4 GPU 7 PID 317765
FINISH eval_uvg_J2000_6 returncode 0
FINISH eval_ulong_J2000_1 returncode 0
START eval_ulong_J2000_5 GPU 7 PID 321487
FINISH eval_uvg_J2000_3 returncode 0
START eval_ulong_J2000_6 GPU 5 PID 322183
FINISH eval_ulong_J2000_4 returncode 0
START eval_ulong_J2000_7 GPU 7 PID 326112
FINISH eval_ulong_J2000_3 returncode 0
START eval_virat720_J2000_0 GPU 5 PID 327168
FINISH eval_uvg_J2000_2 returncode 0
FINISH eval_ulong_J2000_5 returncode 0
START eval_virat720_J2000_1 GPU 7 PID 329517
FINISH eval_uvg_J2000_1 returncode 0
FINISH eval_uvg_J2000_5 returncode 0
FINISH eval_ulong_J2000_6 returncode 0
START eval_virat720_J2000_2 GPU 5 PID 331979
FINISH eval_uvg_J2000_4 returncode 0
START fid_uvg_J2000 GPU None PID 333676
FINISH fid_uvg_J2000 returncode 0
FINISH eval_ulong_J2000_7 returncode 0
START eval_virat720_J2000_3 GPU 7 PID 334339
START eval_virat720_J2000_4 GPU 6 PID 334492
FINISH eval_ulong_J2000_0 returncode 0
START eval_virat720_J2000_5 GPU 4 PID 335433
FINISH eval_virat720_J2000_1 returncode 0
FINISH eval_virat720_J2000_0 returncode 0
START eval_virat720_J2000_6 GPU 7 PID 336470
START eval_virat720_J2000_7 GPU 5 PID 336471
FINISH eval_virat720_J2000_2 returncode 0
START eval_virat480_J2000_0 GPU 5 PID 340860
FINISH eval_virat720_J2000_3 returncode 0
START eval_virat480_J2000_1 GPU 7 PID 341677
FINISH eval_virat720_J2000_6 returncode 0
START eval_virat480_J2000_2 GPU 7 PID 341947
START fid_ulong_J2000 GPU None PID 342709
FINISH eval_ulong_J2000_2 returncode 0
FINISH eval_virat720_J2000_7 returncode 0
START eval_virat480_J2000_3 GPU 5 PID 343272
FINISH fid_ulong_J2000 returncode 0
START eval_virat480_J2000_4 GPU 7 PID 346635
FINISH eval_virat480_J2000_1 returncode 0
FINISH eval_virat480_J2000_2 returncode 0
START eval_virat480_J2000_5 GPU 7 PID 347947
START eval_virat480_J2000_6 GPU 7 PID 347950
FINISH eval_virat480_J2000_0 returncode 0
START eval_virat480_J2000_7 GPU 5 PID 348073
FINISH eval_virat480_J2000_3 returncode 0
FINISH eval_virat480_J2000_5 returncode 0
FINISH eval_virat480_J2000_6 returncode 0
FINISH eval_virat480_J2000_7 returncode 0
FINISH eval_virat480_J2000_4 returncode 0
START fid_virat480_J2000 GPU None PID 352358
FINISH fid_virat480_J2000 returncode 0
FINISH eval_virat720_J2000_5 returncode 0
START fid_virat720_J2000 GPU None PID 357010
FINISH eval_virat720_J2000_4 returncode 0
FINISH fid_virat720_J2000 returncode 0
EXPERIMENT PASS
