cannot import cuda implementation for inference, fallback to pytorch.
[DMCI] Loading pretrained Encoder from /Huang_group/zyyz/Projects/GVC-RT/checkpoints/GVC-RT_I.pt...
==> [DMCI] Attempting full model load from: /Huang_group/zyyz/Projects/GVC-RT/checkpoints/GVC-RT_I.pt
    ⚠️ [WARNING] No 'ema' or 'student' key. Using default state_dict...
-------------------------------------------------------
Sub-Module                | Parameters Loaded
-------------------------------------------------------
enc (Encoder)             | 74         ✅
dec (Latent Dec)          | 120        ✅
recon (Recon Head)        | 212        ✅
entropy (Prior/Hyper)     | 190        ✅
-------------------------------------------------------
==> [DMCI] Full Load Finished.
/Huang_group/zyyz/home_dir/.conda/envs/gvc-rt/lib/python3.12/site-packages/torchvision/models/_utils.py:208: UserWarning: The parameter 'pretrained' is deprecated since 0.13 and may be removed in the future, please use 'weights' instead.
  warnings.warn(
/Huang_group/zyyz/home_dir/.conda/envs/gvc-rt/lib/python3.12/site-packages/torchvision/models/_utils.py:223: UserWarning: Arguments other than a weight enum or `None` for 'weights' are deprecated since 0.13 and may be removed in the future. The current behavior is equivalent to passing `weights=AlexNet_Weights.IMAGENET1K_V1`. You can also use `weights=AlexNet_Weights.DEFAULT` to get the most up-to-date weights.
  warnings.warn(msg)
/Huang_group/zyyz/home_dir/.conda/envs/gvc-rt/lib/python3.12/site-packages/torchvision/models/_utils.py:223: UserWarning: Arguments other than a weight enum or `None` for 'weights' are deprecated since 0.13 and may be removed in the future. The current behavior is equivalent to passing `weights=VGG16_Weights.IMAGENET1K_V1`. You can also use `weights=VGG16_Weights.DEFAULT` to get the most up-to-date weights.
  warnings.warn(msg)
TRAIN J_joint_core 1001
TRAIN J_joint_core 1005
TRAIN J_joint_core 1010
TRAIN J_joint_core 1015
TRAIN J_joint_core 1020
TRAIN J_joint_core 1025
TRAIN J_joint_core 1030
TRAIN J_joint_core 1035
TRAIN J_joint_core 1040
TRAIN J_joint_core 1045
TRAIN J_joint_core 1050
TRAIN J_joint_core 1055
TRAIN J_joint_core 1060
TRAIN J_joint_core 1065
TRAIN J_joint_core 1070
TRAIN J_joint_core 1075
TRAIN J_joint_core 1080
TRAIN J_joint_core 1085
TRAIN J_joint_core 1090
TRAIN J_joint_core 1095
TRAIN J_joint_core 1100
TRAIN J_joint_core 1105
TRAIN J_joint_core 1110
TRAIN J_joint_core 1115
TRAIN J_joint_core 1120
TRAIN J_joint_core 1125
TRAIN J_joint_core 1130
TRAIN J_joint_core 1135
TRAIN J_joint_core 1140
TRAIN J_joint_core 1145
TRAIN J_joint_core 1150
TRAIN J_joint_core 1155
TRAIN J_joint_core 1160
TRAIN J_joint_core 1165
TRAIN J_joint_core 1170
TRAIN J_joint_core 1175
TRAIN J_joint_core 1180
TRAIN J_joint_core 1185
TRAIN J_joint_core 1190
TRAIN J_joint_core 1195
TRAIN J_joint_core 1200
TRAIN J_joint_core 1205
TRAIN J_joint_core 1210
TRAIN J_joint_core 1215
TRAIN J_joint_core 1220
TRAIN J_joint_core 1225
TRAIN J_joint_core 1230
TRAIN J_joint_core 1235
TRAIN J_joint_core 1240
TRAIN J_joint_core 1245
TRAIN J_joint_core 1250
TRAIN J_joint_core 1255
TRAIN J_joint_core 1260
TRAIN J_joint_core 1265
TRAIN J_joint_core 1270
TRAIN J_joint_core 1275
TRAIN J_joint_core 1280
TRAIN J_joint_core 1285
TRAIN J_joint_core 1290
TRAIN J_joint_core 1295
TRAIN J_joint_core 1300
TRAIN J_joint_core 1305
TRAIN J_joint_core 1310
TRAIN J_joint_core 1315
TRAIN J_joint_core 1320
TRAIN J_joint_core 1325
TRAIN J_joint_core 1330
TRAIN J_joint_core 1335
TRAIN J_joint_core 1340
TRAIN J_joint_core 1345
TRAIN J_joint_core 1350
TRAIN J_joint_core 1355
TRAIN J_joint_core 1360
TRAIN J_joint_core 1365
TRAIN J_joint_core 1370
TRAIN J_joint_core 1375
TRAIN J_joint_core 1380
TRAIN J_joint_core 1385
TRAIN J_joint_core 1390
TRAIN J_joint_core 1395
TRAIN J_joint_core 1400
TRAIN J_joint_core 1405
TRAIN J_joint_core 1410
TRAIN J_joint_core 1415
TRAIN J_joint_core 1420
TRAIN J_joint_core 1425
TRAIN J_joint_core 1430
TRAIN J_joint_core 1435
TRAIN J_joint_core 1440
TRAIN J_joint_core 1445
TRAIN J_joint_core 1450
TRAIN J_joint_core 1455
TRAIN J_joint_core 1460
TRAIN J_joint_core 1465
TRAIN J_joint_core 1470
TRAIN J_joint_core 1475
TRAIN J_joint_core 1480
TRAIN J_joint_core 1485
TRAIN J_joint_core 1490
TRAIN J_joint_core 1495
TRAIN J_joint_core 1500
TRAIN J_joint_core 1505
TRAIN J_joint_core 1510
TRAIN J_joint_core 1515
TRAIN J_joint_core 1520
TRAIN J_joint_core 1525
TRAIN J_joint_core 1530
TRAIN J_joint_core 1535
TRAIN J_joint_core 1540
TRAIN J_joint_core 1545
TRAIN J_joint_core 1550
TRAIN J_joint_core 1555
TRAIN J_joint_core 1560
TRAIN J_joint_core 1565
TRAIN J_joint_core 1570
TRAIN J_joint_core 1575
TRAIN J_joint_core 1580
TRAIN J_joint_core 1585
TRAIN J_joint_core 1590
TRAIN J_joint_core 1595
TRAIN J_joint_core 1600
TRAIN J_joint_core 1605
TRAIN J_joint_core 1610
TRAIN J_joint_core 1615
TRAIN J_joint_core 1620
TRAIN J_joint_core 1625
TRAIN J_joint_core 1630
TRAIN J_joint_core 1635
TRAIN J_joint_core 1640
TRAIN J_joint_core 1645
TRAIN J_joint_core 1650
TRAIN J_joint_core 1655
TRAIN J_joint_core 1660
TRAIN J_joint_core 1665
TRAIN J_joint_core 1670
TRAIN J_joint_core 1675
TRAIN J_joint_core 1680
TRAIN J_joint_core 1685
TRAIN J_joint_core 1690
TRAIN J_joint_core 1695
TRAIN J_joint_core 1700
TRAIN J_joint_core 1705
TRAIN J_joint_core 1710
TRAIN J_joint_core 1715
TRAIN J_joint_core 1720
TRAIN J_joint_core 1725
TRAIN J_joint_core 1730
TRAIN J_joint_core 1735
TRAIN J_joint_core 1740
TRAIN J_joint_core 1745
TRAIN J_joint_core 1750
TRAIN J_joint_core 1755
TRAIN J_joint_core 1760
TRAIN J_joint_core 1765
TRAIN J_joint_core 1770
TRAIN J_joint_core 1775
TRAIN J_joint_core 1780
TRAIN J_joint_core 1785
TRAIN J_joint_core 1790
TRAIN J_joint_core 1795
TRAIN J_joint_core 1800
TRAIN J_joint_core 1805
TRAIN J_joint_core 1810
TRAIN J_joint_core 1815
TRAIN J_joint_core 1820
TRAIN J_joint_core 1825
TRAIN J_joint_core 1830
TRAIN J_joint_core 1835
TRAIN J_joint_core 1840
TRAIN J_joint_core 1845
TRAIN J_joint_core 1850
TRAIN J_joint_core 1855
TRAIN J_joint_core 1860
TRAIN J_joint_core 1865
TRAIN J_joint_core 1870
TRAIN J_joint_core 1875
TRAIN J_joint_core 1880
TRAIN J_joint_core 1885
TRAIN J_joint_core 1890
TRAIN J_joint_core 1895
TRAIN J_joint_core 1900
TRAIN J_joint_core 1905
TRAIN J_joint_core 1910
TRAIN J_joint_core 1915
TRAIN J_joint_core 1920
TRAIN J_joint_core 1925
TRAIN J_joint_core 1930
TRAIN J_joint_core 1935
TRAIN J_joint_core 1940
TRAIN J_joint_core 1945
TRAIN J_joint_core 1950
TRAIN J_joint_core 1955
TRAIN J_joint_core 1960
TRAIN J_joint_core 1965
TRAIN J_joint_core 1970
TRAIN J_joint_core 1975
TRAIN J_joint_core 1980
TRAIN J_joint_core 1985
TRAIN J_joint_core 1990
TRAIN J_joint_core 1995
TRAIN J_joint_core 2000
