cannot import cuda implementation for inference, fallback to pytorch.
[DMCI] Loading pretrained Encoder from /Huang_group/zyyz/Projects/GVC-RT/checkpoints/GVC-RT_I.pt...
==> [DMCI] Attempting full model load from: /Huang_group/zyyz/Projects/GVC-RT/checkpoints/GVC-RT_I.pt
    ⚠️ [WARNING] No 'ema' or 'student' key. Using default state_dict...
-------------------------------------------------------
Sub-Module                | Parameters Loaded
-------------------------------------------------------
enc (Encoder)             | 74         ✅
dec (Latent Dec)          | 120        ✅
recon (Recon Head)        | 212        ✅
entropy (Prior/Hyper)     | 190        ✅
-------------------------------------------------------
==> [DMCI] Full Load Finished.
/Huang_group/zyyz/home_dir/.conda/envs/gvc-rt/lib/python3.12/site-packages/torchvision/models/_utils.py:208: UserWarning: The parameter 'pretrained' is deprecated since 0.13 and may be removed in the future, please use 'weights' instead.
  warnings.warn(
/Huang_group/zyyz/home_dir/.conda/envs/gvc-rt/lib/python3.12/site-packages/torchvision/models/_utils.py:223: UserWarning: Arguments other than a weight enum or `None` for 'weights' are deprecated since 0.13 and may be removed in the future. The current behavior is equivalent to passing `weights=AlexNet_Weights.IMAGENET1K_V1`. You can also use `weights=AlexNet_Weights.DEFAULT` to get the most up-to-date weights.
  warnings.warn(msg)
/Huang_group/zyyz/home_dir/.conda/envs/gvc-rt/lib/python3.12/site-packages/torchvision/models/_utils.py:223: UserWarning: Arguments other than a weight enum or `None` for 'weights' are deprecated since 0.13 and may be removed in the future. The current behavior is equivalent to passing `weights=VGG16_Weights.IMAGENET1K_V1`. You can also use `weights=VGG16_Weights.DEFAULT` to get the most up-to-date weights.
  warnings.warn(msg)
TRAIN wrapped_i_control 1 /1000
TRAIN wrapped_i_control 10 /1000
TRAIN wrapped_i_control 20 /1000
TRAIN wrapped_i_control 30 /1000
TRAIN wrapped_i_control 40 /1000
TRAIN wrapped_i_control 50 /1000
TRAIN wrapped_i_control 60 /1000
TRAIN wrapped_i_control 70 /1000
TRAIN wrapped_i_control 80 /1000
TRAIN wrapped_i_control 90 /1000
TRAIN wrapped_i_control 100 /1000
TRAIN wrapped_i_control 110 /1000
TRAIN wrapped_i_control 120 /1000
TRAIN wrapped_i_control 130 /1000
TRAIN wrapped_i_control 140 /1000
TRAIN wrapped_i_control 150 /1000
TRAIN wrapped_i_control 160 /1000
TRAIN wrapped_i_control 170 /1000
TRAIN wrapped_i_control 180 /1000
TRAIN wrapped_i_control 190 /1000
TRAIN wrapped_i_control 200 /1000
TRAIN wrapped_i_control 210 /1000
TRAIN wrapped_i_control 220 /1000
TRAIN wrapped_i_control 230 /1000
TRAIN wrapped_i_control 240 /1000
TRAIN wrapped_i_control 250 /1000
TRAIN wrapped_i_control 260 /1000
TRAIN wrapped_i_control 270 /1000
TRAIN wrapped_i_control 280 /1000
TRAIN wrapped_i_control 290 /1000
TRAIN wrapped_i_control 300 /1000
TRAIN wrapped_i_control 310 /1000
TRAIN wrapped_i_control 320 /1000
TRAIN wrapped_i_control 330 /1000
TRAIN wrapped_i_control 340 /1000
TRAIN wrapped_i_control 350 /1000
TRAIN wrapped_i_control 360 /1000
TRAIN wrapped_i_control 370 /1000
TRAIN wrapped_i_control 380 /1000
TRAIN wrapped_i_control 390 /1000
TRAIN wrapped_i_control 400 /1000
TRAIN wrapped_i_control 410 /1000
TRAIN wrapped_i_control 420 /1000
TRAIN wrapped_i_control 430 /1000
TRAIN wrapped_i_control 440 /1000
TRAIN wrapped_i_control 450 /1000
TRAIN wrapped_i_control 460 /1000
TRAIN wrapped_i_control 470 /1000
TRAIN wrapped_i_control 480 /1000
TRAIN wrapped_i_control 490 /1000
TRAIN wrapped_i_control 500 /1000
TRAIN wrapped_i_control 510 /1000
TRAIN wrapped_i_control 520 /1000
TRAIN wrapped_i_control 530 /1000
TRAIN wrapped_i_control 540 /1000
TRAIN wrapped_i_control 550 /1000
TRAIN wrapped_i_control 560 /1000
TRAIN wrapped_i_control 570 /1000
TRAIN wrapped_i_control 580 /1000
TRAIN wrapped_i_control 590 /1000
TRAIN wrapped_i_control 600 /1000
TRAIN wrapped_i_control 610 /1000
TRAIN wrapped_i_control 620 /1000
TRAIN wrapped_i_control 630 /1000
TRAIN wrapped_i_control 640 /1000
TRAIN wrapped_i_control 650 /1000
TRAIN wrapped_i_control 660 /1000
TRAIN wrapped_i_control 670 /1000
TRAIN wrapped_i_control 680 /1000
TRAIN wrapped_i_control 690 /1000
TRAIN wrapped_i_control 700 /1000
TRAIN wrapped_i_control 710 /1000
TRAIN wrapped_i_control 720 /1000
TRAIN wrapped_i_control 730 /1000
TRAIN wrapped_i_control 740 /1000
TRAIN wrapped_i_control 750 /1000
TRAIN wrapped_i_control 760 /1000
TRAIN wrapped_i_control 770 /1000
TRAIN wrapped_i_control 780 /1000
TRAIN wrapped_i_control 790 /1000
TRAIN wrapped_i_control 800 /1000
TRAIN wrapped_i_control 810 /1000
TRAIN wrapped_i_control 820 /1000
TRAIN wrapped_i_control 830 /1000
TRAIN wrapped_i_control 840 /1000
TRAIN wrapped_i_control 850 /1000
TRAIN wrapped_i_control 860 /1000
TRAIN wrapped_i_control 870 /1000
TRAIN wrapped_i_control 880 /1000
TRAIN wrapped_i_control 890 /1000
TRAIN wrapped_i_control 900 /1000
TRAIN wrapped_i_control 910 /1000
TRAIN wrapped_i_control 920 /1000
TRAIN wrapped_i_control 930 /1000
TRAIN wrapped_i_control 940 /1000
TRAIN wrapped_i_control 950 /1000
TRAIN wrapped_i_control 960 /1000
TRAIN wrapped_i_control 970 /1000
TRAIN wrapped_i_control 980 /1000
TRAIN wrapped_i_control 990 /1000
TRAIN wrapped_i_control 1000 /1000
TRAINING PASS wrapped_i_control
