cannot import cuda implementation for inference, fallback to pytorch.
[DMCI] Loading pretrained Encoder from /Huang_group/zyyz/Projects/GVC-RT/checkpoints/GVC-RT_I.pt...
==> [DMCI] Attempting full model load from: /Huang_group/zyyz/Projects/GVC-RT/checkpoints/GVC-RT_I.pt
    ⚠️ [WARNING] No 'ema' or 'student' key. Using default state_dict...
-------------------------------------------------------
Sub-Module                | Parameters Loaded
-------------------------------------------------------
enc (Encoder)             | 74         ✅
dec (Latent Dec)          | 120        ✅
recon (Recon Head)        | 212        ✅
entropy (Prior/Hyper)     | 190        ✅
-------------------------------------------------------
==> [DMCI] Full Load Finished.
/Huang_group/zyyz/home_dir/.conda/envs/gvc-rt/lib/python3.12/site-packages/torchvision/models/_utils.py:208: UserWarning: The parameter 'pretrained' is deprecated since 0.13 and may be removed in the future, please use 'weights' instead.
  warnings.warn(
/Huang_group/zyyz/home_dir/.conda/envs/gvc-rt/lib/python3.12/site-packages/torchvision/models/_utils.py:223: UserWarning: Arguments other than a weight enum or `None` for 'weights' are deprecated since 0.13 and may be removed in the future. The current behavior is equivalent to passing `weights=AlexNet_Weights.IMAGENET1K_V1`. You can also use `weights=AlexNet_Weights.DEFAULT` to get the most up-to-date weights.
  warnings.warn(msg)
/Huang_group/zyyz/home_dir/.conda/envs/gvc-rt/lib/python3.12/site-packages/torchvision/models/_utils.py:223: UserWarning: Arguments other than a weight enum or `None` for 'weights' are deprecated since 0.13 and may be removed in the future. The current behavior is equivalent to passing `weights=VGG16_Weights.IMAGENET1K_V1`. You can also use `weights=VGG16_Weights.DEFAULT` to get the most up-to-date weights.
  warnings.warn(msg)
TRAIN native_i_adapt 1 /1000
TRAIN native_i_adapt 10 /1000
TRAIN native_i_adapt 20 /1000
TRAIN native_i_adapt 30 /1000
TRAIN native_i_adapt 40 /1000
TRAIN native_i_adapt 50 /1000
TRAIN native_i_adapt 60 /1000
TRAIN native_i_adapt 70 /1000
TRAIN native_i_adapt 80 /1000
TRAIN native_i_adapt 90 /1000
TRAIN native_i_adapt 100 /1000
TRAIN native_i_adapt 110 /1000
TRAIN native_i_adapt 120 /1000
TRAIN native_i_adapt 130 /1000
TRAIN native_i_adapt 140 /1000
TRAIN native_i_adapt 150 /1000
TRAIN native_i_adapt 160 /1000
TRAIN native_i_adapt 170 /1000
TRAIN native_i_adapt 180 /1000
TRAIN native_i_adapt 190 /1000
TRAIN native_i_adapt 200 /1000
TRAIN native_i_adapt 210 /1000
TRAIN native_i_adapt 220 /1000
TRAIN native_i_adapt 230 /1000
TRAIN native_i_adapt 240 /1000
TRAIN native_i_adapt 250 /1000
TRAIN native_i_adapt 260 /1000
TRAIN native_i_adapt 270 /1000
TRAIN native_i_adapt 280 /1000
TRAIN native_i_adapt 290 /1000
TRAIN native_i_adapt 300 /1000
TRAIN native_i_adapt 310 /1000
TRAIN native_i_adapt 320 /1000
TRAIN native_i_adapt 330 /1000
TRAIN native_i_adapt 340 /1000
TRAIN native_i_adapt 350 /1000
TRAIN native_i_adapt 360 /1000
TRAIN native_i_adapt 370 /1000
TRAIN native_i_adapt 380 /1000
TRAIN native_i_adapt 390 /1000
TRAIN native_i_adapt 400 /1000
TRAIN native_i_adapt 410 /1000
TRAIN native_i_adapt 420 /1000
TRAIN native_i_adapt 430 /1000
TRAIN native_i_adapt 440 /1000
TRAIN native_i_adapt 450 /1000
TRAIN native_i_adapt 460 /1000
TRAIN native_i_adapt 470 /1000
TRAIN native_i_adapt 480 /1000
TRAIN native_i_adapt 490 /1000
TRAIN native_i_adapt 500 /1000
TRAIN native_i_adapt 510 /1000
TRAIN native_i_adapt 520 /1000
TRAIN native_i_adapt 530 /1000
TRAIN native_i_adapt 540 /1000
TRAIN native_i_adapt 550 /1000
TRAIN native_i_adapt 560 /1000
TRAIN native_i_adapt 570 /1000
TRAIN native_i_adapt 580 /1000
TRAIN native_i_adapt 590 /1000
TRAIN native_i_adapt 600 /1000
TRAIN native_i_adapt 610 /1000
TRAIN native_i_adapt 620 /1000
TRAIN native_i_adapt 630 /1000
TRAIN native_i_adapt 640 /1000
TRAIN native_i_adapt 650 /1000
TRAIN native_i_adapt 660 /1000
TRAIN native_i_adapt 670 /1000
TRAIN native_i_adapt 680 /1000
TRAIN native_i_adapt 690 /1000
TRAIN native_i_adapt 700 /1000
TRAIN native_i_adapt 710 /1000
TRAIN native_i_adapt 720 /1000
TRAIN native_i_adapt 730 /1000
TRAIN native_i_adapt 740 /1000
TRAIN native_i_adapt 750 /1000
TRAIN native_i_adapt 760 /1000
TRAIN native_i_adapt 770 /1000
TRAIN native_i_adapt 780 /1000
TRAIN native_i_adapt 790 /1000
TRAIN native_i_adapt 800 /1000
TRAIN native_i_adapt 810 /1000
TRAIN native_i_adapt 820 /1000
TRAIN native_i_adapt 830 /1000
TRAIN native_i_adapt 840 /1000
TRAIN native_i_adapt 850 /1000
TRAIN native_i_adapt 860 /1000
TRAIN native_i_adapt 870 /1000
TRAIN native_i_adapt 880 /1000
TRAIN native_i_adapt 890 /1000
TRAIN native_i_adapt 900 /1000
TRAIN native_i_adapt 910 /1000
TRAIN native_i_adapt 920 /1000
TRAIN native_i_adapt 930 /1000
TRAIN native_i_adapt 940 /1000
TRAIN native_i_adapt 950 /1000
TRAIN native_i_adapt 960 /1000
TRAIN native_i_adapt 970 /1000
TRAIN native_i_adapt 980 /1000
TRAIN native_i_adapt 990 /1000
TRAIN native_i_adapt 1000 /1000
TRAINING PASS native_i_adapt
