START fid_uvg_v62 GPU None PID 1879198
START fid_ulong_v62 GPU None PID 1879199
START train_A_image_rate GPU 4 PID 1879208
START train_B_gt_lfq_cosine GPU 6 PID 1879209
FINISH fid_uvg_v62 returncode 0
FINISH fid_ulong_v62 returncode 0
START smoke_B5000 GPU 7 PID 2040407
START smoke_A5000 GPU 5 PID 2041098
FINISH train_B_gt_lfq_cosine returncode 0
FINISH train_A_image_rate returncode 0
FINISH smoke_B5000 returncode 0
START eval_uvg_B5000_0 GPU 4 PID 2042131
START eval_uvg_B5000_1 GPU 6 PID 2042132
START eval_uvg_B5000_2 GPU 7 PID 2042133
START eval_uvg_B5000_3 GPU 4 PID 2042134
START eval_uvg_B5000_4 GPU 6 PID 2042135
START eval_uvg_B5000_5 GPU 7 PID 2042136
START eval_uvg_B5000_6 GPU 5 PID 2042137
FINISH smoke_A5000 returncode 0
START eval_uvg_A5000_0 GPU 5 PID 2042689
START eval_uvg_A5000_1 GPU 6 PID 2049207
FINISH eval_uvg_B5000_0 returncode 0
START eval_uvg_A5000_2 GPU 4 PID 2050205
FINISH eval_uvg_A5000_0 returncode 0
START eval_uvg_A5000_3 GPU 5 PID 2050697
FINISH eval_uvg_B5000_3 returncode 0
FINISH eval_uvg_B5000_6 returncode 0
START eval_uvg_A5000_4 GPU 4 PID 2051724
START eval_uvg_A5000_5 GPU 5 PID 2051725
FINISH eval_uvg_B5000_2 returncode 0
FINISH eval_uvg_B5000_5 returncode 0
START eval_uvg_A5000_6 GPU 7 PID 2052216
START eval_ulong_A5000_0 GPU 7 PID 2052217
FINISH eval_uvg_B5000_1 returncode 0
FINISH eval_uvg_B5000_4 returncode 0
START fid_uvg_B5000 GPU None PID 2052706
START eval_ulong_A5000_1 GPU 6 PID 2052714
FINISH fid_uvg_B5000 returncode 0
FINISH eval_uvg_A5000_2 returncode 0
START eval_ulong_A5000_2 GPU 4 PID 2060298
FINISH eval_uvg_A5000_1 returncode 0
START eval_ulong_A5000_3 GPU 6 PID 2060450
FINISH eval_uvg_A5000_3 returncode 0
START eval_ulong_A5000_4 GPU 5 PID 2060818
START eval_ulong_A5000_5 GPU 7 PID 2060819
FINISH eval_uvg_A5000_4 returncode 0
START eval_ulong_A5000_6 GPU 4 PID 2061825
FINISH eval_uvg_A5000_5 returncode 0
START eval_ulong_A5000_7 GPU 5 PID 2061970
FINISH eval_ulong_A5000_0 returncode 0
FINISH eval_uvg_A5000_6 returncode 0
START fid_uvg_A5000 GPU None PID 2062706
START eval_ulong_B5000_0 GPU 7 PID 2062714
FINISH eval_ulong_A5000_1 returncode 0
START eval_ulong_B5000_1 GPU 6 PID 2062842
FINISH fid_uvg_A5000 returncode 0
START eval_ulong_B5000_2 GPU 7 PID 2063507
FINISH eval_ulong_A5000_2 returncode 0
START eval_ulong_B5000_3 GPU 4 PID 2070686
FINISH eval_ulong_A5000_3 returncode 0
START eval_ulong_B5000_4 GPU 6 PID 2071018
FINISH eval_ulong_A5000_4 returncode 0
START eval_ulong_B5000_5 GPU 5 PID 2071532
FINISH eval_ulong_A5000_6 returncode 0
START eval_ulong_B5000_6 GPU 4 PID 2072149
FINISH eval_ulong_A5000_7 returncode 0
START eval_ulong_B5000_7 GPU 5 PID 2072250
FINISH eval_ulong_B5000_1 returncode 0
START fid_ulong_A5000 GPU None PID 2074028
FINISH eval_ulong_A5000_5 returncode 0
FINISH fid_ulong_A5000 returncode 0
FINISH eval_ulong_B5000_0 returncode 0
FINISH eval_ulong_B5000_2 returncode 0
FINISH eval_ulong_B5000_4 returncode 0
FINISH eval_ulong_B5000_3 returncode 0
FINISH eval_ulong_B5000_5 returncode 0
FINISH eval_ulong_B5000_6 returncode 0
FINISH eval_ulong_B5000_7 returncode 0
START fid_ulong_B5000 GPU None PID 2082115
FINISH fid_ulong_B5000 returncode 0
EXPERIMENT PASS
