cannot import cuda implementation for inference, fallback to pytorch.
[DMCI] Loading pretrained Encoder from /Huang_group/zyyz/Projects/GVC-RT/checkpoints/GVC-RT_I.pt...
==> [DMCI] Attempting full model load from: /Huang_group/zyyz/Projects/GVC-RT/checkpoints/GVC-RT_I.pt
    ⚠️ [WARNING] No 'ema' or 'student' key. Using default state_dict...
-------------------------------------------------------
Sub-Module                | Parameters Loaded
-------------------------------------------------------
enc (Encoder)             | 74         ✅
dec (Latent Dec)          | 120        ✅
recon (Recon Head)        | 212        ✅
entropy (Prior/Hyper)     | 190        ✅
-------------------------------------------------------
==> [DMCI] Full Load Finished.
[DMCI] Loading pretrained Encoder from /Huang_group/zyyz/Projects/GVC-RT/checkpoints/GVC-RT_I.pt...
==> [DMCI] Attempting full model load from: /Huang_group/zyyz/Projects/GVC-RT/checkpoints/GVC-RT_I.pt
    ⚠️ [WARNING] No 'ema' or 'student' key. Using default state_dict...
-------------------------------------------------------
Sub-Module                | Parameters Loaded
-------------------------------------------------------
enc (Encoder)             | 74         ✅
dec (Latent Dec)          | 120        ✅
recon (Recon Head)        | 212        ✅
entropy (Prior/Hyper)     | 190        ✅
-------------------------------------------------------
==> [DMCI] Full Load Finished.
/Huang_group/zyyz/home_dir/.conda/envs/gvc-rt/lib/python3.12/site-packages/torchvision/models/_utils.py:208: UserWarning: The parameter 'pretrained' is deprecated since 0.13 and may be removed in the future, please use 'weights' instead.
  warnings.warn(
/Huang_group/zyyz/home_dir/.conda/envs/gvc-rt/lib/python3.12/site-packages/torchvision/models/_utils.py:223: UserWarning: Arguments other than a weight enum or `None` for 'weights' are deprecated since 0.13 and may be removed in the future. The current behavior is equivalent to passing `weights=AlexNet_Weights.IMAGENET1K_V1`. You can also use `weights=AlexNet_Weights.DEFAULT` to get the most up-to-date weights.
  warnings.warn(msg)
/Huang_group/zyyz/home_dir/.conda/envs/gvc-rt/lib/python3.12/site-packages/torchvision/models/_utils.py:223: UserWarning: Arguments other than a weight enum or `None` for 'weights' are deprecated since 0.13 and may be removed in the future. The current behavior is equivalent to passing `weights=VGG16_Weights.IMAGENET1K_V1`. You can also use `weights=VGG16_Weights.DEFAULT` to get the most up-to-date weights.
  warnings.warn(msg)
COMPATIBILITY ulong 0 rows 12
COMPATIBILITY ulong 1 rows 24
COMPATIBILITY ulong 2 rows 36
COMPATIBILITY ulong 3 rows 48
COMPATIBILITY ulong 4 rows 60
COMPATIBILITY ulong 5 rows 72
COMPATIBILITY ulong 6 rows 84
COMPATIBILITY ulong 7 rows 96
COMPATIBILITY ulong 8 rows 108
COMPATIBILITY ulong 9 rows 120
COMPATIBILITY ulong 10 rows 132
COMPATIBILITY ulong 11 rows 144
COMPATIBILITY ulong 12 rows 156
COMPATIBILITY ulong 13 rows 168
COMPATIBILITY ulong 14 rows 180
COMPATIBILITY ulong 15 rows 192
COMPATIBILITY vimeo 0 rows 204
COMPATIBILITY vimeo 1 rows 216
COMPATIBILITY vimeo 2 rows 228
COMPATIBILITY vimeo 3 rows 240
COMPATIBILITY vimeo 4 rows 252
COMPATIBILITY vimeo 5 rows 264
COMPATIBILITY vimeo 6 rows 276
COMPATIBILITY vimeo 7 rows 288
COMPATIBILITY vimeo 8 rows 300
COMPATIBILITY vimeo 9 rows 312
COMPATIBILITY vimeo 10 rows 324
COMPATIBILITY vimeo 11 rows 336
COMPATIBILITY vimeo 12 rows 348
COMPATIBILITY vimeo 13 rows 360
COMPATIBILITY vimeo 14 rows 372
COMPATIBILITY vimeo 15 rows 384
COMPATIBILITY MEASUREMENTS COMPLETE; provenance gate still required
