cannot import cuda implementation for inference, fallback to pytorch.
[DMCI] Loading pretrained Encoder from /Huang_group/zyyz/Projects/GVC-RT/checkpoints/GVC-RT_I.pt...
==> [DMCI] Attempting full model load from: /Huang_group/zyyz/Projects/GVC-RT/checkpoints/GVC-RT_I.pt
    ⚠️ [WARNING] No 'ema' or 'student' key. Using default state_dict...
-------------------------------------------------------
Sub-Module                | Parameters Loaded
-------------------------------------------------------
enc (Encoder)             | 74         ✅
dec (Latent Dec)          | 120        ✅
recon (Recon Head)        | 212        ✅
entropy (Prior/Hyper)     | 190        ✅
-------------------------------------------------------
==> [DMCI] Full Load Finished.
/Huang_group/zyyz/home_dir/.conda/envs/gvc-rt/lib/python3.12/site-packages/torchvision/models/_utils.py:208: UserWarning: The parameter 'pretrained' is deprecated since 0.13 and may be removed in the future, please use 'weights' instead.
  warnings.warn(
/Huang_group/zyyz/home_dir/.conda/envs/gvc-rt/lib/python3.12/site-packages/torchvision/models/_utils.py:223: UserWarning: Arguments other than a weight enum or `None` for 'weights' are deprecated since 0.13 and may be removed in the future. The current behavior is equivalent to passing `weights=AlexNet_Weights.IMAGENET1K_V1`. You can also use `weights=AlexNet_Weights.DEFAULT` to get the most up-to-date weights.
  warnings.warn(msg)
/Huang_group/zyyz/home_dir/.conda/envs/gvc-rt/lib/python3.12/site-packages/torchvision/models/_utils.py:223: UserWarning: Arguments other than a weight enum or `None` for 'weights' are deprecated since 0.13 and may be removed in the future. The current behavior is equivalent to passing `weights=VGG16_Weights.IMAGENET1K_V1`. You can also use `weights=VGG16_Weights.DEFAULT` to get the most up-to-date weights.
  warnings.warn(msg)
TRAIN B_gt_lfq_cosine 1
TRAIN B_gt_lfq_cosine 10
TRAIN B_gt_lfq_cosine 20
TRAIN B_gt_lfq_cosine 30
TRAIN B_gt_lfq_cosine 40
TRAIN B_gt_lfq_cosine 50
TRAIN B_gt_lfq_cosine 60
TRAIN B_gt_lfq_cosine 70
TRAIN B_gt_lfq_cosine 80
TRAIN B_gt_lfq_cosine 90
TRAIN B_gt_lfq_cosine 100
TRAIN B_gt_lfq_cosine 110
TRAIN B_gt_lfq_cosine 120
TRAIN B_gt_lfq_cosine 130
TRAIN B_gt_lfq_cosine 140
TRAIN B_gt_lfq_cosine 150
TRAIN B_gt_lfq_cosine 160
TRAIN B_gt_lfq_cosine 170
TRAIN B_gt_lfq_cosine 180
TRAIN B_gt_lfq_cosine 190
TRAIN B_gt_lfq_cosine 200
TRAIN B_gt_lfq_cosine 210
TRAIN B_gt_lfq_cosine 220
TRAIN B_gt_lfq_cosine 230
TRAIN B_gt_lfq_cosine 240
TRAIN B_gt_lfq_cosine 250
TRAIN B_gt_lfq_cosine 260
TRAIN B_gt_lfq_cosine 270
TRAIN B_gt_lfq_cosine 280
TRAIN B_gt_lfq_cosine 290
TRAIN B_gt_lfq_cosine 300
TRAIN B_gt_lfq_cosine 310
TRAIN B_gt_lfq_cosine 320
TRAIN B_gt_lfq_cosine 330
TRAIN B_gt_lfq_cosine 340
TRAIN B_gt_lfq_cosine 350
TRAIN B_gt_lfq_cosine 360
TRAIN B_gt_lfq_cosine 370
TRAIN B_gt_lfq_cosine 380
TRAIN B_gt_lfq_cosine 390
TRAIN B_gt_lfq_cosine 400
TRAIN B_gt_lfq_cosine 410
TRAIN B_gt_lfq_cosine 420
TRAIN B_gt_lfq_cosine 430
TRAIN B_gt_lfq_cosine 440
TRAIN B_gt_lfq_cosine 450
TRAIN B_gt_lfq_cosine 460
TRAIN B_gt_lfq_cosine 470
TRAIN B_gt_lfq_cosine 480
TRAIN B_gt_lfq_cosine 490
TRAIN B_gt_lfq_cosine 500
TRAIN B_gt_lfq_cosine 510
TRAIN B_gt_lfq_cosine 520
TRAIN B_gt_lfq_cosine 530
TRAIN B_gt_lfq_cosine 540
TRAIN B_gt_lfq_cosine 550
TRAIN B_gt_lfq_cosine 560
TRAIN B_gt_lfq_cosine 570
TRAIN B_gt_lfq_cosine 580
TRAIN B_gt_lfq_cosine 590
TRAIN B_gt_lfq_cosine 600
TRAIN B_gt_lfq_cosine 610
TRAIN B_gt_lfq_cosine 620
TRAIN B_gt_lfq_cosine 630
TRAIN B_gt_lfq_cosine 640
TRAIN B_gt_lfq_cosine 650
TRAIN B_gt_lfq_cosine 660
TRAIN B_gt_lfq_cosine 670
TRAIN B_gt_lfq_cosine 680
TRAIN B_gt_lfq_cosine 690
TRAIN B_gt_lfq_cosine 700
TRAIN B_gt_lfq_cosine 710
TRAIN B_gt_lfq_cosine 720
TRAIN B_gt_lfq_cosine 730
TRAIN B_gt_lfq_cosine 740
TRAIN B_gt_lfq_cosine 750
TRAIN B_gt_lfq_cosine 760
TRAIN B_gt_lfq_cosine 770
TRAIN B_gt_lfq_cosine 780
TRAIN B_gt_lfq_cosine 790
TRAIN B_gt_lfq_cosine 800
TRAIN B_gt_lfq_cosine 810
TRAIN B_gt_lfq_cosine 820
TRAIN B_gt_lfq_cosine 830
TRAIN B_gt_lfq_cosine 840
TRAIN B_gt_lfq_cosine 850
TRAIN B_gt_lfq_cosine 860
TRAIN B_gt_lfq_cosine 870
TRAIN B_gt_lfq_cosine 880
TRAIN B_gt_lfq_cosine 890
TRAIN B_gt_lfq_cosine 900
TRAIN B_gt_lfq_cosine 910
TRAIN B_gt_lfq_cosine 920
TRAIN B_gt_lfq_cosine 930
TRAIN B_gt_lfq_cosine 940
TRAIN B_gt_lfq_cosine 950
TRAIN B_gt_lfq_cosine 960
TRAIN B_gt_lfq_cosine 970
TRAIN B_gt_lfq_cosine 980
TRAIN B_gt_lfq_cosine 990
TRAIN B_gt_lfq_cosine 1000
TRAIN B_gt_lfq_cosine 1010
TRAIN B_gt_lfq_cosine 1020
TRAIN B_gt_lfq_cosine 1030
TRAIN B_gt_lfq_cosine 1040
TRAIN B_gt_lfq_cosine 1050
TRAIN B_gt_lfq_cosine 1060
TRAIN B_gt_lfq_cosine 1070
TRAIN B_gt_lfq_cosine 1080
TRAIN B_gt_lfq_cosine 1090
TRAIN B_gt_lfq_cosine 1100
TRAIN B_gt_lfq_cosine 1110
TRAIN B_gt_lfq_cosine 1120
TRAIN B_gt_lfq_cosine 1130
TRAIN B_gt_lfq_cosine 1140
TRAIN B_gt_lfq_cosine 1150
TRAIN B_gt_lfq_cosine 1160
TRAIN B_gt_lfq_cosine 1170
TRAIN B_gt_lfq_cosine 1180
TRAIN B_gt_lfq_cosine 1190
TRAIN B_gt_lfq_cosine 1200
TRAIN B_gt_lfq_cosine 1210
TRAIN B_gt_lfq_cosine 1220
TRAIN B_gt_lfq_cosine 1230
TRAIN B_gt_lfq_cosine 1240
TRAIN B_gt_lfq_cosine 1250
TRAIN B_gt_lfq_cosine 1260
TRAIN B_gt_lfq_cosine 1270
TRAIN B_gt_lfq_cosine 1280
TRAIN B_gt_lfq_cosine 1290
TRAIN B_gt_lfq_cosine 1300
TRAIN B_gt_lfq_cosine 1310
TRAIN B_gt_lfq_cosine 1320
TRAIN B_gt_lfq_cosine 1330
TRAIN B_gt_lfq_cosine 1340
TRAIN B_gt_lfq_cosine 1350
TRAIN B_gt_lfq_cosine 1360
TRAIN B_gt_lfq_cosine 1370
TRAIN B_gt_lfq_cosine 1380
TRAIN B_gt_lfq_cosine 1390
TRAIN B_gt_lfq_cosine 1400
TRAIN B_gt_lfq_cosine 1410
TRAIN B_gt_lfq_cosine 1420
TRAIN B_gt_lfq_cosine 1430
TRAIN B_gt_lfq_cosine 1440
TRAIN B_gt_lfq_cosine 1450
TRAIN B_gt_lfq_cosine 1460
TRAIN B_gt_lfq_cosine 1470
TRAIN B_gt_lfq_cosine 1480
TRAIN B_gt_lfq_cosine 1490
TRAIN B_gt_lfq_cosine 1500
TRAIN B_gt_lfq_cosine 1510
TRAIN B_gt_lfq_cosine 1520
TRAIN B_gt_lfq_cosine 1530
TRAIN B_gt_lfq_cosine 1540
TRAIN B_gt_lfq_cosine 1550
TRAIN B_gt_lfq_cosine 1560
TRAIN B_gt_lfq_cosine 1570
TRAIN B_gt_lfq_cosine 1580
TRAIN B_gt_lfq_cosine 1590
TRAIN B_gt_lfq_cosine 1600
TRAIN B_gt_lfq_cosine 1610
TRAIN B_gt_lfq_cosine 1620
TRAIN B_gt_lfq_cosine 1630
TRAIN B_gt_lfq_cosine 1640
TRAIN B_gt_lfq_cosine 1650
TRAIN B_gt_lfq_cosine 1660
TRAIN B_gt_lfq_cosine 1670
TRAIN B_gt_lfq_cosine 1680
TRAIN B_gt_lfq_cosine 1690
TRAIN B_gt_lfq_cosine 1700
TRAIN B_gt_lfq_cosine 1710
TRAIN B_gt_lfq_cosine 1720
TRAIN B_gt_lfq_cosine 1730
TRAIN B_gt_lfq_cosine 1740
TRAIN B_gt_lfq_cosine 1750
TRAIN B_gt_lfq_cosine 1760
TRAIN B_gt_lfq_cosine 1770
TRAIN B_gt_lfq_cosine 1780
TRAIN B_gt_lfq_cosine 1790
TRAIN B_gt_lfq_cosine 1800
TRAIN B_gt_lfq_cosine 1810
TRAIN B_gt_lfq_cosine 1820
TRAIN B_gt_lfq_cosine 1830
TRAIN B_gt_lfq_cosine 1840
TRAIN B_gt_lfq_cosine 1850
TRAIN B_gt_lfq_cosine 1860
TRAIN B_gt_lfq_cosine 1870
TRAIN B_gt_lfq_cosine 1880
TRAIN B_gt_lfq_cosine 1890
TRAIN B_gt_lfq_cosine 1900
TRAIN B_gt_lfq_cosine 1910
TRAIN B_gt_lfq_cosine 1920
TRAIN B_gt_lfq_cosine 1930
TRAIN B_gt_lfq_cosine 1940
TRAIN B_gt_lfq_cosine 1950
TRAIN B_gt_lfq_cosine 1960
TRAIN B_gt_lfq_cosine 1970
TRAIN B_gt_lfq_cosine 1980
TRAIN B_gt_lfq_cosine 1990
TRAIN B_gt_lfq_cosine 2000
TRAIN B_gt_lfq_cosine 2010
TRAIN B_gt_lfq_cosine 2020
TRAIN B_gt_lfq_cosine 2030
TRAIN B_gt_lfq_cosine 2040
TRAIN B_gt_lfq_cosine 2050
TRAIN B_gt_lfq_cosine 2060
TRAIN B_gt_lfq_cosine 2070
TRAIN B_gt_lfq_cosine 2080
TRAIN B_gt_lfq_cosine 2090
TRAIN B_gt_lfq_cosine 2100
TRAIN B_gt_lfq_cosine 2110
TRAIN B_gt_lfq_cosine 2120
TRAIN B_gt_lfq_cosine 2130
TRAIN B_gt_lfq_cosine 2140
TRAIN B_gt_lfq_cosine 2150
TRAIN B_gt_lfq_cosine 2160
TRAIN B_gt_lfq_cosine 2170
TRAIN B_gt_lfq_cosine 2180
TRAIN B_gt_lfq_cosine 2190
TRAIN B_gt_lfq_cosine 2200
TRAIN B_gt_lfq_cosine 2210
TRAIN B_gt_lfq_cosine 2220
TRAIN B_gt_lfq_cosine 2230
TRAIN B_gt_lfq_cosine 2240
TRAIN B_gt_lfq_cosine 2250
TRAIN B_gt_lfq_cosine 2260
TRAIN B_gt_lfq_cosine 2270
TRAIN B_gt_lfq_cosine 2280
TRAIN B_gt_lfq_cosine 2290
TRAIN B_gt_lfq_cosine 2300
TRAIN B_gt_lfq_cosine 2310
TRAIN B_gt_lfq_cosine 2320
TRAIN B_gt_lfq_cosine 2330
TRAIN B_gt_lfq_cosine 2340
TRAIN B_gt_lfq_cosine 2350
TRAIN B_gt_lfq_cosine 2360
TRAIN B_gt_lfq_cosine 2370
TRAIN B_gt_lfq_cosine 2380
TRAIN B_gt_lfq_cosine 2390
TRAIN B_gt_lfq_cosine 2400
TRAIN B_gt_lfq_cosine 2410
TRAIN B_gt_lfq_cosine 2420
TRAIN B_gt_lfq_cosine 2430
TRAIN B_gt_lfq_cosine 2440
TRAIN B_gt_lfq_cosine 2450
TRAIN B_gt_lfq_cosine 2460
TRAIN B_gt_lfq_cosine 2470
TRAIN B_gt_lfq_cosine 2480
TRAIN B_gt_lfq_cosine 2490
TRAIN B_gt_lfq_cosine 2500
TRAIN B_gt_lfq_cosine 2510
TRAIN B_gt_lfq_cosine 2520
TRAIN B_gt_lfq_cosine 2530
TRAIN B_gt_lfq_cosine 2540
TRAIN B_gt_lfq_cosine 2550
TRAIN B_gt_lfq_cosine 2560
TRAIN B_gt_lfq_cosine 2570
TRAIN B_gt_lfq_cosine 2580
TRAIN B_gt_lfq_cosine 2590
TRAIN B_gt_lfq_cosine 2600
TRAIN B_gt_lfq_cosine 2610
TRAIN B_gt_lfq_cosine 2620
TRAIN B_gt_lfq_cosine 2630
TRAIN B_gt_lfq_cosine 2640
TRAIN B_gt_lfq_cosine 2650
TRAIN B_gt_lfq_cosine 2660
TRAIN B_gt_lfq_cosine 2670
TRAIN B_gt_lfq_cosine 2680
TRAIN B_gt_lfq_cosine 2690
TRAIN B_gt_lfq_cosine 2700
TRAIN B_gt_lfq_cosine 2710
TRAIN B_gt_lfq_cosine 2720
TRAIN B_gt_lfq_cosine 2730
TRAIN B_gt_lfq_cosine 2740
TRAIN B_gt_lfq_cosine 2750
TRAIN B_gt_lfq_cosine 2760
TRAIN B_gt_lfq_cosine 2770
TRAIN B_gt_lfq_cosine 2780
TRAIN B_gt_lfq_cosine 2790
TRAIN B_gt_lfq_cosine 2800
TRAIN B_gt_lfq_cosine 2810
TRAIN B_gt_lfq_cosine 2820
TRAIN B_gt_lfq_cosine 2830
TRAIN B_gt_lfq_cosine 2840
TRAIN B_gt_lfq_cosine 2850
TRAIN B_gt_lfq_cosine 2860
TRAIN B_gt_lfq_cosine 2870
TRAIN B_gt_lfq_cosine 2880
TRAIN B_gt_lfq_cosine 2890
TRAIN B_gt_lfq_cosine 2900
TRAIN B_gt_lfq_cosine 2910
TRAIN B_gt_lfq_cosine 2920
TRAIN B_gt_lfq_cosine 2930
TRAIN B_gt_lfq_cosine 2940
TRAIN B_gt_lfq_cosine 2950
TRAIN B_gt_lfq_cosine 2960
TRAIN B_gt_lfq_cosine 2970
TRAIN B_gt_lfq_cosine 2980
TRAIN B_gt_lfq_cosine 2990
TRAIN B_gt_lfq_cosine 3000
TRAIN B_gt_lfq_cosine 3010
TRAIN B_gt_lfq_cosine 3020
TRAIN B_gt_lfq_cosine 3030
TRAIN B_gt_lfq_cosine 3040
TRAIN B_gt_lfq_cosine 3050
TRAIN B_gt_lfq_cosine 3060
TRAIN B_gt_lfq_cosine 3070
TRAIN B_gt_lfq_cosine 3080
TRAIN B_gt_lfq_cosine 3090
TRAIN B_gt_lfq_cosine 3100
TRAIN B_gt_lfq_cosine 3110
TRAIN B_gt_lfq_cosine 3120
TRAIN B_gt_lfq_cosine 3130
TRAIN B_gt_lfq_cosine 3140
TRAIN B_gt_lfq_cosine 3150
TRAIN B_gt_lfq_cosine 3160
TRAIN B_gt_lfq_cosine 3170
TRAIN B_gt_lfq_cosine 3180
TRAIN B_gt_lfq_cosine 3190
TRAIN B_gt_lfq_cosine 3200
TRAIN B_gt_lfq_cosine 3210
TRAIN B_gt_lfq_cosine 3220
TRAIN B_gt_lfq_cosine 3230
TRAIN B_gt_lfq_cosine 3240
TRAIN B_gt_lfq_cosine 3250
TRAIN B_gt_lfq_cosine 3260
TRAIN B_gt_lfq_cosine 3270
TRAIN B_gt_lfq_cosine 3280
TRAIN B_gt_lfq_cosine 3290
TRAIN B_gt_lfq_cosine 3300
TRAIN B_gt_lfq_cosine 3310
TRAIN B_gt_lfq_cosine 3320
TRAIN B_gt_lfq_cosine 3330
TRAIN B_gt_lfq_cosine 3340
TRAIN B_gt_lfq_cosine 3350
TRAIN B_gt_lfq_cosine 3360
TRAIN B_gt_lfq_cosine 3370
TRAIN B_gt_lfq_cosine 3380
TRAIN B_gt_lfq_cosine 3390
TRAIN B_gt_lfq_cosine 3400
TRAIN B_gt_lfq_cosine 3410
TRAIN B_gt_lfq_cosine 3420
TRAIN B_gt_lfq_cosine 3430
TRAIN B_gt_lfq_cosine 3440
TRAIN B_gt_lfq_cosine 3450
TRAIN B_gt_lfq_cosine 3460
TRAIN B_gt_lfq_cosine 3470
TRAIN B_gt_lfq_cosine 3480
TRAIN B_gt_lfq_cosine 3490
TRAIN B_gt_lfq_cosine 3500
TRAIN B_gt_lfq_cosine 3510
TRAIN B_gt_lfq_cosine 3520
TRAIN B_gt_lfq_cosine 3530
TRAIN B_gt_lfq_cosine 3540
TRAIN B_gt_lfq_cosine 3550
TRAIN B_gt_lfq_cosine 3560
TRAIN B_gt_lfq_cosine 3570
TRAIN B_gt_lfq_cosine 3580
TRAIN B_gt_lfq_cosine 3590
TRAIN B_gt_lfq_cosine 3600
TRAIN B_gt_lfq_cosine 3610
TRAIN B_gt_lfq_cosine 3620
TRAIN B_gt_lfq_cosine 3630
TRAIN B_gt_lfq_cosine 3640
TRAIN B_gt_lfq_cosine 3650
TRAIN B_gt_lfq_cosine 3660
TRAIN B_gt_lfq_cosine 3670
TRAIN B_gt_lfq_cosine 3680
TRAIN B_gt_lfq_cosine 3690
TRAIN B_gt_lfq_cosine 3700
TRAIN B_gt_lfq_cosine 3710
TRAIN B_gt_lfq_cosine 3720
TRAIN B_gt_lfq_cosine 3730
TRAIN B_gt_lfq_cosine 3740
TRAIN B_gt_lfq_cosine 3750
TRAIN B_gt_lfq_cosine 3760
TRAIN B_gt_lfq_cosine 3770
TRAIN B_gt_lfq_cosine 3780
TRAIN B_gt_lfq_cosine 3790
TRAIN B_gt_lfq_cosine 3800
TRAIN B_gt_lfq_cosine 3810
TRAIN B_gt_lfq_cosine 3820
TRAIN B_gt_lfq_cosine 3830
TRAIN B_gt_lfq_cosine 3840
TRAIN B_gt_lfq_cosine 3850
TRAIN B_gt_lfq_cosine 3860
TRAIN B_gt_lfq_cosine 3870
TRAIN B_gt_lfq_cosine 3880
TRAIN B_gt_lfq_cosine 3890
TRAIN B_gt_lfq_cosine 3900
TRAIN B_gt_lfq_cosine 3910
TRAIN B_gt_lfq_cosine 3920
TRAIN B_gt_lfq_cosine 3930
TRAIN B_gt_lfq_cosine 3940
TRAIN B_gt_lfq_cosine 3950
TRAIN B_gt_lfq_cosine 3960
TRAIN B_gt_lfq_cosine 3970
TRAIN B_gt_lfq_cosine 3980
TRAIN B_gt_lfq_cosine 3990
TRAIN B_gt_lfq_cosine 4000
TRAIN B_gt_lfq_cosine 4010
TRAIN B_gt_lfq_cosine 4020
TRAIN B_gt_lfq_cosine 4030
TRAIN B_gt_lfq_cosine 4040
TRAIN B_gt_lfq_cosine 4050
TRAIN B_gt_lfq_cosine 4060
TRAIN B_gt_lfq_cosine 4070
TRAIN B_gt_lfq_cosine 4080
TRAIN B_gt_lfq_cosine 4090
TRAIN B_gt_lfq_cosine 4100
TRAIN B_gt_lfq_cosine 4110
TRAIN B_gt_lfq_cosine 4120
TRAIN B_gt_lfq_cosine 4130
TRAIN B_gt_lfq_cosine 4140
TRAIN B_gt_lfq_cosine 4150
TRAIN B_gt_lfq_cosine 4160
TRAIN B_gt_lfq_cosine 4170
TRAIN B_gt_lfq_cosine 4180
TRAIN B_gt_lfq_cosine 4190
TRAIN B_gt_lfq_cosine 4200
TRAIN B_gt_lfq_cosine 4210
TRAIN B_gt_lfq_cosine 4220
TRAIN B_gt_lfq_cosine 4230
TRAIN B_gt_lfq_cosine 4240
TRAIN B_gt_lfq_cosine 4250
TRAIN B_gt_lfq_cosine 4260
TRAIN B_gt_lfq_cosine 4270
TRAIN B_gt_lfq_cosine 4280
TRAIN B_gt_lfq_cosine 4290
TRAIN B_gt_lfq_cosine 4300
TRAIN B_gt_lfq_cosine 4310
TRAIN B_gt_lfq_cosine 4320
TRAIN B_gt_lfq_cosine 4330
TRAIN B_gt_lfq_cosine 4340
TRAIN B_gt_lfq_cosine 4350
TRAIN B_gt_lfq_cosine 4360
TRAIN B_gt_lfq_cosine 4370
TRAIN B_gt_lfq_cosine 4380
TRAIN B_gt_lfq_cosine 4390
TRAIN B_gt_lfq_cosine 4400
TRAIN B_gt_lfq_cosine 4410
TRAIN B_gt_lfq_cosine 4420
TRAIN B_gt_lfq_cosine 4430
TRAIN B_gt_lfq_cosine 4440
TRAIN B_gt_lfq_cosine 4450
TRAIN B_gt_lfq_cosine 4460
TRAIN B_gt_lfq_cosine 4470
TRAIN B_gt_lfq_cosine 4480
TRAIN B_gt_lfq_cosine 4490
TRAIN B_gt_lfq_cosine 4500
TRAIN B_gt_lfq_cosine 4510
TRAIN B_gt_lfq_cosine 4520
TRAIN B_gt_lfq_cosine 4530
TRAIN B_gt_lfq_cosine 4540
TRAIN B_gt_lfq_cosine 4550
TRAIN B_gt_lfq_cosine 4560
TRAIN B_gt_lfq_cosine 4570
TRAIN B_gt_lfq_cosine 4580
TRAIN B_gt_lfq_cosine 4590
TRAIN B_gt_lfq_cosine 4600
TRAIN B_gt_lfq_cosine 4610
TRAIN B_gt_lfq_cosine 4620
TRAIN B_gt_lfq_cosine 4630
TRAIN B_gt_lfq_cosine 4640
TRAIN B_gt_lfq_cosine 4650
TRAIN B_gt_lfq_cosine 4660
TRAIN B_gt_lfq_cosine 4670
TRAIN B_gt_lfq_cosine 4680
TRAIN B_gt_lfq_cosine 4690
TRAIN B_gt_lfq_cosine 4700
TRAIN B_gt_lfq_cosine 4710
TRAIN B_gt_lfq_cosine 4720
TRAIN B_gt_lfq_cosine 4730
TRAIN B_gt_lfq_cosine 4740
TRAIN B_gt_lfq_cosine 4750
TRAIN B_gt_lfq_cosine 4760
TRAIN B_gt_lfq_cosine 4770
TRAIN B_gt_lfq_cosine 4780
TRAIN B_gt_lfq_cosine 4790
TRAIN B_gt_lfq_cosine 4800
TRAIN B_gt_lfq_cosine 4810
TRAIN B_gt_lfq_cosine 4820
TRAIN B_gt_lfq_cosine 4830
TRAIN B_gt_lfq_cosine 4840
TRAIN B_gt_lfq_cosine 4850
TRAIN B_gt_lfq_cosine 4860
TRAIN B_gt_lfq_cosine 4870
TRAIN B_gt_lfq_cosine 4880
TRAIN B_gt_lfq_cosine 4890
TRAIN B_gt_lfq_cosine 4900
TRAIN B_gt_lfq_cosine 4910
TRAIN B_gt_lfq_cosine 4920
TRAIN B_gt_lfq_cosine 4930
TRAIN B_gt_lfq_cosine 4940
TRAIN B_gt_lfq_cosine 4950
TRAIN B_gt_lfq_cosine 4960
TRAIN B_gt_lfq_cosine 4970
TRAIN B_gt_lfq_cosine 4980
TRAIN B_gt_lfq_cosine 4990
TRAIN B_gt_lfq_cosine 5000
