cannot import cuda implementation for inference, fallback to pytorch.
[DMCI] Loading pretrained Encoder from /Huang_group/zyyz/Projects/GVC-RT/checkpoints/GVC-RT_I.pt...
==> [DMCI] Attempting full model load from: /Huang_group/zyyz/Projects/GVC-RT/checkpoints/GVC-RT_I.pt
    ⚠️ [WARNING] No 'ema' or 'student' key. Using default state_dict...
-------------------------------------------------------
Sub-Module                | Parameters Loaded
-------------------------------------------------------
enc (Encoder)             | 74         ✅
dec (Latent Dec)          | 120        ✅
recon (Recon Head)        | 212        ✅
entropy (Prior/Hyper)     | 190        ✅
-------------------------------------------------------
==> [DMCI] Full Load Finished.
/Huang_group/zyyz/home_dir/.conda/envs/gvc-rt/lib/python3.12/site-packages/torchvision/models/_utils.py:208: UserWarning: The parameter 'pretrained' is deprecated since 0.13 and may be removed in the future, please use 'weights' instead.
  warnings.warn(
/Huang_group/zyyz/home_dir/.conda/envs/gvc-rt/lib/python3.12/site-packages/torchvision/models/_utils.py:223: UserWarning: Arguments other than a weight enum or `None` for 'weights' are deprecated since 0.13 and may be removed in the future. The current behavior is equivalent to passing `weights=AlexNet_Weights.IMAGENET1K_V1`. You can also use `weights=AlexNet_Weights.DEFAULT` to get the most up-to-date weights.
  warnings.warn(msg)
/Huang_group/zyyz/home_dir/.conda/envs/gvc-rt/lib/python3.12/site-packages/torchvision/models/_utils.py:223: UserWarning: Arguments other than a weight enum or `None` for 'weights' are deprecated since 0.13 and may be removed in the future. The current behavior is equivalent to passing `weights=VGG16_Weights.IMAGENET1K_V1`. You can also use `weights=VGG16_Weights.DEFAULT` to get the most up-to-date weights.
  warnings.warn(msg)
TRAIN A_image_rate 1
TRAIN A_image_rate 10
TRAIN A_image_rate 20
TRAIN A_image_rate 30
TRAIN A_image_rate 40
TRAIN A_image_rate 50
TRAIN A_image_rate 60
TRAIN A_image_rate 70
TRAIN A_image_rate 80
TRAIN A_image_rate 90
TRAIN A_image_rate 100
TRAIN A_image_rate 110
TRAIN A_image_rate 120
TRAIN A_image_rate 130
TRAIN A_image_rate 140
TRAIN A_image_rate 150
TRAIN A_image_rate 160
TRAIN A_image_rate 170
TRAIN A_image_rate 180
TRAIN A_image_rate 190
TRAIN A_image_rate 200
TRAIN A_image_rate 210
TRAIN A_image_rate 220
TRAIN A_image_rate 230
TRAIN A_image_rate 240
TRAIN A_image_rate 250
TRAIN A_image_rate 260
TRAIN A_image_rate 270
TRAIN A_image_rate 280
TRAIN A_image_rate 290
TRAIN A_image_rate 300
TRAIN A_image_rate 310
TRAIN A_image_rate 320
TRAIN A_image_rate 330
TRAIN A_image_rate 340
TRAIN A_image_rate 350
TRAIN A_image_rate 360
TRAIN A_image_rate 370
TRAIN A_image_rate 380
TRAIN A_image_rate 390
TRAIN A_image_rate 400
TRAIN A_image_rate 410
TRAIN A_image_rate 420
TRAIN A_image_rate 430
TRAIN A_image_rate 440
TRAIN A_image_rate 450
TRAIN A_image_rate 460
TRAIN A_image_rate 470
TRAIN A_image_rate 480
TRAIN A_image_rate 490
TRAIN A_image_rate 500
TRAIN A_image_rate 510
TRAIN A_image_rate 520
TRAIN A_image_rate 530
TRAIN A_image_rate 540
TRAIN A_image_rate 550
TRAIN A_image_rate 560
TRAIN A_image_rate 570
TRAIN A_image_rate 580
TRAIN A_image_rate 590
TRAIN A_image_rate 600
TRAIN A_image_rate 610
TRAIN A_image_rate 620
TRAIN A_image_rate 630
TRAIN A_image_rate 640
TRAIN A_image_rate 650
TRAIN A_image_rate 660
TRAIN A_image_rate 670
TRAIN A_image_rate 680
TRAIN A_image_rate 690
TRAIN A_image_rate 700
TRAIN A_image_rate 710
TRAIN A_image_rate 720
TRAIN A_image_rate 730
TRAIN A_image_rate 740
TRAIN A_image_rate 750
TRAIN A_image_rate 760
TRAIN A_image_rate 770
TRAIN A_image_rate 780
TRAIN A_image_rate 790
TRAIN A_image_rate 800
TRAIN A_image_rate 810
TRAIN A_image_rate 820
TRAIN A_image_rate 830
TRAIN A_image_rate 840
TRAIN A_image_rate 850
TRAIN A_image_rate 860
TRAIN A_image_rate 870
TRAIN A_image_rate 880
TRAIN A_image_rate 890
TRAIN A_image_rate 900
TRAIN A_image_rate 910
TRAIN A_image_rate 920
TRAIN A_image_rate 930
TRAIN A_image_rate 940
TRAIN A_image_rate 950
TRAIN A_image_rate 960
TRAIN A_image_rate 970
TRAIN A_image_rate 980
TRAIN A_image_rate 990
TRAIN A_image_rate 1000
TRAIN A_image_rate 1010
TRAIN A_image_rate 1020
TRAIN A_image_rate 1030
TRAIN A_image_rate 1040
TRAIN A_image_rate 1050
TRAIN A_image_rate 1060
TRAIN A_image_rate 1070
TRAIN A_image_rate 1080
TRAIN A_image_rate 1090
TRAIN A_image_rate 1100
TRAIN A_image_rate 1110
TRAIN A_image_rate 1120
TRAIN A_image_rate 1130
TRAIN A_image_rate 1140
TRAIN A_image_rate 1150
TRAIN A_image_rate 1160
TRAIN A_image_rate 1170
TRAIN A_image_rate 1180
TRAIN A_image_rate 1190
TRAIN A_image_rate 1200
TRAIN A_image_rate 1210
TRAIN A_image_rate 1220
TRAIN A_image_rate 1230
TRAIN A_image_rate 1240
TRAIN A_image_rate 1250
TRAIN A_image_rate 1260
TRAIN A_image_rate 1270
TRAIN A_image_rate 1280
TRAIN A_image_rate 1290
TRAIN A_image_rate 1300
TRAIN A_image_rate 1310
TRAIN A_image_rate 1320
TRAIN A_image_rate 1330
TRAIN A_image_rate 1340
TRAIN A_image_rate 1350
TRAIN A_image_rate 1360
TRAIN A_image_rate 1370
TRAIN A_image_rate 1380
TRAIN A_image_rate 1390
TRAIN A_image_rate 1400
TRAIN A_image_rate 1410
TRAIN A_image_rate 1420
TRAIN A_image_rate 1430
TRAIN A_image_rate 1440
TRAIN A_image_rate 1450
TRAIN A_image_rate 1460
TRAIN A_image_rate 1470
TRAIN A_image_rate 1480
TRAIN A_image_rate 1490
TRAIN A_image_rate 1500
TRAIN A_image_rate 1510
TRAIN A_image_rate 1520
TRAIN A_image_rate 1530
TRAIN A_image_rate 1540
TRAIN A_image_rate 1550
TRAIN A_image_rate 1560
TRAIN A_image_rate 1570
TRAIN A_image_rate 1580
TRAIN A_image_rate 1590
TRAIN A_image_rate 1600
TRAIN A_image_rate 1610
TRAIN A_image_rate 1620
TRAIN A_image_rate 1630
TRAIN A_image_rate 1640
TRAIN A_image_rate 1650
TRAIN A_image_rate 1660
TRAIN A_image_rate 1670
TRAIN A_image_rate 1680
TRAIN A_image_rate 1690
TRAIN A_image_rate 1700
TRAIN A_image_rate 1710
TRAIN A_image_rate 1720
TRAIN A_image_rate 1730
TRAIN A_image_rate 1740
TRAIN A_image_rate 1750
TRAIN A_image_rate 1760
TRAIN A_image_rate 1770
TRAIN A_image_rate 1780
TRAIN A_image_rate 1790
TRAIN A_image_rate 1800
TRAIN A_image_rate 1810
TRAIN A_image_rate 1820
TRAIN A_image_rate 1830
TRAIN A_image_rate 1840
TRAIN A_image_rate 1850
TRAIN A_image_rate 1860
TRAIN A_image_rate 1870
TRAIN A_image_rate 1880
TRAIN A_image_rate 1890
TRAIN A_image_rate 1900
TRAIN A_image_rate 1910
TRAIN A_image_rate 1920
TRAIN A_image_rate 1930
TRAIN A_image_rate 1940
TRAIN A_image_rate 1950
TRAIN A_image_rate 1960
TRAIN A_image_rate 1970
TRAIN A_image_rate 1980
TRAIN A_image_rate 1990
TRAIN A_image_rate 2000
TRAIN A_image_rate 2010
TRAIN A_image_rate 2020
TRAIN A_image_rate 2030
TRAIN A_image_rate 2040
TRAIN A_image_rate 2050
TRAIN A_image_rate 2060
TRAIN A_image_rate 2070
TRAIN A_image_rate 2080
TRAIN A_image_rate 2090
TRAIN A_image_rate 2100
TRAIN A_image_rate 2110
TRAIN A_image_rate 2120
TRAIN A_image_rate 2130
TRAIN A_image_rate 2140
TRAIN A_image_rate 2150
TRAIN A_image_rate 2160
TRAIN A_image_rate 2170
TRAIN A_image_rate 2180
TRAIN A_image_rate 2190
TRAIN A_image_rate 2200
TRAIN A_image_rate 2210
TRAIN A_image_rate 2220
TRAIN A_image_rate 2230
TRAIN A_image_rate 2240
TRAIN A_image_rate 2250
TRAIN A_image_rate 2260
TRAIN A_image_rate 2270
TRAIN A_image_rate 2280
TRAIN A_image_rate 2290
TRAIN A_image_rate 2300
TRAIN A_image_rate 2310
TRAIN A_image_rate 2320
TRAIN A_image_rate 2330
TRAIN A_image_rate 2340
TRAIN A_image_rate 2350
TRAIN A_image_rate 2360
TRAIN A_image_rate 2370
TRAIN A_image_rate 2380
TRAIN A_image_rate 2390
TRAIN A_image_rate 2400
TRAIN A_image_rate 2410
TRAIN A_image_rate 2420
TRAIN A_image_rate 2430
TRAIN A_image_rate 2440
TRAIN A_image_rate 2450
TRAIN A_image_rate 2460
TRAIN A_image_rate 2470
TRAIN A_image_rate 2480
TRAIN A_image_rate 2490
TRAIN A_image_rate 2500
TRAIN A_image_rate 2510
TRAIN A_image_rate 2520
TRAIN A_image_rate 2530
TRAIN A_image_rate 2540
TRAIN A_image_rate 2550
TRAIN A_image_rate 2560
TRAIN A_image_rate 2570
TRAIN A_image_rate 2580
TRAIN A_image_rate 2590
TRAIN A_image_rate 2600
TRAIN A_image_rate 2610
TRAIN A_image_rate 2620
TRAIN A_image_rate 2630
TRAIN A_image_rate 2640
TRAIN A_image_rate 2650
TRAIN A_image_rate 2660
TRAIN A_image_rate 2670
TRAIN A_image_rate 2680
TRAIN A_image_rate 2690
TRAIN A_image_rate 2700
TRAIN A_image_rate 2710
TRAIN A_image_rate 2720
TRAIN A_image_rate 2730
TRAIN A_image_rate 2740
TRAIN A_image_rate 2750
TRAIN A_image_rate 2760
TRAIN A_image_rate 2770
TRAIN A_image_rate 2780
TRAIN A_image_rate 2790
TRAIN A_image_rate 2800
TRAIN A_image_rate 2810
TRAIN A_image_rate 2820
TRAIN A_image_rate 2830
TRAIN A_image_rate 2840
TRAIN A_image_rate 2850
TRAIN A_image_rate 2860
TRAIN A_image_rate 2870
TRAIN A_image_rate 2880
TRAIN A_image_rate 2890
TRAIN A_image_rate 2900
TRAIN A_image_rate 2910
TRAIN A_image_rate 2920
TRAIN A_image_rate 2930
TRAIN A_image_rate 2940
TRAIN A_image_rate 2950
TRAIN A_image_rate 2960
TRAIN A_image_rate 2970
TRAIN A_image_rate 2980
TRAIN A_image_rate 2990
TRAIN A_image_rate 3000
TRAIN A_image_rate 3010
TRAIN A_image_rate 3020
TRAIN A_image_rate 3030
TRAIN A_image_rate 3040
TRAIN A_image_rate 3050
TRAIN A_image_rate 3060
TRAIN A_image_rate 3070
TRAIN A_image_rate 3080
TRAIN A_image_rate 3090
TRAIN A_image_rate 3100
TRAIN A_image_rate 3110
TRAIN A_image_rate 3120
TRAIN A_image_rate 3130
TRAIN A_image_rate 3140
TRAIN A_image_rate 3150
TRAIN A_image_rate 3160
TRAIN A_image_rate 3170
TRAIN A_image_rate 3180
TRAIN A_image_rate 3190
TRAIN A_image_rate 3200
TRAIN A_image_rate 3210
TRAIN A_image_rate 3220
TRAIN A_image_rate 3230
TRAIN A_image_rate 3240
TRAIN A_image_rate 3250
TRAIN A_image_rate 3260
TRAIN A_image_rate 3270
TRAIN A_image_rate 3280
TRAIN A_image_rate 3290
TRAIN A_image_rate 3300
TRAIN A_image_rate 3310
TRAIN A_image_rate 3320
TRAIN A_image_rate 3330
TRAIN A_image_rate 3340
TRAIN A_image_rate 3350
TRAIN A_image_rate 3360
TRAIN A_image_rate 3370
TRAIN A_image_rate 3380
TRAIN A_image_rate 3390
TRAIN A_image_rate 3400
TRAIN A_image_rate 3410
TRAIN A_image_rate 3420
TRAIN A_image_rate 3430
TRAIN A_image_rate 3440
TRAIN A_image_rate 3450
TRAIN A_image_rate 3460
TRAIN A_image_rate 3470
TRAIN A_image_rate 3480
TRAIN A_image_rate 3490
TRAIN A_image_rate 3500
TRAIN A_image_rate 3510
TRAIN A_image_rate 3520
TRAIN A_image_rate 3530
TRAIN A_image_rate 3540
TRAIN A_image_rate 3550
TRAIN A_image_rate 3560
TRAIN A_image_rate 3570
TRAIN A_image_rate 3580
TRAIN A_image_rate 3590
TRAIN A_image_rate 3600
TRAIN A_image_rate 3610
TRAIN A_image_rate 3620
TRAIN A_image_rate 3630
TRAIN A_image_rate 3640
TRAIN A_image_rate 3650
TRAIN A_image_rate 3660
TRAIN A_image_rate 3670
TRAIN A_image_rate 3680
TRAIN A_image_rate 3690
TRAIN A_image_rate 3700
TRAIN A_image_rate 3710
TRAIN A_image_rate 3720
TRAIN A_image_rate 3730
TRAIN A_image_rate 3740
TRAIN A_image_rate 3750
TRAIN A_image_rate 3760
TRAIN A_image_rate 3770
TRAIN A_image_rate 3780
TRAIN A_image_rate 3790
TRAIN A_image_rate 3800
TRAIN A_image_rate 3810
TRAIN A_image_rate 3820
TRAIN A_image_rate 3830
TRAIN A_image_rate 3840
TRAIN A_image_rate 3850
TRAIN A_image_rate 3860
TRAIN A_image_rate 3870
TRAIN A_image_rate 3880
TRAIN A_image_rate 3890
TRAIN A_image_rate 3900
TRAIN A_image_rate 3910
TRAIN A_image_rate 3920
TRAIN A_image_rate 3930
TRAIN A_image_rate 3940
TRAIN A_image_rate 3950
TRAIN A_image_rate 3960
TRAIN A_image_rate 3970
TRAIN A_image_rate 3980
TRAIN A_image_rate 3990
TRAIN A_image_rate 4000
TRAIN A_image_rate 4010
TRAIN A_image_rate 4020
TRAIN A_image_rate 4030
TRAIN A_image_rate 4040
TRAIN A_image_rate 4050
TRAIN A_image_rate 4060
TRAIN A_image_rate 4070
TRAIN A_image_rate 4080
TRAIN A_image_rate 4090
TRAIN A_image_rate 4100
TRAIN A_image_rate 4110
TRAIN A_image_rate 4120
TRAIN A_image_rate 4130
TRAIN A_image_rate 4140
TRAIN A_image_rate 4150
TRAIN A_image_rate 4160
TRAIN A_image_rate 4170
TRAIN A_image_rate 4180
TRAIN A_image_rate 4190
TRAIN A_image_rate 4200
TRAIN A_image_rate 4210
TRAIN A_image_rate 4220
TRAIN A_image_rate 4230
TRAIN A_image_rate 4240
TRAIN A_image_rate 4250
TRAIN A_image_rate 4260
TRAIN A_image_rate 4270
TRAIN A_image_rate 4280
TRAIN A_image_rate 4290
TRAIN A_image_rate 4300
TRAIN A_image_rate 4310
TRAIN A_image_rate 4320
TRAIN A_image_rate 4330
TRAIN A_image_rate 4340
TRAIN A_image_rate 4350
TRAIN A_image_rate 4360
TRAIN A_image_rate 4370
TRAIN A_image_rate 4380
TRAIN A_image_rate 4390
TRAIN A_image_rate 4400
TRAIN A_image_rate 4410
TRAIN A_image_rate 4420
TRAIN A_image_rate 4430
TRAIN A_image_rate 4440
TRAIN A_image_rate 4450
TRAIN A_image_rate 4460
TRAIN A_image_rate 4470
TRAIN A_image_rate 4480
TRAIN A_image_rate 4490
TRAIN A_image_rate 4500
TRAIN A_image_rate 4510
TRAIN A_image_rate 4520
TRAIN A_image_rate 4530
TRAIN A_image_rate 4540
TRAIN A_image_rate 4550
TRAIN A_image_rate 4560
TRAIN A_image_rate 4570
TRAIN A_image_rate 4580
TRAIN A_image_rate 4590
TRAIN A_image_rate 4600
TRAIN A_image_rate 4610
TRAIN A_image_rate 4620
TRAIN A_image_rate 4630
TRAIN A_image_rate 4640
TRAIN A_image_rate 4650
TRAIN A_image_rate 4660
TRAIN A_image_rate 4670
TRAIN A_image_rate 4680
TRAIN A_image_rate 4690
TRAIN A_image_rate 4700
TRAIN A_image_rate 4710
TRAIN A_image_rate 4720
TRAIN A_image_rate 4730
TRAIN A_image_rate 4740
TRAIN A_image_rate 4750
TRAIN A_image_rate 4760
TRAIN A_image_rate 4770
TRAIN A_image_rate 4780
TRAIN A_image_rate 4790
TRAIN A_image_rate 4800
TRAIN A_image_rate 4810
TRAIN A_image_rate 4820
TRAIN A_image_rate 4830
TRAIN A_image_rate 4840
TRAIN A_image_rate 4850
TRAIN A_image_rate 4860
TRAIN A_image_rate 4870
TRAIN A_image_rate 4880
TRAIN A_image_rate 4890
TRAIN A_image_rate 4900
TRAIN A_image_rate 4910
TRAIN A_image_rate 4920
TRAIN A_image_rate 4930
TRAIN A_image_rate 4940
TRAIN A_image_rate 4950
TRAIN A_image_rate 4960
TRAIN A_image_rate 4970
TRAIN A_image_rate 4980
TRAIN A_image_rate 4990
TRAIN A_image_rate 5000
