HISTORICAL SHA SNAPSHOT gvcrt_neural_wrapper_v6_15_mixed_domain_replay
HISTORICAL SHA SNAPSHOT gvcrt_neural_wrapper_v6_16_dists_gradient_verification
HISTORICAL SHA SNAPSHOT gvcrt_neural_wrapper_v6_17_dists_weight_control
CHECKPOINT VERIFIED v62_initial
CHECKPOINT VERIFIED mixed_1000
CHECKPOINT VERIFIED dists_fixed_1000
CHECKPOINT VERIFIED dists_w05_1000
SOURCE FRAMES VERIFIED ulong fee5d9ad-e77d-44cd-b576-d588d7a0ce9d
SOURCE FRAMES VERIFIED ulong 0834e99f-94bc-4568-a7c2-f7022dade8e1
SOURCE FRAMES VERIFIED ulong 98881c99-ebda-4469-bbe4-0ee789ff217d
SOURCE FRAMES VERIFIED ulong 3ed03b37-46cd-442c-a790-29fd5ed72122
SOURCE FRAMES VERIFIED ulong ce6f8354-ba57-487f-9f25-1b1271db4511
SOURCE FRAMES VERIFIED ulong 259bf3b4-4af4-4e1a-af3e-4b7df23dc061
SOURCE FRAMES VERIFIED ulong c46605a6-f6f6-4053-849d-455de2e6edb9
SOURCE FRAMES VERIFIED ulong f0f6a0ec-d531-4a1b-9d18-d7541bd0132d
SOURCE FRAMES VERIFIED uvg_holdout HoneyBee
SOURCE FRAMES VERIFIED uvg_holdout Jockey
SOURCE FRAMES VERIFIED uvg_validation Bosphorus
Traceback (most recent call last):
  File "/Huang_group/zyyz/Projects/GVC-RT/experiments/gvcrt_neural_wrapper_v6_18_long_horizon_error_propagation_audit/prepare.py", line 87, in <module>
    try:main()
        ^^^^^^
  File "/Huang_group/zyyz/Projects/GVC-RT/experiments/gvcrt_neural_wrapper_v6_18_long_horizon_error_propagation_audit/prepare.py", line 55, in main
    if d=='hevc_b':assert v['rate_accounting_fps']==v['source_fps_metadata']
                                                    ~^^^^^^^^^^^^^^^^^^^^^^^
KeyError: 'source_fps_metadata'
HISTORICAL SHA SNAPSHOT gvcrt_neural_wrapper_v6_15_mixed_domain_replay
HISTORICAL SHA SNAPSHOT gvcrt_neural_wrapper_v6_16_dists_gradient_verification
HISTORICAL SHA SNAPSHOT gvcrt_neural_wrapper_v6_17_dists_weight_control
CHECKPOINT VERIFIED v62_initial
CHECKPOINT VERIFIED mixed_1000
CHECKPOINT VERIFIED dists_fixed_1000
CHECKPOINT VERIFIED dists_w05_1000
SOURCE FRAMES VERIFIED ulong fee5d9ad-e77d-44cd-b576-d588d7a0ce9d
SOURCE FRAMES VERIFIED ulong 0834e99f-94bc-4568-a7c2-f7022dade8e1
SOURCE FRAMES VERIFIED ulong 98881c99-ebda-4469-bbe4-0ee789ff217d
SOURCE FRAMES VERIFIED ulong 3ed03b37-46cd-442c-a790-29fd5ed72122
SOURCE FRAMES VERIFIED ulong ce6f8354-ba57-487f-9f25-1b1271db4511
SOURCE FRAMES VERIFIED ulong 259bf3b4-4af4-4e1a-af3e-4b7df23dc061
SOURCE FRAMES VERIFIED ulong c46605a6-f6f6-4053-849d-455de2e6edb9
SOURCE FRAMES VERIFIED ulong f0f6a0ec-d531-4a1b-9d18-d7541bd0132d
SOURCE FRAMES VERIFIED uvg_holdout HoneyBee
SOURCE FRAMES VERIFIED uvg_holdout Jockey
SOURCE FRAMES VERIFIED uvg_validation Bosphorus
SOURCE FRAMES VERIFIED hevc_b BasketballDrive
SOURCE FRAMES VERIFIED hevc_b BQTerrace
SOURCE FRAMES VERIFIED hevc_b Cactus
SOURCE FRAMES VERIFIED hevc_b Kimono1
SOURCE FRAMES VERIFIED hevc_b ParkScene
PREFLIGHT PASS
