cannot import cuda implementation for inference, fallback to pytorch.
[DMCI] Loading pretrained Encoder from /Huang_group/zyyz/Projects/GVC-RT/checkpoints/GVC-RT_I.pt...
==> [DMCI] Attempting full model load from: /Huang_group/zyyz/Projects/GVC-RT/checkpoints/GVC-RT_I.pt
    ⚠️ [WARNING] No 'ema' or 'student' key. Using default state_dict...
-------------------------------------------------------
Sub-Module                | Parameters Loaded
-------------------------------------------------------
enc (Encoder)             | 74         ✅
dec (Latent Dec)          | 120        ✅
recon (Recon Head)        | 212        ✅
entropy (Prior/Hyper)     | 190        ✅
-------------------------------------------------------
==> [DMCI] Full Load Finished.
/Huang_group/zyyz/home_dir/.conda/envs/gvc-rt/lib/python3.12/site-packages/torchvision/models/_utils.py:208: UserWarning: The parameter 'pretrained' is deprecated since 0.13 and may be removed in the future, please use 'weights' instead.
  warnings.warn(
/Huang_group/zyyz/home_dir/.conda/envs/gvc-rt/lib/python3.12/site-packages/torchvision/models/_utils.py:223: UserWarning: Arguments other than a weight enum or `None` for 'weights' are deprecated since 0.13 and may be removed in the future. The current behavior is equivalent to passing `weights=AlexNet_Weights.IMAGENET1K_V1`. You can also use `weights=AlexNet_Weights.DEFAULT` to get the most up-to-date weights.
  warnings.warn(msg)
/Huang_group/zyyz/home_dir/.conda/envs/gvc-rt/lib/python3.12/site-packages/torchvision/models/_utils.py:223: UserWarning: Arguments other than a weight enum or `None` for 'weights' are deprecated since 0.13 and may be removed in the future. The current behavior is equivalent to passing `weights=VGG16_Weights.IMAGENET1K_V1`. You can also use `weights=VGG16_Weights.DEFAULT` to get the most up-to-date weights.
  warnings.warn(msg)
TRAIN 1 /1000
TRAIN 10 /1000
TRAIN 20 /1000
TRAIN 30 /1000
TRAIN 40 /1000
TRAIN 50 /1000
TRAIN 60 /1000
TRAIN 70 /1000
TRAIN 80 /1000
TRAIN 90 /1000
TRAIN 100 /1000
TRAIN 110 /1000
TRAIN 120 /1000
TRAIN 130 /1000
TRAIN 140 /1000
TRAIN 150 /1000
TRAIN 160 /1000
TRAIN 170 /1000
TRAIN 180 /1000
TRAIN 190 /1000
TRAIN 200 /1000
TRAIN 210 /1000
TRAIN 220 /1000
TRAIN 230 /1000
TRAIN 240 /1000
TRAIN 250 /1000
TRAIN 260 /1000
TRAIN 270 /1000
TRAIN 280 /1000
TRAIN 290 /1000
TRAIN 300 /1000
TRAIN 310 /1000
TRAIN 320 /1000
TRAIN 330 /1000
TRAIN 340 /1000
TRAIN 350 /1000
TRAIN 360 /1000
TRAIN 370 /1000
TRAIN 380 /1000
TRAIN 390 /1000
TRAIN 400 /1000
TRAIN 410 /1000
TRAIN 420 /1000
TRAIN 430 /1000
TRAIN 440 /1000
TRAIN 450 /1000
TRAIN 460 /1000
TRAIN 470 /1000
TRAIN 480 /1000
TRAIN 490 /1000
TRAIN 500 /1000
TRAIN 510 /1000
TRAIN 520 /1000
TRAIN 530 /1000
TRAIN 540 /1000
TRAIN 550 /1000
TRAIN 560 /1000
TRAIN 570 /1000
TRAIN 580 /1000
TRAIN 590 /1000
TRAIN 600 /1000
TRAIN 610 /1000
TRAIN 620 /1000
TRAIN 630 /1000
TRAIN 640 /1000
TRAIN 650 /1000
TRAIN 660 /1000
TRAIN 670 /1000
TRAIN 680 /1000
TRAIN 690 /1000
TRAIN 700 /1000
TRAIN 710 /1000
TRAIN 720 /1000
TRAIN 730 /1000
TRAIN 740 /1000
TRAIN 750 /1000
TRAIN 760 /1000
TRAIN 770 /1000
TRAIN 780 /1000
TRAIN 790 /1000
TRAIN 800 /1000
TRAIN 810 /1000
TRAIN 820 /1000
TRAIN 830 /1000
TRAIN 840 /1000
TRAIN 850 /1000
TRAIN 860 /1000
TRAIN 870 /1000
TRAIN 880 /1000
TRAIN 890 /1000
TRAIN 900 /1000
TRAIN 910 /1000
TRAIN 920 /1000
TRAIN 930 /1000
TRAIN 940 /1000
TRAIN 950 /1000
TRAIN 960 /1000
TRAIN 970 /1000
TRAIN 980 /1000
TRAIN 990 /1000
TRAIN 1000 /1000
TRAINING PASS
